11-29 00:19:00.157  3553  3574 I tch.android.ap: jiacheng MutatorWS= 12477 GcWS= 0
11-29 00:19:01.127  3553  3566 I tch.android.ap: jiacheng ConcurrentCopying::Runphases() Start NanoTime()= 396492036005 GetGcType()= GcTypePartial current_iteration->GetGcCause()= Background current_iteration->GetClearSoftReferences()= 0 force_evacuate_all_= 1 background_gen_= 1 young_gen_= 0 current_iteration->GetFreedObjects()= 0 current_iteration->GetFreedLargeObjects()= 0 current_iteration->GetFreedBytes()(MB)= 0 region_space->GetObjectsAllocated()= 448500 region_space->GetBytesAllocated()= 32 mark_num_= 0 mark_from_read_barrier_num_= 0 scan_num_= 0 copy_num_= 0 copy_from_barrier_num_= 0 push_on_mark_stack_num_= 0 read_barrier_num_= 0 copy_launch_object_num_= 0 copy_cold_object_num_= 0 depth_= 0
11-29 00:19:01.127  3553  3566 I tch.android.ap: jiacheng RegionSpace::Debug() Begin()= 0x12c00000 End()= 0x52c00000 launch_region_num= 25 working_set_region_num= 1 cold_region_num= 77 none_region_num= 0 new_region_num= 42
11-29 00:19:01.127  3553  3566 I tch.android.ap: jiacheng MallocSpace::Debug() Begin()= 0x71d59000 End()= 0x71da2000
11-29 00:19:01.127  3553  3566 I tch.android.ap: jiacheng LargeObjectSpace::Debug() Begin()= 0x75b65000 End()= 0x95b65000
11-29 00:19:01.127  3553  3566 I tch.android.ap: jiacheng force_evacuate_all_= 0
11-29 00:19:01.341  3553  3566 I tch.android.ap: jiacheng CopyingPhase() card_scan_num1= 6168
11-29 00:19:01.342  3553  3566 I tch.android.ap: jiacheng CopyingPhase() card_scan_num1= 39
11-29 00:19:01.374  3553  3566 I tch.android.ap: jiacheng CopyingPhase() card_scan_num2= 1280
11-29 00:19:01.375  3553  3566 I tch.android.ap: jiacheng CopyingPhase() card_scan_num2= 39
11-29 00:19:01.483  3553  3566 I tch.android.ap: jiacheng RegionSpace::Debug() Begin()= 0x12c00000 End()= 0x52c00000 launch_region_num= 25 working_set_region_num= 1 cold_region_num= 77 none_region_num= 1 new_region_num= 6
11-29 00:19:01.483  3553  3566 I tch.android.ap: jiacheng MallocSpace::Debug() Begin()= 0x71d59000 End()= 0x71da2000
11-29 00:19:01.483  3553  3566 I tch.android.ap: jiacheng LargeObjectSpace::Debug() Begin()= 0x75b65000 End()= 0x95b65000
11-29 00:19:01.483  3553  3566 I tch.android.ap: jiacheng ConcurrentCopying::Runphases() End NanoTime()= 396848783176 GetGcType()= GcTypePartial current_iteration->GetGcCause()= Background current_iteration->GetClearSoftReferences()= 0 force_evacuate_all_= 0 background_gen_= 1 young_gen_= 0 current_iteration->GetFreedObjects()= 107861 current_iteration->GetFreedLargeObjects()= 117 current_iteration->GetFreedBytes()(MB)= 6 region_space->GetObjectsAllocated()= 364527 region_space->GetBytesAllocated()= 25 mark_num_= 224278 mark_from_read_barrier_num_= 0 scan_num_= 28852 copy_num_= 1157 copy_from_barrier_num_= 19 push_on_mark_stack_num_= 11740 read_barrier_num_= 4233 copy_launch_object_num_= 0 copy_cold_object_num_= 0 depth_= 0
11-29 00:19:01.484  3553  3566 I tch.android.ap: jiacheng LogGC() Background concurrent copying GC freed 107861(7165KB) AllocSpace objects, 117(2344KB) LOS objects, 22% free, 27MB/35MB, paused 1.875ms total 357.979ms
11-29 00:19:03.203  3553  3574 I tch.android.ap: jiacheng MutatorWS= 12185 GcWS= 34323
11-29 00:19:06.258  3553  3574 I tch.android.ap: jiacheng MutatorWS= 12596 GcWS= 0
11-29 00:19:09.283  3553  3574 I tch.android.ap: jiacheng MutatorWS= 31572 GcWS= 0
11-29 00:19:12.329  3553  3574 I tch.android.ap: jiacheng MutatorWS= 13225 GcWS= 0
11-29 00:19:15.358  3553  3574 I tch.android.ap: jiacheng MutatorWS= 12329 GcWS= 0
11-29 00:19:18.415  3553  3574 I tch.android.ap: jiacheng MutatorWS= 11296 GcWS= 0
11-29 00:19:21.468  3553  3574 I tch.android.ap: jiacheng MutatorWS= 12982 GcWS= 0
11-29 00:19:23.357  3553  3566 I tch.android.ap: jiacheng ConcurrentCopying::Runphases() Start NanoTime()= 418721950511 GetGcType()= GcTypePartial current_iteration->GetGcCause()= Background current_iteration->GetClearSoftReferences()= 0 force_evacuate_all_= 0 background_gen_= 1 young_gen_= 0 current_iteration->GetFreedObjects()= 0 current_iteration->GetFreedLargeObjects()= 0 current_iteration->GetFreedBytes()(MB)= 0 region_space->GetObjectsAllocated()= 435893 region_space->GetBytesAllocated()= 31 mark_num_= 0 mark_from_read_barrier_num_= 0 scan_num_= 0 copy_num_= 0 copy_from_barrier_num_= 0 push_on_mark_stack_num_= 0 read_barrier_num_= 0 copy_launch_object_num_= 0 copy_cold_object_num_= 0 depth_= 0
11-29 00:19:23.357  3553  3566 I tch.android.ap: jiacheng RegionSpace::Debug() Begin()= 0x12c00000 End()= 0x52c00000 launch_region_num= 25 working_set_region_num= 1 cold_region_num= 77 none_region_num= 1 new_region_num= 34
11-29 00:19:23.357  3553  3566 I tch.android.ap: jiacheng MallocSpace::Debug() Begin()= 0x71d59000 End()= 0x71da2000
11-29 00:19:23.357  3553  3566 I tch.android.ap: jiacheng LargeObjectSpace::Debug() Begin()= 0x75b65000 End()= 0x95b65000
11-29 00:19:23.357  3553  3566 I tch.android.ap: jiacheng force_evacuate_all_= 0
11-29 00:19:23.511  3553  3566 I tch.android.ap: jiacheng CopyingPhase() card_scan_num1= 8617
11-29 00:19:23.512  3553  3566 I tch.android.ap: jiacheng CopyingPhase() card_scan_num1= 40
11-29 00:19:23.548  3553  3566 I tch.android.ap: jiacheng CopyingPhase() card_scan_num2= 1840
11-29 00:19:23.549  3553  3566 I tch.android.ap: jiacheng CopyingPhase() card_scan_num2= 40
11-29 00:19:23.653  3553  3566 I tch.android.ap: jiacheng RegionSpace::Debug() Begin()= 0x12c00000 End()= 0x52c00000 launch_region_num= 25 working_set_region_num= 1 cold_region_num= 77 none_region_num= 1 new_region_num= 4
11-29 00:19:23.653  3553  3566 I tch.android.ap: jiacheng MallocSpace::Debug() Begin()= 0x71d59000 End()= 0x71da2000
11-29 00:19:23.653  3553  3566 I tch.android.ap: jiacheng LargeObjectSpace::Debug() Begin()= 0x75b65000 End()= 0x95b65000
11-29 00:19:23.653  3553  3566 I tch.android.ap: jiacheng ConcurrentCopying::Runphases() End NanoTime()= 419018569031 GetGcType()= GcTypePartial current_iteration->GetGcCause()= Background current_iteration->GetClearSoftReferences()= 0 force_evacuate_all_= 0 background_gen_= 1 young_gen_= 0 current_iteration->GetFreedObjects()= 88186 current_iteration->GetFreedLargeObjects()= 107 current_iteration->GetFreedBytes()(MB)= 5 region_space->GetObjectsAllocated()= 364402 region_space->GetBytesAllocated()= 25 mark_num_= 222629 mark_from_read_barrier_num_= 0 scan_num_= 28986 copy_num_= 1032 copy_from_barrier_num_= 8 push_on_mark_stack_num_= 11404 read_barrier_num_= 2536 copy_launch_object_num_= 0 copy_cold_object_num_= 0 depth_= 0
11-29 00:19:23.654  3553  3566 I tch.android.ap: jiacheng LogGC() Background concurrent copying GC freed 88186(6056KB) AllocSpace objects, 107(2140KB) LOS objects, 22% free, 27MB/35MB, paused 1.602ms total 297.905ms
11-29 00:19:24.496  3553  3574 I tch.android.ap: jiacheng MutatorWS= 12812 GcWS= 34119
11-29 00:19:27.535  3553  3574 I tch.android.ap: jiacheng MutatorWS= 12703 GcWS= 0
11-29 00:19:30.559  3553  3574 I tch.android.ap: jiacheng MutatorWS= 13928 GcWS= 0
11-29 00:19:33.598  3553  3574 I tch.android.ap: jiacheng MutatorWS= 11383 GcWS= 0
11-29 00:19:36.656  3553  3574 I tch.android.ap: jiacheng MutatorWS= 12830 GcWS= 0
11-29 00:19:39.678  3553  3574 I tch.android.ap: jiacheng MutatorWS= 14495 GcWS= 0
11-29 00:19:42.703  3553  3574 I tch.android.ap: jiacheng MutatorWS= 11997 GcWS= 0
11-29 00:19:44.595  3553  3566 I tch.android.ap: jiacheng ConcurrentCopying::Runphases() Start NanoTime()= 439960216950 GetGcType()= GcTypePartial current_iteration->GetGcCause()= Background current_iteration->GetClearSoftReferences()= 0 force_evacuate_all_= 0 background_gen_= 1 young_gen_= 0 current_iteration->GetFreedObjects()= 0 current_iteration->GetFreedLargeObjects()= 0 current_iteration->GetFreedBytes()(MB)= 0 region_space->GetObjectsAllocated()= 429028 region_space->GetBytesAllocated()= 31 mark_num_= 0 mark_from_read_barrier_num_= 0 scan_num_= 0 copy_num_= 0 copy_from_barrier_num_= 0 push_on_mark_stack_num_= 0 read_barrier_num_= 0 copy_launch_object_num_= 0 copy_cold_object_num_= 0 depth_= 0
11-29 00:19:44.596  3553  3566 I tch.android.ap: jiacheng RegionSpace::Debug() Begin()= 0x12c00000 End()= 0x52c00000 launch_region_num= 25 working_set_region_num= 1 cold_region_num= 77 none_region_num= 1 new_region_num= 37
11-29 00:19:44.596  3553  3566 I tch.android.ap: jiacheng MallocSpace::Debug() Begin()= 0x71d59000 End()= 0x71da2000
11-29 00:19:44.596  3553  3566 I tch.android.ap: jiacheng LargeObjectSpace::Debug() Begin()= 0x75b65000 End()= 0x95b65000
11-29 00:19:44.596  3553  3566 I tch.android.ap: jiacheng force_evacuate_all_= 0
11-29 00:19:44.738  3553  3566 I tch.android.ap: jiacheng CopyingPhase() card_scan_num1= 10092
11-29 00:19:44.739  3553  3566 I tch.android.ap: jiacheng CopyingPhase() card_scan_num1= 41
11-29 00:19:44.776  3553  3566 I tch.android.ap: jiacheng CopyingPhase() card_scan_num2= 2411
11-29 00:19:44.777  3553  3566 I tch.android.ap: jiacheng CopyingPhase() card_scan_num2= 41
11-29 00:19:44.885  3553  3566 I tch.android.ap: jiacheng RegionSpace::Debug() Begin()= 0x12c00000 End()= 0x52c00000 launch_region_num= 25 working_set_region_num= 1 cold_region_num= 77 none_region_num= 1 new_region_num= 8
11-29 00:19:44.885  3553  3566 I tch.android.ap: jiacheng MallocSpace::Debug() Begin()= 0x71d59000 End()= 0x71da2000
11-29 00:19:44.885  3553  3566 I tch.android.ap: jiacheng LargeObjectSpace::Debug() Begin()= 0x75b65000 End()= 0x95b65000
11-29 00:19:44.885  3553  3566 I tch.android.ap: jiacheng ConcurrentCopying::Runphases() End NanoTime()= 440250236041 GetGcType()= GcTypePartial current_iteration->GetGcCause()= Background current_iteration->GetClearSoftReferences()= 0 force_evacuate_all_= 0 background_gen_= 1 young_gen_= 0 current_iteration->GetFreedObjects()= 86193 current_iteration->GetFreedLargeObjects()= 103 current_iteration->GetFreedBytes()(MB)= 5 region_space->GetObjectsAllocated()= 364414 region_space->GetBytesAllocated()= 25 mark_num_= 227288 mark_from_read_barrier_num_= 0 scan_num_= 29399 copy_num_= 1044 copy_from_barrier_num_= 19 push_on_mark_stack_num_= 12250 read_barrier_num_= 3838 copy_launch_object_num_= 0 copy_cold_object_num_= 0 depth_= 0
11-29 00:19:44.885  3553  3566 I tch.android.ap: jiacheng LogGC() Background concurrent copying GC freed 86193(6034KB) AllocSpace objects, 103(2060KB) LOS objects, 22% free, 27MB/35MB, paused 1.338ms total 291.406ms
11-29 00:19:45.744  3553  3574 I tch.android.ap: jiacheng MutatorWS= 11264 GcWS= 35103
11-29 00:19:48.816  3553  3574 I tch.android.ap: jiacheng MutatorWS= 12438 GcWS= 0
11-29 00:19:51.845  3553  3574 I tch.android.ap: jiacheng MutatorWS= 10907 GcWS= 0
11-29 00:19:54.879  3553  3574 I tch.android.ap: jiacheng MutatorWS= 11773 GcWS= 0
11-29 00:19:57.923  3553  3574 I tch.android.ap: jiacheng MutatorWS= 12777 GcWS= 0
11-29 00:20:00.931  3553  3574 I tch.android.ap: jiacheng MutatorWS= 11642 GcWS= 0
11-29 00:20:03.960  3553  3574 I tch.android.ap: jiacheng MutatorWS= 11261 GcWS= 0
11-29 00:20:06.986  3553  3574 I tch.android.ap: jiacheng MutatorWS= 13063 GcWS= 0
11-29 00:20:08.807  3553  3566 I tch.android.ap: jiacheng ConcurrentCopying::Runphases() Start NanoTime()= 464172600768 GetGcType()= GcTypePartial current_iteration->GetGcCause()= Background current_iteration->GetClearSoftReferences()= 0 force_evacuate_all_= 0 background_gen_= 1 young_gen_= 0 current_iteration->GetFreedObjects()= 0 current_iteration->GetFreedLargeObjects()= 0 current_iteration->GetFreedBytes()(MB)= 0 region_space->GetObjectsAllocated()= 437966 region_space->GetBytesAllocated()= 31 mark_num_= 0 mark_from_read_barrier_num_= 0 scan_num_= 0 copy_num_= 0 copy_from_barrier_num_= 0 push_on_mark_stack_num_= 0 read_barrier_num_= 0 copy_launch_object_num_= 0 copy_cold_object_num_= 0 depth_= 0
11-29 00:20:08.808  3553  3566 I tch.android.ap: jiacheng RegionSpace::Debug() Begin()= 0x12c00000 End()= 0x52c00000 launch_region_num= 25 working_set_region_num= 1 cold_region_num= 77 none_region_num= 1 new_region_num= 40
11-29 00:20:08.808  3553  3566 I tch.android.ap: jiacheng MallocSpace::Debug() Begin()= 0x71d59000 End()= 0x71da2000
11-29 00:20:08.808  3553  3566 I tch.android.ap: jiacheng LargeObjectSpace::Debug() Begin()= 0x75b65000 End()= 0x95b65000
11-29 00:20:08.808  3553  3566 I tch.android.ap: jiacheng force_evacuate_all_= 0
11-29 00:20:08.967  3553  3566 I tch.android.ap: jiacheng CopyingPhase() card_scan_num1= 11393
11-29 00:20:08.967  3553  3566 I tch.android.ap: jiacheng CopyingPhase() card_scan_num1= 41
11-29 00:20:09.003  3553  3566 I tch.android.ap: jiacheng CopyingPhase() card_scan_num2= 2826
11-29 00:20:09.004  3553  3566 I tch.android.ap: jiacheng CopyingPhase() card_scan_num2= 41
11-29 00:20:09.110  3553  3566 I tch.android.ap: jiacheng RegionSpace::Debug() Begin()= 0x12c00000 End()= 0x52c00000 launch_region_num= 25 working_set_region_num= 1 cold_region_num= 77 none_region_num= 1 new_region_num= 5
11-29 00:20:09.110  3553  3566 I tch.android.ap: jiacheng MallocSpace::Debug() Begin()= 0x71d59000 End()= 0x71da2000
11-29 00:20:09.110  3553  3566 I tch.android.ap: jiacheng LargeObjectSpace::Debug() Begin()= 0x75b65000 End()= 0x95b65000
11-29 00:20:09.110  3553  3566 I tch.android.ap: jiacheng ConcurrentCopying::Runphases() End NanoTime()= 464475896736 GetGcType()= GcTypePartial current_iteration->GetGcCause()= Background current_iteration->GetClearSoftReferences()= 0 force_evacuate_all_= 0 background_gen_= 1 young_gen_= 0 current_iteration->GetFreedObjects()= 91224 current_iteration->GetFreedLargeObjects()= 105 current_iteration->GetFreedBytes()(MB)= 6 region_space->GetObjectsAllocated()= 364444 region_space->GetBytesAllocated()= 25 mark_num_= 229782 mark_from_read_barrier_num_= 0 scan_num_= 30203 copy_num_= 1074 copy_from_barrier_num_= 13 push_on_mark_stack_num_= 13527 read_barrier_num_= 3590 copy_launch_object_num_= 0 copy_cold_object_num_= 0 depth_= 0
11-29 00:20:09.111  3553  3566 I tch.android.ap: jiacheng LogGC() Background concurrent copying GC freed 91224(6149KB) AllocSpace objects, 105(2100KB) LOS objects, 22% free, 27MB/35MB, paused 1.354ms total 304.469ms
11-29 00:20:10.042  3553  3574 I tch.android.ap: jiacheng MutatorWS= 10949 GcWS= 36760
11-29 00:20:13.101  3553  3574 I tch.android.ap: jiacheng MutatorWS= 16618 GcWS= 0
11-29 00:20:16.135  3553  3574 I tch.android.ap: jiacheng MutatorWS= 13534 GcWS= 0
11-29 00:20:19.158  3553  3574 I tch.android.ap: jiacheng MutatorWS= 12311 GcWS= 0
11-29 00:20:22.201  3553  3574 I tch.android.ap: jiacheng MutatorWS= 13115 GcWS= 0
11-29 00:20:25.235  3553  3574 I tch.android.ap: jiacheng MutatorWS= 9696 GcWS= 0
11-29 00:20:28.278  3553  3574 I tch.android.ap: jiacheng MutatorWS= 12501 GcWS= 0
11-29 00:20:30.436  3553  3566 I tch.android.ap: jiacheng ConcurrentCopying::Runphases() Start NanoTime()= 485800755631 GetGcType()= GcTypePartial current_iteration->GetGcCause()= Background current_iteration->GetClearSoftReferences()= 0 force_evacuate_all_= 0 background_gen_= 1 young_gen_= 0 current_iteration->GetFreedObjects()= 0 current_iteration->GetFreedLargeObjects()= 0 current_iteration->GetFreedBytes()(MB)= 0 region_space->GetObjectsAllocated()= 438298 region_space->GetBytesAllocated()= 31 mark_num_= 0 mark_from_read_barrier_num_= 0 scan_num_= 0 copy_num_= 0 copy_from_barrier_num_= 0 push_on_mark_stack_num_= 0 read_barrier_num_= 0 copy_launch_object_num_= 0 copy_cold_object_num_= 0 depth_= 0
11-29 00:20:30.436  3553  3566 I tch.android.ap: jiacheng RegionSpace::Debug() Begin()= 0x12c00000 End()= 0x52c00000 launch_region_num= 25 working_set_region_num= 1 cold_region_num= 77 none_region_num= 1 new_region_num= 32
11-29 00:20:30.436  3553  3566 I tch.android.ap: jiacheng MallocSpace::Debug() Begin()= 0x71d59000 End()= 0x71da2000
11-29 00:20:30.436  3553  3566 I tch.android.ap: jiacheng LargeObjectSpace::Debug() Begin()= 0x75b65000 End()= 0x95b65000
11-29 00:20:30.436  3553  3566 I tch.android.ap: jiacheng force_evacuate_all_= 0
11-29 00:20:30.595  3553  3566 I tch.android.ap: jiacheng CopyingPhase() card_scan_num1= 12047
11-29 00:20:30.596  3553  3566 I tch.android.ap: jiacheng CopyingPhase() card_scan_num1= 41
11-29 00:20:30.635  3553  3566 I tch.android.ap: jiacheng CopyingPhase() card_scan_num2= 3262
11-29 00:20:30.636  3553  3566 I tch.android.ap: jiacheng CopyingPhase() card_scan_num2= 41
11-29 00:20:30.746  3553  3566 I tch.android.ap: jiacheng RegionSpace::Debug() Begin()= 0x12c00000 End()= 0x52c00000 launch_region_num= 25 working_set_region_num= 1 cold_region_num= 77 none_region_num= 1 new_region_num= 8
11-29 00:20:30.746  3553  3566 I tch.android.ap: jiacheng MallocSpace::Debug() Begin()= 0x71d59000 End()= 0x71da2000
11-29 00:20:30.746  3553  3566 I tch.android.ap: jiacheng LargeObjectSpace::Debug() Begin()= 0x75b65000 End()= 0x95b65000
11-29 00:20:30.746  3553  3566 I tch.android.ap: jiacheng ConcurrentCopying::Runphases() End NanoTime()= 486111342902 GetGcType()= GcTypePartial current_iteration->GetGcCause()= Background current_iteration->GetClearSoftReferences()= 0 force_evacuate_all_= 0 background_gen_= 1 young_gen_= 0 current_iteration->GetFreedObjects()= 86692 current_iteration->GetFreedLargeObjects()= 106 current_iteration->GetFreedBytes()(MB)= 5 region_space->GetObjectsAllocated()= 364889 region_space->GetBytesAllocated()= 25 mark_num_= 231660 mark_from_read_barrier_num_= 0 scan_num_= 30728 copy_num_= 1519 copy_from_barrier_num_= 41 push_on_mark_stack_num_= 14139 read_barrier_num_= 3641 copy_launch_object_num_= 0 copy_cold_object_num_= 0 depth_= 0
11-29 00:20:30.747  3553  3566 I tch.android.ap: jiacheng LogGC() Background concurrent copying GC freed 86692(5981KB) AllocSpace objects, 106(2120KB) LOS objects, 22% free, 27MB/35MB, paused 1.658ms total 311.826ms
11-29 00:20:31.319  3553  3574 I tch.android.ap: jiacheng MutatorWS= 13676 GcWS= 37808
11-29 00:20:34.405  3553  3574 I tch.android.ap: jiacheng MutatorWS= 11403 GcWS= 0
11-29 00:20:37.451  3553  3574 I tch.android.ap: jiacheng MutatorWS= 11937 GcWS= 0
11-29 00:20:40.497  3553  3574 I tch.android.ap: jiacheng MutatorWS= 16126 GcWS= 0
11-29 00:20:43.527  3553  3574 I tch.android.ap: jiacheng MutatorWS= 10927 GcWS= 0
11-29 00:20:46.580  3553  3574 I tch.android.ap: jiacheng MutatorWS= 12587 GcWS= 0
11-29 00:20:49.607  3553  3574 I tch.android.ap: jiacheng MutatorWS= 10642 GcWS= 0
11-29 00:20:52.195  3553  3566 I tch.android.ap: jiacheng ConcurrentCopying::Runphases() Start NanoTime()= 507559815820 GetGcType()= GcTypePartial current_iteration->GetGcCause()= Background current_iteration->GetClearSoftReferences()= 0 force_evacuate_all_= 0 background_gen_= 1 young_gen_= 0 current_iteration->GetFreedObjects()= 0 current_iteration->GetFreedLargeObjects()= 0 current_iteration->GetFreedBytes()(MB)= 0 region_space->GetObjectsAllocated()= 438568 region_space->GetBytesAllocated()= 31 mark_num_= 0 mark_from_read_barrier_num_= 0 scan_num_= 0 copy_num_= 0 copy_from_barrier_num_= 0 push_on_mark_stack_num_= 0 read_barrier_num_= 0 copy_launch_object_num_= 0 copy_cold_object_num_= 0 depth_= 0
11-29 00:20:52.195  3553  3566 I tch.android.ap: jiacheng RegionSpace::Debug() Begin()= 0x12c00000 End()= 0x52c00000 launch_region_num= 25 working_set_region_num= 1 cold_region_num= 77 none_region_num= 1 new_region_num= 35
11-29 00:20:52.195  3553  3566 I tch.android.ap: jiacheng MallocSpace::Debug() Begin()= 0x71d59000 End()= 0x71da2000
11-29 00:20:52.195  3553  3566 I tch.android.ap: jiacheng LargeObjectSpace::Debug() Begin()= 0x75b65000 End()= 0x95b65000
11-29 00:20:52.196  3553  3566 I tch.android.ap: jiacheng force_evacuate_all_= 0
11-29 00:20:52.355  3553  3566 I tch.android.ap: jiacheng CopyingPhase() card_scan_num1= 12171
11-29 00:20:52.356  3553  3566 I tch.android.ap: jiacheng CopyingPhase() card_scan_num1= 41
11-29 00:20:52.392  3553  3566 I tch.android.ap: jiacheng CopyingPhase() card_scan_num2= 3698
11-29 00:20:52.393  3553  3566 I tch.android.ap: jiacheng CopyingPhase() card_scan_num2= 41
11-29 00:20:52.500  3553  3566 I tch.android.ap: jiacheng RegionSpace::Debug() Begin()= 0x12c00000 End()= 0x52c00000 launch_region_num= 25 working_set_region_num= 1 cold_region_num= 77 none_region_num= 1 new_region_num= 5
11-29 00:20:52.500  3553  3566 I tch.android.ap: jiacheng MallocSpace::Debug() Begin()= 0x71d59000 End()= 0x71da2000
11-29 00:20:52.500  3553  3566 I tch.android.ap: jiacheng LargeObjectSpace::Debug() Begin()= 0x75b65000 End()= 0x95b65000
11-29 00:20:52.500  3553  3566 I tch.android.ap: jiacheng ConcurrentCopying::Runphases() End NanoTime()= 507865464183 GetGcType()= GcTypePartial current_iteration->GetGcCause()= Background current_iteration->GetClearSoftReferences()= 0 force_evacuate_all_= 0 background_gen_= 1 young_gen_= 0 current_iteration->GetFreedObjects()= 87736 current_iteration->GetFreedLargeObjects()= 102 current_iteration->GetFreedBytes()(MB)= 5 region_space->GetObjectsAllocated()= 364574 region_space->GetBytesAllocated()= 25 mark_num_= 230202 mark_from_read_barrier_num_= 0 scan_num_= 30414 copy_num_= 1204 copy_from_barrier_num_= 28 push_on_mark_stack_num_= 13664 read_barrier_num_= 3350 copy_launch_object_num_= 0 copy_cold_object_num_= 0 depth_= 0
11-29 00:20:52.501  3553  3566 I tch.android.ap: jiacheng LogGC() Background concurrent copying GC freed 87736(6123KB) AllocSpace objects, 102(2040KB) LOS objects, 22% free, 27MB/35MB, paused 1.621ms total 306.915ms
11-29 00:20:52.656  3553  3574 I tch.android.ap: jiacheng MutatorWS= 13352 GcWS= 37122
11-29 00:20:55.730  3553  3574 I tch.android.ap: jiacheng MutatorWS= 11168 GcWS= 0
11-29 00:20:58.768  3553  3574 I tch.android.ap: jiacheng MutatorWS= 12341 GcWS= 0
11-29 00:21:01.799  3553  3574 I tch.android.ap: jiacheng MutatorWS= 11742 GcWS= 0
11-29 00:21:04.822  3553  3574 I tch.android.ap: jiacheng MutatorWS= 12033 GcWS= 0
11-29 00:21:07.851  3553  3574 I tch.android.ap: jiacheng MutatorWS= 12203 GcWS= 0
11-29 00:21:10.882  3553  3574 I tch.android.ap: jiacheng MutatorWS= 11697 GcWS= 0
11-29 00:21:13.922  3553  3574 I tch.android.ap: jiacheng MutatorWS= 11885 GcWS= 0
11-29 00:21:16.703  3553  3566 I tch.android.ap: jiacheng ConcurrentCopying::Runphases() Start NanoTime()= 532067822584 GetGcType()= GcTypePartial current_iteration->GetGcCause()= Background current_iteration->GetClearSoftReferences()= 0 force_evacuate_all_= 0 background_gen_= 1 young_gen_= 0 current_iteration->GetFreedObjects()= 0 current_iteration->GetFreedLargeObjects()= 0 current_iteration->GetFreedBytes()(MB)= 0 region_space->GetObjectsAllocated()= 442546 region_space->GetBytesAllocated()= 31 mark_num_= 0 mark_from_read_barrier_num_= 0 scan_num_= 0 copy_num_= 0 copy_from_barrier_num_= 0 push_on_mark_stack_num_= 0 read_barrier_num_= 0 copy_launch_object_num_= 0 copy_cold_object_num_= 0 depth_= 0
11-29 00:21:16.703  3553  3566 I tch.android.ap: jiacheng RegionSpace::Debug() Begin()= 0x12c00000 End()= 0x52c00000 launch_region_num= 25 working_set_region_num= 1 cold_region_num= 77 none_region_num= 1 new_region_num= 33
11-29 00:21:16.703  3553  3566 I tch.android.ap: jiacheng MallocSpace::Debug() Begin()= 0x71d59000 End()= 0x71da2000
11-29 00:21:16.703  3553  3566 I tch.android.ap: jiacheng LargeObjectSpace::Debug() Begin()= 0x75b65000 End()= 0x95b65000
11-29 00:21:16.703  3553  3566 I tch.android.ap: jiacheng force_evacuate_all_= 0
11-29 00:21:16.855  3553  3566 I tch.android.ap: jiacheng CopyingPhase() card_scan_num1= 12201
11-29 00:21:16.855  3553  3566 I tch.android.ap: jiacheng CopyingPhase() card_scan_num1= 41
11-29 00:21:16.893  3553  3566 I tch.android.ap: jiacheng CopyingPhase() card_scan_num2= 4068
11-29 00:21:16.894  3553  3566 I tch.android.ap: jiacheng CopyingPhase() card_scan_num2= 41
11-29 00:21:16.959  3553  3574 I tch.android.ap: jiacheng MutatorWS= 11563 GcWS= 34086
11-29 00:21:17.009  3553  3566 I tch.android.ap: jiacheng RegionSpace::Debug() Begin()= 0x12c00000 End()= 0x52c00000 launch_region_num= 25 working_set_region_num= 1 cold_region_num= 77 none_region_num= 1 new_region_num= 4
11-29 00:21:17.010  3553  3566 I tch.android.ap: jiacheng MallocSpace::Debug() Begin()= 0x71d59000 End()= 0x71da2000
11-29 00:21:17.010  3553  3566 I tch.android.ap: jiacheng LargeObjectSpace::Debug() Begin()= 0x75b65000 End()= 0x95b65000
11-29 00:21:17.010  3553  3566 I tch.android.ap: jiacheng ConcurrentCopying::Runphases() End NanoTime()= 532375249646 GetGcType()= GcTypePartial current_iteration->GetGcCause()= Background current_iteration->GetClearSoftReferences()= 0 force_evacuate_all_= 0 background_gen_= 1 young_gen_= 0 current_iteration->GetFreedObjects()= 91973 current_iteration->GetFreedLargeObjects()= 102 current_iteration->GetFreedBytes()(MB)= 6 region_space->GetObjectsAllocated()= 364587 region_space->GetBytesAllocated()= 25 mark_num_= 229950 mark_from_read_barrier_num_= 0 scan_num_= 30488 copy_num_= 1217 copy_from_barrier_num_= 26 push_on_mark_stack_num_= 13765 read_barrier_num_= 3267 copy_launch_object_num_= 0 copy_cold_object_num_= 0 depth_= 0
11-29 00:21:17.010  3553  3566 I tch.android.ap: jiacheng LogGC() Background concurrent copying GC freed 91973(6257KB) AllocSpace objects, 102(2040KB) LOS objects, 22% free, 27MB/35MB, paused 1.521ms total 308.549ms
11-29 00:21:19.983  3553  3574 I tch.android.ap: jiacheng MutatorWS= 11875 GcWS= 6385
11-29 00:21:23.027  3553  3574 I tch.android.ap: jiacheng MutatorWS= 11858 GcWS= 0
11-29 00:21:26.089  3553  3574 I tch.android.ap: jiacheng MutatorWS= 11250 GcWS= 0
11-29 00:21:29.128  3553  3574 I tch.android.ap: jiacheng MutatorWS= 14242 GcWS= 0
11-29 00:21:32.160  3553  3574 I tch.android.ap: jiacheng MutatorWS= 10876 GcWS= 0
11-29 00:21:35.183  3553  3574 I tch.android.ap: jiacheng MutatorWS= 12349 GcWS= 0
11-29 00:21:38.217  3553  3574 I tch.android.ap: jiacheng MutatorWS= 10359 GcWS= 0
11-29 00:21:39.808  3553  3566 I tch.android.ap: jiacheng ConcurrentCopying::Runphases() Start NanoTime()= 555173171448 GetGcType()= GcTypePartial current_iteration->GetGcCause()= Background current_iteration->GetClearSoftReferences()= 0 force_evacuate_all_= 0 background_gen_= 1 young_gen_= 0 current_iteration->GetFreedObjects()= 0 current_iteration->GetFreedLargeObjects()= 0 current_iteration->GetFreedBytes()(MB)= 0 region_space->GetObjectsAllocated()= 437059 region_space->GetBytesAllocated()= 31 mark_num_= 0 mark_from_read_barrier_num_= 0 scan_num_= 0 copy_num_= 0 copy_from_barrier_num_= 0 push_on_mark_stack_num_= 0 read_barrier_num_= 0 copy_launch_object_num_= 0 copy_cold_object_num_= 0 depth_= 0
11-29 00:21:39.809  3553  3566 I tch.android.ap: jiacheng RegionSpace::Debug() Begin()= 0x12c00000 End()= 0x52c00000 launch_region_num= 25 working_set_region_num= 1 cold_region_num= 77 none_region_num= 1 new_region_num= 34
11-29 00:21:39.809  3553  3566 I tch.android.ap: jiacheng MallocSpace::Debug() Begin()= 0x71d59000 End()= 0x71da2000
11-29 00:21:39.809  3553  3566 I tch.android.ap: jiacheng LargeObjectSpace::Debug() Begin()= 0x75b65000 End()= 0x95b65000
11-29 00:21:39.809  3553  3566 I tch.android.ap: jiacheng force_evacuate_all_= 0
11-29 00:21:39.970  3553  3566 I tch.android.ap: jiacheng CopyingPhase() card_scan_num1= 12342
11-29 00:21:39.971  3553  3566 I tch.android.ap: jiacheng CopyingPhase() card_scan_num1= 41
11-29 00:21:40.012  3553  3566 I tch.android.ap: jiacheng CopyingPhase() card_scan_num2= 4427
11-29 00:21:40.013  3553  3566 I tch.android.ap: jiacheng CopyingPhase() card_scan_num2= 41
11-29 00:21:40.122  3553  3566 I tch.android.ap: jiacheng RegionSpace::Debug() Begin()= 0x12c00000 End()= 0x52c00000 launch_region_num= 25 working_set_region_num= 1 cold_region_num= 77 none_region_num= 1 new_region_num= 6
11-29 00:21:40.123  3553  3566 I tch.android.ap: jiacheng MallocSpace::Debug() Begin()= 0x71d59000 End()= 0x71da2000
11-29 00:21:40.123  3553  3566 I tch.android.ap: jiacheng LargeObjectSpace::Debug() Begin()= 0x75b65000 End()= 0x95b65000
11-29 00:21:40.123  3553  3566 I tch.android.ap: jiacheng ConcurrentCopying::Runphases() End NanoTime()= 555488180646 GetGcType()= GcTypePartial current_iteration->GetGcCause()= Background current_iteration->GetClearSoftReferences()= 0 force_evacuate_all_= 0 background_gen_= 1 young_gen_= 0 current_iteration->GetFreedObjects()= 89642 current_iteration->GetFreedLargeObjects()= 97 current_iteration->GetFreedBytes()(MB)= 5 region_space->GetObjectsAllocated()= 364544 region_space->GetBytesAllocated()= 25 mark_num_= 230370 mark_from_read_barrier_num_= 0 scan_num_= 30443 copy_num_= 1174 copy_from_barrier_num_= 35 push_on_mark_stack_num_= 13761 read_barrier_num_= 3415 copy_launch_object_num_= 0 copy_cold_object_num_= 0 depth_= 0
11-29 00:21:40.123  3553  3566 I tch.android.ap: jiacheng LogGC() Background concurrent copying GC freed 89642(6101KB) AllocSpace objects, 97(1940KB) LOS objects, 22% free, 27MB/35MB, paused 1.573ms total 316.213ms
11-29 00:21:41.248  3553  3574 I tch.android.ap: jiacheng MutatorWS= 14728 GcWS= 37172
11-29 00:21:44.308  3553  3574 I tch.android.ap: jiacheng MutatorWS= 13206 GcWS= 0
11-29 00:21:47.339  3553  3574 I tch.android.ap: jiacheng MutatorWS= 10420 GcWS= 0
11-29 00:21:50.374  3553  3574 I tch.android.ap: jiacheng MutatorWS= 12682 GcWS= 0
11-29 00:21:53.399  3553  3574 I tch.android.ap: jiacheng MutatorWS= 10314 GcWS= 0
11-29 00:21:56.422  3553  3574 I tch.android.ap: jiacheng MutatorWS= 12626 GcWS= 0
11-29 00:21:59.447  3553  3574 I tch.android.ap: jiacheng MutatorWS= 29534 GcWS= 0
11-29 00:22:02.481  3553  3574 I tch.android.ap: jiacheng MutatorWS= 12581 GcWS= 0
11-29 00:22:04.593  3553  3566 I tch.android.ap: jiacheng ConcurrentCopying::Runphases() Start NanoTime()= 579958162459 GetGcType()= GcTypePartial current_iteration->GetGcCause()= Background current_iteration->GetClearSoftReferences()= 0 force_evacuate_all_= 0 background_gen_= 1 young_gen_= 0 current_iteration->GetFreedObjects()= 0 current_iteration->GetFreedLargeObjects()= 0 current_iteration->GetFreedBytes()(MB)= 0 region_space->GetObjectsAllocated()= 445142 region_space->GetBytesAllocated()= 31 mark_num_= 0 mark_from_read_barrier_num_= 0 scan_num_= 0 copy_num_= 0 copy_from_barrier_num_= 0 push_on_mark_stack_num_= 0 read_barrier_num_= 0 copy_launch_object_num_= 0 copy_cold_object_num_= 0 depth_= 0
11-29 00:22:04.593  3553  3566 I tch.android.ap: jiacheng RegionSpace::Debug() Begin()= 0x12c00000 End()= 0x52c00000 launch_region_num= 25 working_set_region_num= 1 cold_region_num= 77 none_region_num= 1 new_region_num= 33
11-29 00:22:04.593  3553  3566 I tch.android.ap: jiacheng MallocSpace::Debug() Begin()= 0x71d59000 End()= 0x71da2000
11-29 00:22:04.593  3553  3566 I tch.android.ap: jiacheng LargeObjectSpace::Debug() Begin()= 0x75b65000 End()= 0x95b65000
11-29 00:22:04.594  3553  3566 I tch.android.ap: jiacheng force_evacuate_all_= 0
11-29 00:22:04.752  3553  3566 I tch.android.ap: jiacheng CopyingPhase() card_scan_num1= 12359
11-29 00:22:04.752  3553  3566 I tch.android.ap: jiacheng CopyingPhase() card_scan_num1= 41
11-29 00:22:04.791  3553  3566 I tch.android.ap: jiacheng CopyingPhase() card_scan_num2= 4730
11-29 00:22:04.792  3553  3566 I tch.android.ap: jiacheng CopyingPhase() card_scan_num2= 41
11-29 00:22:04.896  3553  3566 I tch.android.ap: jiacheng RegionSpace::Debug() Begin()= 0x12c00000 End()= 0x52c00000 launch_region_num= 25 working_set_region_num= 1 cold_region_num= 77 none_region_num= 1 new_region_num= 4
11-29 00:22:04.897  3553  3566 I tch.android.ap: jiacheng MallocSpace::Debug() Begin()= 0x71d59000 End()= 0x71da2000
11-29 00:22:04.897  3553  3566 I tch.android.ap: jiacheng LargeObjectSpace::Debug() Begin()= 0x75b65000 End()= 0x95b65000
11-29 00:22:04.897  3553  3566 I tch.android.ap: jiacheng ConcurrentCopying::Runphases() End NanoTime()= 580262208895 GetGcType()= GcTypePartial current_iteration->GetGcCause()= Background current_iteration->GetClearSoftReferences()= 0 force_evacuate_all_= 0 background_gen_= 1 young_gen_= 0 current_iteration->GetFreedObjects()= 92155 current_iteration->GetFreedLargeObjects()= 100 current_iteration->GetFreedBytes()(MB)= 6 region_space->GetObjectsAllocated()= 364566 region_space->GetBytesAllocated()= 25 mark_num_= 230223 mark_from_read_barrier_num_= 0 scan_num_= 30467 copy_num_= 1196 copy_from_barrier_num_= 29 push_on_mark_stack_num_= 13745 read_barrier_num_= 3410 copy_launch_object_num_= 0 copy_cold_object_num_= 0 depth_= 0
11-29 00:22:04.897  3553  3566 I tch.android.ap: jiacheng LogGC() Background concurrent copying GC freed 92155(6170KB) AllocSpace objects, 100(2000KB) LOS objects, 22% free, 27MB/35MB, paused 1.600ms total 305.305ms
11-29 00:22:05.523  3553  3574 I tch.android.ap: jiacheng MutatorWS= 11697 GcWS= 37210
11-29 00:22:08.572  3553  3574 I tch.android.ap: jiacheng MutatorWS= 11577 GcWS= 0
11-29 00:22:11.628  3553  3574 I tch.android.ap: jiacheng MutatorWS= 12469 GcWS= 0
11-29 00:22:14.656  3553  3574 I tch.android.ap: jiacheng MutatorWS= 11091 GcWS= 0
11-29 00:22:17.680  3553  3574 I tch.android.ap: jiacheng MutatorWS= 11976 GcWS= 0
11-29 00:22:20.702  3553  3574 I tch.android.ap: jiacheng MutatorWS= 10968 GcWS= 0
11-29 00:22:23.728  3553  3574 I tch.android.ap: jiacheng MutatorWS= 12358 GcWS= 0
11-29 00:22:26.760  3553  3574 I tch.android.ap: jiacheng MutatorWS= 11734 GcWS= 0
11-29 00:22:28.485  3553  3566 I tch.android.ap: jiacheng ConcurrentCopying::Runphases() Start NanoTime()= 603850444058 GetGcType()= GcTypePartial current_iteration->GetGcCause()= Background current_iteration->GetClearSoftReferences()= 0 force_evacuate_all_= 0 background_gen_= 1 young_gen_= 0 current_iteration->GetFreedObjects()= 0 current_iteration->GetFreedLargeObjects()= 0 current_iteration->GetFreedBytes()(MB)= 0 region_space->GetObjectsAllocated()= 436021 region_space->GetBytesAllocated()= 31 mark_num_= 0 mark_from_read_barrier_num_= 0 scan_num_= 0 copy_num_= 0 copy_from_barrier_num_= 0 push_on_mark_stack_num_= 0 read_barrier_num_= 0 copy_launch_object_num_= 0 copy_cold_object_num_= 0 depth_= 0
11-29 00:22:28.486  3553  3566 I tch.android.ap: jiacheng RegionSpace::Debug() Begin()= 0x12c00000 End()= 0x52c00000 launch_region_num= 25 working_set_region_num= 1 cold_region_num= 77 none_region_num= 1 new_region_num= 34
11-29 00:22:28.486  3553  3566 I tch.android.ap: jiacheng MallocSpace::Debug() Begin()= 0x71d59000 End()= 0x71da2000
11-29 00:22:28.486  3553  3566 I tch.android.ap: jiacheng LargeObjectSpace::Debug() Begin()= 0x75b65000 End()= 0x95b65000
11-29 00:22:28.486  3553  3566 I tch.android.ap: jiacheng force_evacuate_all_= 0
11-29 00:22:28.642  3553  3566 I tch.android.ap: jiacheng CopyingPhase() card_scan_num1= 12415
11-29 00:22:28.642  3553  3566 I tch.android.ap: jiacheng CopyingPhase() card_scan_num1= 41
11-29 00:22:28.676  3553  3566 I tch.android.ap: jiacheng CopyingPhase() card_scan_num2= 4982
11-29 00:22:28.677  3553  3566 I tch.android.ap: jiacheng CopyingPhase() card_scan_num2= 41
11-29 00:22:28.792  3553  3566 I tch.android.ap: jiacheng RegionSpace::Debug() Begin()= 0x12c00000 End()= 0x52c00000 launch_region_num= 25 working_set_region_num= 1 cold_region_num= 77 none_region_num= 1 new_region_num= 7
11-29 00:22:28.792  3553  3566 I tch.android.ap: jiacheng MallocSpace::Debug() Begin()= 0x71d59000 End()= 0x71da2000
11-29 00:22:28.792  3553  3566 I tch.android.ap: jiacheng LargeObjectSpace::Debug() Begin()= 0x75b65000 End()= 0x95b65000
11-29 00:22:28.792  3553  3566 I tch.android.ap: jiacheng ConcurrentCopying::Runphases() End NanoTime()= 604157398047 GetGcType()= GcTypePartial current_iteration->GetGcCause()= Background current_iteration->GetClearSoftReferences()= 0 force_evacuate_all_= 0 background_gen_= 1 young_gen_= 0 current_iteration->GetFreedObjects()= 90643 current_iteration->GetFreedLargeObjects()= 100 current_iteration->GetFreedBytes()(MB)= 5 region_space->GetObjectsAllocated()= 364639 region_space->GetBytesAllocated()= 25 mark_num_= 231018 mark_from_read_barrier_num_= 0 scan_num_= 30643 copy_num_= 1269 copy_from_barrier_num_= 27 push_on_mark_stack_num_= 13853 read_barrier_num_= 3730 copy_launch_object_num_= 0 copy_cold_object_num_= 0 depth_= 0
11-29 00:22:28.793  3553  3566 I tch.android.ap: jiacheng LogGC() Background concurrent copying GC freed 90643(6126KB) AllocSpace objects, 100(2000KB) LOS objects, 22% free, 27MB/35MB, paused 1.393ms total 308.175ms
11-29 00:22:29.798  3553  3574 I tch.android.ap: jiacheng MutatorWS= 12458 GcWS= 37483
11-29 00:22:32.853  3553  3574 I tch.android.ap: jiacheng MutatorWS= 12603 GcWS= 0
11-29 00:22:35.880  3553  3574 I tch.android.ap: jiacheng MutatorWS= 10853 GcWS= 0
11-29 00:22:38.903  3553  3574 I tch.android.ap: jiacheng MutatorWS= 12106 GcWS= 0
11-29 00:22:41.928  3553  3574 I tch.android.ap: jiacheng MutatorWS= 21086 GcWS= 0
11-29 00:22:44.961  3553  3574 I tch.android.ap: jiacheng MutatorWS= 12351 GcWS= 0
11-29 00:22:48.001  3553  3574 I tch.android.ap: jiacheng MutatorWS= 11619 GcWS= 0
11-29 00:22:49.982  3553  3566 I tch.android.ap: jiacheng ConcurrentCopying::Runphases() Start NanoTime()= 625346557501 GetGcType()= GcTypePartial current_iteration->GetGcCause()= Background current_iteration->GetClearSoftReferences()= 0 force_evacuate_all_= 0 background_gen_= 1 young_gen_= 0 current_iteration->GetFreedObjects()= 0 current_iteration->GetFreedLargeObjects()= 0 current_iteration->GetFreedBytes()(MB)= 0 region_space->GetObjectsAllocated()= 428740 region_space->GetBytesAllocated()= 31 mark_num_= 0 mark_from_read_barrier_num_= 0 scan_num_= 0 copy_num_= 0 copy_from_barrier_num_= 0 push_on_mark_stack_num_= 0 read_barrier_num_= 0 copy_launch_object_num_= 0 copy_cold_object_num_= 0 depth_= 0
11-29 00:22:49.982  3553  3566 I tch.android.ap: jiacheng RegionSpace::Debug() Begin()= 0x12c00000 End()= 0x52c00000 launch_region_num= 25 working_set_region_num= 1 cold_region_num= 77 none_region_num= 1 new_region_num= 34
11-29 00:22:49.982  3553  3566 I tch.android.ap: jiacheng MallocSpace::Debug() Begin()= 0x71d59000 End()= 0x71da2000
11-29 00:22:49.982  3553  3566 I tch.android.ap: jiacheng LargeObjectSpace::Debug() Begin()= 0x75b65000 End()= 0x95b65000
11-29 00:22:49.982  3553  3566 I tch.android.ap: jiacheng force_evacuate_all_= 0
11-29 00:22:50.129  3553  3566 I tch.android.ap: jiacheng CopyingPhase() card_scan_num1= 12457
11-29 00:22:50.129  3553  3566 I tch.android.ap: jiacheng CopyingPhase() card_scan_num1= 44
11-29 00:22:50.166  3553  3566 I tch.android.ap: jiacheng CopyingPhase() card_scan_num2= 5310
11-29 00:22:50.167  3553  3566 I tch.android.ap: jiacheng CopyingPhase() card_scan_num2= 44
11-29 00:22:50.291  3553  3566 I tch.android.ap: jiacheng RegionSpace::Debug() Begin()= 0x12c00000 End()= 0x52c00000 launch_region_num= 25 working_set_region_num= 1 cold_region_num= 77 none_region_num= 1 new_region_num= 8
11-29 00:22:50.291  3553  3566 I tch.android.ap: jiacheng MallocSpace::Debug() Begin()= 0x71d59000 End()= 0x71da2000
11-29 00:22:50.291  3553  3566 I tch.android.ap: jiacheng LargeObjectSpace::Debug() Begin()= 0x75b65000 End()= 0x95b65000
11-29 00:22:50.291  3553  3566 I tch.android.ap: jiacheng ConcurrentCopying::Runphases() End NanoTime()= 625656387220 GetGcType()= GcTypePartial current_iteration->GetGcCause()= Background current_iteration->GetClearSoftReferences()= 0 force_evacuate_all_= 0 background_gen_= 1 young_gen_= 0 current_iteration->GetFreedObjects()= 88338 current_iteration->GetFreedLargeObjects()= 96 current_iteration->GetFreedBytes()(MB)= 5 region_space->GetObjectsAllocated()= 364921 region_space->GetBytesAllocated()= 25 mark_num_= 239116 mark_from_read_barrier_num_= 0 scan_num_= 31249 copy_num_= 1551 copy_from_barrier_num_= 34 push_on_mark_stack_num_= 15491 read_barrier_num_= 9868 copy_launch_object_num_= 0 copy_cold_object_num_= 0 depth_= 0
11-29 00:22:50.292  3553  3566 I tch.android.ap: jiacheng LogGC() Background concurrent copying GC freed 88338(5974KB) AllocSpace objects, 96(2112KB) LOS objects, 22% free, 27MB/35MB, paused 1.213ms total 311.140ms
11-29 00:22:51.051  3553  3574 I tch.android.ap: jiacheng MutatorWS= 14584 GcWS= 39639
11-29 00:22:54.138  3553  3574 I tch.android.ap: jiacheng MutatorWS= 12072 GcWS= 0
11-29 00:22:57.166  3553  3574 I tch.android.ap: jiacheng MutatorWS= 11871 GcWS= 0
11-29 00:23:00.204  3553  3574 I tch.android.ap: jiacheng MutatorWS= 12683 GcWS= 0
11-29 00:23:03.240  3553  3574 I tch.android.ap: jiacheng MutatorWS= 12357 GcWS= 0
11-29 00:23:06.261  3553  3574 I tch.android.ap: jiacheng MutatorWS= 12578 GcWS= 0
11-29 00:23:09.282  3553  3574 I tch.android.ap: jiacheng MutatorWS= 11111 GcWS= 0
11-29 00:23:12.313  3553  3574 I tch.android.ap: jiacheng MutatorWS= 12311 GcWS= 0
11-29 00:23:12.945  3553  3566 I tch.android.ap: jiacheng ConcurrentCopying::Runphases() Start NanoTime()= 648309747341 GetGcType()= GcTypePartial current_iteration->GetGcCause()= Background current_iteration->GetClearSoftReferences()= 0 force_evacuate_all_= 0 background_gen_= 1 young_gen_= 0 current_iteration->GetFreedObjects()= 0 current_iteration->GetFreedLargeObjects()= 0 current_iteration->GetFreedBytes()(MB)= 0 region_space->GetObjectsAllocated()= 438702 region_space->GetBytesAllocated()= 31 mark_num_= 0 mark_from_read_barrier_num_= 0 scan_num_= 0 copy_num_= 0 copy_from_barrier_num_= 0 push_on_mark_stack_num_= 0 read_barrier_num_= 0 copy_launch_object_num_= 0 copy_cold_object_num_= 0 depth_= 0
11-29 00:23:12.945  3553  3566 I tch.android.ap: jiacheng RegionSpace::Debug() Begin()= 0x12c00000 End()= 0x52c00000 launch_region_num= 25 working_set_region_num= 1 cold_region_num= 77 none_region_num= 1 new_region_num= 34
11-29 00:23:12.945  3553  3566 I tch.android.ap: jiacheng MallocSpace::Debug() Begin()= 0x71d59000 End()= 0x71da2000
11-29 00:23:12.945  3553  3566 I tch.android.ap: jiacheng LargeObjectSpace::Debug() Begin()= 0x75b65000 End()= 0x95b65000
11-29 00:23:12.945  3553  3566 I tch.android.ap: jiacheng force_evacuate_all_= 0
11-29 00:23:13.096  3553  3566 I tch.android.ap: jiacheng CopyingPhase() card_scan_num1= 12467
11-29 00:23:13.097  3553  3566 I tch.android.ap: jiacheng CopyingPhase() card_scan_num1= 44
11-29 00:23:13.136  3553  3566 I tch.android.ap: jiacheng CopyingPhase() card_scan_num2= 5551
11-29 00:23:13.137  3553  3566 I tch.android.ap: jiacheng CopyingPhase() card_scan_num2= 44
11-29 00:23:13.249  3553  3566 I tch.android.ap: jiacheng RegionSpace::Debug() Begin()= 0x12c00000 End()= 0x52c00000 launch_region_num= 25 working_set_region_num= 1 cold_region_num= 77 none_region_num= 1 new_region_num= 5
11-29 00:23:13.249  3553  3566 I tch.android.ap: jiacheng MallocSpace::Debug() Begin()= 0x71d59000 End()= 0x71da2000
11-29 00:23:13.249  3553  3566 I tch.android.ap: jiacheng LargeObjectSpace::Debug() Begin()= 0x75b65000 End()= 0x95b65000
11-29 00:23:13.250  3553  3566 I tch.android.ap: jiacheng ConcurrentCopying::Runphases() End NanoTime()= 648615089090 GetGcType()= GcTypePartial current_iteration->GetGcCause()= Background current_iteration->GetClearSoftReferences()= 0 force_evacuate_all_= 0 background_gen_= 1 young_gen_= 0 current_iteration->GetFreedObjects()= 89562 current_iteration->GetFreedLargeObjects()= 104 current_iteration->GetFreedBytes()(MB)= 5 region_space->GetObjectsAllocated()= 364703 region_space->GetBytesAllocated()= 25 mark_num_= 236512 mark_from_read_barrier_num_= 0 scan_num_= 31101 copy_num_= 1333 copy_from_barrier_num_= 28 push_on_mark_stack_num_= 14307 read_barrier_num_= 7778 copy_launch_object_num_= 0 copy_cold_object_num_= 0 depth_= 0
11-29 00:23:13.250  3553  3566 I tch.android.ap: jiacheng LogGC() Background concurrent copying GC freed 89562(6093KB) AllocSpace objects, 104(2080KB) LOS objects, 22% free, 27MB/35MB, paused 1.536ms total 306.561ms
11-29 00:23:15.359  3553  3574 I tch.android.ap: jiacheng MutatorWS= 14741 GcWS= 39200
11-29 00:23:18.402  3553  3574 I tch.android.ap: jiacheng MutatorWS= 12181 GcWS= 0
11-29 00:23:21.452  3553  3574 I tch.android.ap: jiacheng MutatorWS= 12579 GcWS= 0
11-29 00:23:24.516  3553  3574 I tch.android.ap: jiacheng MutatorWS= 11026 GcWS= 0
11-29 00:23:24.841  3553  7455 I tch.android.ap: jiacheng Heap::BackToFore() Start
11-29 00:23:25.358  3553  3566 I tch.android.ap: jiacheng ConcurrentCopying::Runphases() Start NanoTime()= 660723902796 GetGcType()= GcTypePartial current_iteration->GetGcCause()= Background current_iteration->GetClearSoftReferences()= 0 force_evacuate_all_= 0 background_gen_= 1 young_gen_= 0 current_iteration->GetFreedObjects()= 0 current_iteration->GetFreedLargeObjects()= 0 current_iteration->GetFreedBytes()(MB)= 0 region_space->GetObjectsAllocated()= 427356 region_space->GetBytesAllocated()= 31 mark_num_= 0 mark_from_read_barrier_num_= 0 scan_num_= 0 copy_num_= 0 copy_from_barrier_num_= 0 push_on_mark_stack_num_= 0 read_barrier_num_= 0 copy_launch_object_num_= 0 copy_cold_object_num_= 0 depth_= 0
11-29 00:23:25.358  3553  3566 I tch.android.ap: jiacheng RegionSpace::Debug() Begin()= 0x12c00000 End()= 0x52c00000 launch_region_num= 25 working_set_region_num= 1 cold_region_num= 77 none_region_num= 1 new_region_num= 58
11-29 00:23:25.359  3553  3566 I tch.android.ap: jiacheng MallocSpace::Debug() Begin()= 0x71d59000 End()= 0x71da2000
11-29 00:23:25.359  3553  3566 I tch.android.ap: jiacheng LargeObjectSpace::Debug() Begin()= 0x75b65000 End()= 0x95b65000
11-29 00:23:25.359  3553  3566 I tch.android.ap: jiacheng force_evacuate_all_= 0
11-29 00:23:25.438  3553  3566 I tch.android.ap: jiacheng CopyingPhase() card_scan_num1= 14884
11-29 00:23:25.439  3553  3566 I tch.android.ap: jiacheng CopyingPhase() card_scan_num1= 67
11-29 00:23:25.455  3553  3566 I tch.android.ap: jiacheng CopyingPhase() card_scan_num2= 7071
11-29 00:23:25.455  3553  3566 I tch.android.ap: jiacheng CopyingPhase() card_scan_num2= 69
11-29 00:23:25.533  3553  3566 I tch.android.ap: jiacheng RegionSpace::Debug() Begin()= 0x12c00000 End()= 0x52c00000 launch_region_num= 25 working_set_region_num= 1 cold_region_num= 77 none_region_num= 3 new_region_num= 27
11-29 00:23:25.533  3553  3566 I tch.android.ap: jiacheng MallocSpace::Debug() Begin()= 0x71d59000 End()= 0x71da2000
11-29 00:23:25.533  3553  3566 I tch.android.ap: jiacheng LargeObjectSpace::Debug() Begin()= 0x75b65000 End()= 0x95b65000
11-29 00:23:25.533  3553  3566 I tch.android.ap: jiacheng ConcurrentCopying::Runphases() End NanoTime()= 660898147085 GetGcType()= GcTypePartial current_iteration->GetGcCause()= Background current_iteration->GetClearSoftReferences()= 0 force_evacuate_all_= 0 background_gen_= 1 young_gen_= 0 current_iteration->GetFreedObjects()= 79481 current_iteration->GetFreedLargeObjects()= 67 current_iteration->GetFreedBytes()(MB)= 6 region_space->GetObjectsAllocated()= 401531 region_space->GetBytesAllocated()= 29 mark_num_= 349080 mark_from_read_barrier_num_= 0 scan_num_= 47708 copy_num_= 7710 copy_from_barrier_num_= 2304 push_on_mark_stack_num_= 41950 read_barrier_num_= 48507 copy_launch_object_num_= 0 copy_cold_object_num_= 0 depth_= 0
11-29 00:23:25.533  3553  3566 I tch.android.ap: jiacheng LogGC() Background concurrent copying GC freed 79481(6519KB) AllocSpace objects, 67(1532KB) LOS objects, 43% free, 31MB/55MB, paused 3.297ms total 174.594ms
11-29 00:23:26.159  3553  3566 I tch.android.ap: jiacheng ConcurrentCopying::Runphases() Start NanoTime()= 661524529334 GetGcType()= GcTypePartial current_iteration->GetGcCause()= Background current_iteration->GetClearSoftReferences()= 0 force_evacuate_all_= 0 background_gen_= 1 young_gen_= 0 current_iteration->GetFreedObjects()= 0 current_iteration->GetFreedLargeObjects()= 0 current_iteration->GetFreedBytes()(MB)= 0 region_space->GetObjectsAllocated()= 605773 region_space->GetBytesAllocated()= 51 mark_num_= 0 mark_from_read_barrier_num_= 0 scan_num_= 0 copy_num_= 0 copy_from_barrier_num_= 0 push_on_mark_stack_num_= 0 read_barrier_num_= 0 copy_launch_object_num_= 0 copy_cold_object_num_= 0 depth_= 0
11-29 00:23:26.159  3553  3566 I tch.android.ap: jiacheng RegionSpace::Debug() Begin()= 0x12c00000 End()= 0x52c00000 launch_region_num= 25 working_set_region_num= 1 cold_region_num= 77 none_region_num= 3 new_region_num= 140
11-29 00:23:26.159  3553  3566 I tch.android.ap: jiacheng MallocSpace::Debug() Begin()= 0x71d59000 End()= 0x71da2000
11-29 00:23:26.159  3553  3566 I tch.android.ap: jiacheng LargeObjectSpace::Debug() Begin()= 0x75b65000 End()= 0x95b65000
11-29 00:23:26.159  3553  3566 I tch.android.ap: jiacheng force_evacuate_all_= 0
11-29 00:23:26.248  3553  3566 I tch.android.ap: jiacheng CopyingPhase() card_scan_num1= 26588
11-29 00:23:26.248  3553  3566 I tch.android.ap: jiacheng CopyingPhase() card_scan_num1= 73
11-29 00:23:26.266  3553  3566 I tch.android.ap: jiacheng CopyingPhase() card_scan_num2= 11244
11-29 00:23:26.266  3553  3566 I tch.android.ap: jiacheng CopyingPhase() card_scan_num2= 73
11-29 00:23:26.367  3553  3566 I tch.android.ap: jiacheng RegionSpace::Debug() Begin()= 0x12c00000 End()= 0x52c00000 launch_region_num= 25 working_set_region_num= 1 cold_region_num= 77 none_region_num= 4 new_region_num= 25
11-29 00:23:26.367  3553  3566 I tch.android.ap: jiacheng MallocSpace::Debug() Begin()= 0x71d59000 End()= 0x71da2000
11-29 00:23:26.367  3553  3566 I tch.android.ap: jiacheng LargeObjectSpace::Debug() Begin()= 0x75b65000 End()= 0x95b65000
11-29 00:23:26.367  3553  3566 I tch.android.ap: jiacheng ConcurrentCopying::Runphases() End NanoTime()= 661732579564 GetGcType()= GcTypePartial current_iteration->GetGcCause()= Background current_iteration->GetClearSoftReferences()= 0 force_evacuate_all_= 0 background_gen_= 1 young_gen_= 0 current_iteration->GetFreedObjects()= 261446 current_iteration->GetFreedLargeObjects()= 21 current_iteration->GetFreedBytes()(MB)= 25 region_space->GetObjectsAllocated()= 391186 region_space->GetBytesAllocated()= 27 mark_num_= 384784 mark_from_read_barrier_num_= 0 scan_num_= 58011 copy_num_= 10268 copy_from_barrier_num_= 451 push_on_mark_stack_num_= 54265 read_barrier_num_= 36227 copy_launch_object_num_= 0 copy_cold_object_num_= 0 depth_= 0
11-29 00:23:26.367  3553  3566 I tch.android.ap: jiacheng LogGC() Background concurrent copying GC freed 261446(25MB) AllocSpace objects, 21(1044KB) LOS objects, 44% free, 30MB/54MB, paused 473us total 208.398ms
