11-29 01:35:48.986  3631  3644 I tch.android.ap: jiacheng RegionSpace::Debug() Begin()= 0x12c00000 End()= 0x52c00000 launch_region_num= 0 working_set_region_num= 0 cold_region_num= 0 none_region_num= 82 new_region_num= 134
11-29 01:35:48.986  3631  3644 I tch.android.ap: jiacheng MallocSpace::Debug() Begin()= 0x7226b000 End()= 0x722b5000
11-29 01:35:48.986  3631  3644 I tch.android.ap: jiacheng LargeObjectSpace::Debug() Begin()= 0x76077000 End()= 0x96077000
11-29 01:35:48.986  3631  3644 I tch.android.ap: jiacheng force_evacuate_all_= 0
11-29 01:35:48.986  3631  3644 I tch.android.ap: jiacheng ConcurrentCopying::MarkingPhase() GetPerceptibleFlag()= 1
11-29 01:35:49.611  3631  3644 I tch.android.ap: jiacheng CopyingPhase() card_scan_num1= 8363
11-29 01:35:49.908  3631  3644 I tch.android.ap: jiacheng CopyingPhase() card_scan_num1= 17
11-29 01:35:50.425  3631  3644 I tch.android.ap: jiacheng RegionSpace::Debug() Begin()= 0x12c00000 End()= 0x52c00000 launch_region_num= 0 working_set_region_num= 0 cold_region_num= 0 none_region_num= 85 new_region_num= 43
11-29 01:35:50.425  3631  3644 I tch.android.ap: jiacheng MallocSpace::Debug() Begin()= 0x7226b000 End()= 0x722b5000
11-29 01:35:50.425  3631  3644 I tch.android.ap: jiacheng LargeObjectSpace::Debug() Begin()= 0x76077000 End()= 0x96077000
11-29 01:35:50.425  3631  3644 I tch.android.ap: jiacheng ConcurrentCopying::Runphases() End NanoTime()= 292811608333 GetGcType()= GcTypePartial current_iteration->GetGcCause()= Background current_iteration->GetClearSoftReferences()= 0 force_evacuate_all_= 0 background_gen_= 0 young_gen_= 0 current_iteration->GetFreedObjects()= 310580 current_iteration->GetFreedLargeObjects()= 283 current_iteration->GetFreedBytes()(MB)= 41 region_space->GetObjectsAllocated()= 318262 region_space->GetBytesAllocated()= 24 mark_num_= 928937 mark_from_read_barrier_num_= 0 scan_num_= 159821 copy_num_= 53284 copy_from_barrier_num_= 4453 push_on_mark_stack_num_= 87924 read_barrier_num_= 124069 copy_launch_object_num_= 0 copy_cold_object_num_= 0 depth_= 0
11-29 01:35:50.425  3631  3644 I tch.android.ap: jiacheng LogGC() Background concurrent copying GC freed 310580(41MB) AllocSpace objects, 283(6780KB) LOS objects, 46% free, 28MB/52MB, paused 253us total 1.439s
11-29 01:35:51.000  3631  3652 I tch.android.ap: jiacheng MutatorWS= 302987 GcWS= 349137
11-29 01:35:51.949  3631  3644 I tch.android.ap: jiacheng ConcurrentCopying::Runphases() Start NanoTime()= 294335881870 GetGcType()= GcTypePartial current_iteration->GetGcCause()= Background current_iteration->GetClearSoftReferences()= 0 force_evacuate_all_= 0 background_gen_= 0 young_gen_= 0 current_iteration->GetFreedObjects()= 0 current_iteration->GetFreedLargeObjects()= 0 current_iteration->GetFreedBytes()(MB)= 0 region_space->GetObjectsAllocated()= 468083 region_space->GetBytesAllocated()= 45 mark_num_= 0 mark_from_read_barrier_num_= 0 scan_num_= 0 copy_num_= 0 copy_from_barrier_num_= 0 push_on_mark_stack_num_= 0 read_barrier_num_= 0 copy_launch_object_num_= 0 copy_cold_object_num_= 0 depth_= 0
11-29 01:35:51.949  3631  3644 I tch.android.ap: jiacheng RegionSpace::Debug() Begin()= 0x12c00000 End()= 0x52c00000 launch_region_num= 0 working_set_region_num= 0 cold_region_num= 0 none_region_num= 85 new_region_num= 132
11-29 01:35:51.949  3631  3644 I tch.android.ap: jiacheng MallocSpace::Debug() Begin()= 0x7226b000 End()= 0x722b5000
11-29 01:35:51.949  3631  3644 I tch.android.ap: jiacheng LargeObjectSpace::Debug() Begin()= 0x76077000 End()= 0x96077000
11-29 01:35:51.949  3631  3644 I tch.android.ap: jiacheng force_evacuate_all_= 0
11-29 01:35:51.950  3631  3644 I tch.android.ap: jiacheng ConcurrentCopying::MarkingPhase() GetPerceptibleFlag()= 1
11-29 01:35:52.617  3631  3644 I tch.android.ap: jiacheng CopyingPhase() card_scan_num1= 5676
11-29 01:35:52.835  3631  3644 I tch.android.ap: jiacheng CopyingPhase() card_scan_num1= 28
11-29 01:35:53.370  3631  3644 I tch.android.ap: jiacheng RegionSpace::Debug() Begin()= 0x12c00000 End()= 0x52c00000 launch_region_num= 0 working_set_region_num= 0 cold_region_num= 0 none_region_num= 84 new_region_num= 44
11-29 01:35:53.370  3631  3644 I tch.android.ap: jiacheng MallocSpace::Debug() Begin()= 0x7226b000 End()= 0x722b5000
11-29 01:35:53.370  3631  3644 I tch.android.ap: jiacheng LargeObjectSpace::Debug() Begin()= 0x76077000 End()= 0x96077000
11-29 01:35:53.370  3631  3644 I tch.android.ap: jiacheng ConcurrentCopying::Runphases() End NanoTime()= 295757032949 GetGcType()= GcTypePartial current_iteration->GetGcCause()= Background current_iteration->GetClearSoftReferences()= 0 force_evacuate_all_= 0 background_gen_= 0 young_gen_= 0 current_iteration->GetFreedObjects()= 264199 current_iteration->GetFreedLargeObjects()= 185 current_iteration->GetFreedBytes()(MB)= 36 region_space->GetObjectsAllocated()= 318977 region_space->GetBytesAllocated()= 24 mark_num_= 907964 mark_from_read_barrier_num_= 0 scan_num_= 162470 copy_num_= 62518 copy_from_barrier_num_= 4521 push_on_mark_stack_num_= 93370 read_barrier_num_= 102639 copy_launch_object_num_= 0 copy_cold_object_num_= 0 depth_= 0
11-29 01:35:53.370  3631  3644 I tch.android.ap: jiacheng LogGC() Background concurrent copying GC freed 264199(36MB) AllocSpace objects, 185(5300KB) LOS objects, 45% free, 28MB/52MB, paused 179us total 1.421s
11-29 01:35:54.099  3631  3652 I tch.android.ap: jiacheng MutatorWS= 295646 GcWS= 353100
11-29 01:35:55.438  3631  3644 I tch.android.ap: jiacheng ConcurrentCopying::Runphases() Start NanoTime()= 297825052791 GetGcType()= GcTypePartial current_iteration->GetGcCause()= Background current_iteration->GetClearSoftReferences()= 0 force_evacuate_all_= 0 background_gen_= 0 young_gen_= 0 current_iteration->GetFreedObjects()= 0 current_iteration->GetFreedLargeObjects()= 0 current_iteration->GetFreedBytes()(MB)= 0 region_space->GetObjectsAllocated()= 487026 region_space->GetBytesAllocated()= 41 mark_num_= 0 mark_from_read_barrier_num_= 0 scan_num_= 0 copy_num_= 0 copy_from_barrier_num_= 0 push_on_mark_stack_num_= 0 read_barrier_num_= 0 copy_launch_object_num_= 0 copy_cold_object_num_= 0 depth_= 0
11-29 01:35:55.439  3631  3644 I tch.android.ap: jiacheng RegionSpace::Debug() Begin()= 0x12c00000 End()= 0x52c00000 launch_region_num= 0 working_set_region_num= 0 cold_region_num= 0 none_region_num= 84 new_region_num= 119
11-29 01:35:55.439  3631  3644 I tch.android.ap: jiacheng MallocSpace::Debug() Begin()= 0x7226b000 End()= 0x722b5000
11-29 01:35:55.439  3631  3644 I tch.android.ap: jiacheng LargeObjectSpace::Debug() Begin()= 0x76077000 End()= 0x96077000
11-29 01:35:55.439  3631  3644 I tch.android.ap: jiacheng force_evacuate_all_= 0
11-29 01:35:55.439  3631  3644 I tch.android.ap: jiacheng ConcurrentCopying::MarkingPhase() GetPerceptibleFlag()= 1
11-29 01:35:56.028  3631  3644 I tch.android.ap: jiacheng CopyingPhase() card_scan_num1= 3304
11-29 01:35:56.257  3631  3644 I tch.android.ap: jiacheng CopyingPhase() card_scan_num1= 19
11-29 01:35:56.821  3631  3644 I tch.android.ap: jiacheng RegionSpace::Debug() Begin()= 0x12c00000 End()= 0x52c00000 launch_region_num= 0 working_set_region_num= 0 cold_region_num= 0 none_region_num= 83 new_region_num= 44
11-29 01:35:56.821  3631  3644 I tch.android.ap: jiacheng MallocSpace::Debug() Begin()= 0x7226b000 End()= 0x722b5000
11-29 01:35:56.821  3631  3644 I tch.android.ap: jiacheng LargeObjectSpace::Debug() Begin()= 0x76077000 End()= 0x96077000
11-29 01:35:56.821  3631  3644 I tch.android.ap: jiacheng ConcurrentCopying::Runphases() End NanoTime()= 299207644699 GetGcType()= GcTypePartial current_iteration->GetGcCause()= Background current_iteration->GetClearSoftReferences()= 0 force_evacuate_all_= 0 background_gen_= 0 young_gen_= 0 current_iteration->GetFreedObjects()= 286190 current_iteration->GetFreedLargeObjects()= 433 current_iteration->GetFreedBytes()(MB)= 24 region_space->GetObjectsAllocated()= 319575 region_space->GetBytesAllocated()= 24 mark_num_= 906210 mark_from_read_barrier_num_= 0 scan_num_= 163306 copy_num_= 65698 copy_from_barrier_num_= 3929 push_on_mark_stack_num_= 94856 read_barrier_num_= 106921 copy_launch_object_num_= 0 copy_cold_object_num_= 0 depth_= 0
11-29 01:35:56.821  3631  3644 I tch.android.ap: jiacheng LogGC() Background concurrent copying GC freed 286190(24MB) AllocSpace objects, 433(10MB) LOS objects, 45% free, 28MB/52MB, paused 252us total 1.382s
11-29 01:35:57.196  3631  3652 I tch.android.ap: jiacheng MutatorWS= 274342 GcWS= 347352
11-29 01:35:58.895  3631  3644 I tch.android.ap: jiacheng ConcurrentCopying::Runphases() Start NanoTime()= 301281326676 GetGcType()= GcTypePartial current_iteration->GetGcCause()= Background current_iteration->GetClearSoftReferences()= 0 force_evacuate_all_= 0 background_gen_= 0 young_gen_= 0 current_iteration->GetFreedObjects()= 0 current_iteration->GetFreedLargeObjects()= 0 current_iteration->GetFreedBytes()(MB)= 0 region_space->GetObjectsAllocated()= 480564 region_space->GetBytesAllocated()= 41 mark_num_= 0 mark_from_read_barrier_num_= 0 scan_num_= 0 copy_num_= 0 copy_from_barrier_num_= 0 push_on_mark_stack_num_= 0 read_barrier_num_= 0 copy_launch_object_num_= 0 copy_cold_object_num_= 0 depth_= 0
11-29 01:35:58.895  3631  3644 I tch.android.ap: jiacheng RegionSpace::Debug() Begin()= 0x12c00000 End()= 0x52c00000 launch_region_num= 0 working_set_region_num= 0 cold_region_num= 0 none_region_num= 83 new_region_num= 125
11-29 01:35:58.895  3631  3644 I tch.android.ap: jiacheng MallocSpace::Debug() Begin()= 0x7226b000 End()= 0x722b5000
11-29 01:35:58.895  3631  3644 I tch.android.ap: jiacheng LargeObjectSpace::Debug() Begin()= 0x76077000 End()= 0x96077000
11-29 01:35:58.895  3631  3644 I tch.android.ap: jiacheng force_evacuate_all_= 0
11-29 01:35:58.895  3631  3644 I tch.android.ap: jiacheng ConcurrentCopying::MarkingPhase() GetPerceptibleFlag()= 1
11-29 01:35:59.524  3631  3644 I tch.android.ap: jiacheng CopyingPhase() card_scan_num1= 3509
11-29 01:35:59.769  3631  3644 I tch.android.ap: jiacheng CopyingPhase() card_scan_num1= 20
11-29 01:36:00.290  3631  3652 I tch.android.ap: jiacheng MutatorWS= 270104 GcWS= 343186
11-29 01:36:00.300  3631  3644 I tch.android.ap: jiacheng RegionSpace::Debug() Begin()= 0x12c00000 End()= 0x52c00000 launch_region_num= 0 working_set_region_num= 0 cold_region_num= 0 none_region_num= 84 new_region_num= 42
11-29 01:36:00.300  3631  3644 I tch.android.ap: jiacheng MallocSpace::Debug() Begin()= 0x7226b000 End()= 0x722b5000
11-29 01:36:00.300  3631  3644 I tch.android.ap: jiacheng LargeObjectSpace::Debug() Begin()= 0x76077000 End()= 0x96077000
11-29 01:36:00.300  3631  3644 I tch.android.ap: jiacheng ConcurrentCopying::Runphases() End NanoTime()= 302686539108 GetGcType()= GcTypePartial current_iteration->GetGcCause()= Background current_iteration->GetClearSoftReferences()= 0 force_evacuate_all_= 0 background_gen_= 0 young_gen_= 0 current_iteration->GetFreedObjects()= 280103 current_iteration->GetFreedLargeObjects()= 405 current_iteration->GetFreedBytes()(MB)= 24 region_space->GetObjectsAllocated()= 323917 region_space->GetBytesAllocated()= 25 mark_num_= 905463 mark_from_read_barrier_num_= 0 scan_num_= 162019 copy_num_= 56716 copy_from_barrier_num_= 3326 push_on_mark_stack_num_= 89348 read_barrier_num_= 101588 copy_launch_object_num_= 0 copy_cold_object_num_= 0 depth_= 0
11-29 01:36:00.300  3631  3644 I tch.android.ap: jiacheng LogGC() Background concurrent copying GC freed 280103(24MB) AllocSpace objects, 405(10MB) LOS objects, 45% free, 28MB/52MB, paused 478us total 1.405s
11-29 01:36:02.362  3631  3644 I tch.android.ap: jiacheng ConcurrentCopying::Runphases() Start NanoTime()= 304748258793 GetGcType()= GcTypePartial current_iteration->GetGcCause()= Background current_iteration->GetClearSoftReferences()= 0 force_evacuate_all_= 0 background_gen_= 0 young_gen_= 0 current_iteration->GetFreedObjects()= 0 current_iteration->GetFreedLargeObjects()= 0 current_iteration->GetFreedBytes()(MB)= 0 region_space->GetObjectsAllocated()= 477431 region_space->GetBytesAllocated()= 41 mark_num_= 0 mark_from_read_barrier_num_= 0 scan_num_= 0 copy_num_= 0 copy_from_barrier_num_= 0 push_on_mark_stack_num_= 0 read_barrier_num_= 0 copy_launch_object_num_= 0 copy_cold_object_num_= 0 depth_= 0
11-29 01:36:02.362  3631  3644 I tch.android.ap: jiacheng RegionSpace::Debug() Begin()= 0x12c00000 End()= 0x52c00000 launch_region_num= 0 working_set_region_num= 0 cold_region_num= 0 none_region_num= 84 new_region_num= 119
11-29 01:36:02.362  3631  3644 I tch.android.ap: jiacheng MallocSpace::Debug() Begin()= 0x7226b000 End()= 0x722b5000
11-29 01:36:02.362  3631  3644 I tch.android.ap: jiacheng LargeObjectSpace::Debug() Begin()= 0x76077000 End()= 0x96077000
11-29 01:36:02.362  3631  3644 I tch.android.ap: jiacheng force_evacuate_all_= 0
11-29 01:36:02.362  3631  3644 I tch.android.ap: jiacheng ConcurrentCopying::MarkingPhase() GetPerceptibleFlag()= 1
11-29 01:36:02.989  3631  3644 I tch.android.ap: jiacheng CopyingPhase() card_scan_num1= 3733
11-29 01:36:03.220  3631  3644 I tch.android.ap: jiacheng CopyingPhase() card_scan_num1= 19
11-29 01:36:03.381  3631  3652 I tch.android.ap: jiacheng MutatorWS= 295310 GcWS= 311198
11-29 01:36:03.789  3631  3644 I tch.android.ap: jiacheng RegionSpace::Debug() Begin()= 0x12c00000 End()= 0x52c00000 launch_region_num= 0 working_set_region_num= 0 cold_region_num= 0 none_region_num= 85 new_region_num= 45
11-29 01:36:03.789  3631  3644 I tch.android.ap: jiacheng MallocSpace::Debug() Begin()= 0x7226b000 End()= 0x722b5000
11-29 01:36:03.789  3631  3644 I tch.android.ap: jiacheng LargeObjectSpace::Debug() Begin()= 0x76077000 End()= 0x96077000
11-29 01:36:03.789  3631  3644 I tch.android.ap: jiacheng ConcurrentCopying::Runphases() End NanoTime()= 306175499664 GetGcType()= GcTypePartial current_iteration->GetGcCause()= Background current_iteration->GetClearSoftReferences()= 0 force_evacuate_all_= 0 background_gen_= 0 young_gen_= 0 current_iteration->GetFreedObjects()= 286032 current_iteration->GetFreedLargeObjects()= 389 current_iteration->GetFreedBytes()(MB)= 24 region_space->GetObjectsAllocated()= 343305 region_space->GetBytesAllocated()= 26 mark_num_= 920340 mark_from_read_barrier_num_= 0 scan_num_= 161983 copy_num_= 53834 copy_from_barrier_num_= 2124 push_on_mark_stack_num_= 87979 read_barrier_num_= 111208 copy_launch_object_num_= 0 copy_cold_object_num_= 0 depth_= 0
11-29 01:36:03.789  3631  3644 I tch.android.ap: jiacheng LogGC() Background concurrent copying GC freed 286032(24MB) AllocSpace objects, 389(10MB) LOS objects, 44% free, 30MB/54MB, paused 278us total 1.427s
11-29 01:36:06.099  3631  3644 I tch.android.ap: jiacheng ConcurrentCopying::Runphases() Start NanoTime()= 308486045571 GetGcType()= GcTypePartial current_iteration->GetGcCause()= Background current_iteration->GetClearSoftReferences()= 0 force_evacuate_all_= 0 background_gen_= 0 young_gen_= 0 current_iteration->GetFreedObjects()= 0 current_iteration->GetFreedLargeObjects()= 0 current_iteration->GetFreedBytes()(MB)= 0 region_space->GetObjectsAllocated()= 494800 region_space->GetBytesAllocated()= 42 mark_num_= 0 mark_from_read_barrier_num_= 0 scan_num_= 0 copy_num_= 0 copy_from_barrier_num_= 0 push_on_mark_stack_num_= 0 read_barrier_num_= 0 copy_launch_object_num_= 0 copy_cold_object_num_= 0 depth_= 0
11-29 01:36:06.100  3631  3644 I tch.android.ap: jiacheng RegionSpace::Debug() Begin()= 0x12c00000 End()= 0x52c00000 launch_region_num= 0 working_set_region_num= 0 cold_region_num= 0 none_region_num= 85 new_region_num= 130
11-29 01:36:06.100  3631  3644 I tch.android.ap: jiacheng MallocSpace::Debug() Begin()= 0x7226b000 End()= 0x722b5000
11-29 01:36:06.100  3631  3644 I tch.android.ap: jiacheng LargeObjectSpace::Debug() Begin()= 0x76077000 End()= 0x96077000
11-29 01:36:06.100  3631  3644 I tch.android.ap: jiacheng force_evacuate_all_= 0
11-29 01:36:06.100  3631  3644 I tch.android.ap: jiacheng ConcurrentCopying::MarkingPhase() GetPerceptibleFlag()= 1
11-29 01:36:06.472  3631  3652 I tch.android.ap: jiacheng MutatorWS= 249708 GcWS= 253792
11-29 01:36:06.820  3631  3644 I tch.android.ap: jiacheng CopyingPhase() card_scan_num1= 3964
11-29 01:36:07.080  3631  3644 I tch.android.ap: jiacheng CopyingPhase() card_scan_num1= 27
11-29 01:36:07.655  3631  3644 I tch.android.ap: jiacheng RegionSpace::Debug() Begin()= 0x12c00000 End()= 0x52c00000 launch_region_num= 0 working_set_region_num= 0 cold_region_num= 0 none_region_num= 87 new_region_num= 47
11-29 01:36:07.655  3631  3644 I tch.android.ap: jiacheng MallocSpace::Debug() Begin()= 0x7226b000 End()= 0x722b5000
11-29 01:36:07.655  3631  3644 I tch.android.ap: jiacheng LargeObjectSpace::Debug() Begin()= 0x76077000 End()= 0x96077000
11-29 01:36:07.655  3631  3644 I tch.android.ap: jiacheng ConcurrentCopying::Runphases() End NanoTime()= 310041533383 GetGcType()= GcTypePartial current_iteration->GetGcCause()= Background current_iteration->GetClearSoftReferences()= 0 force_evacuate_all_= 0 background_gen_= 0 young_gen_= 0 current_iteration->GetFreedObjects()= 296555 current_iteration->GetFreedLargeObjects()= 434 current_iteration->GetFreedBytes()(MB)= 25 region_space->GetObjectsAllocated()= 334352 region_space->GetBytesAllocated()= 26 mark_num_= 950589 mark_from_read_barrier_num_= 0 scan_num_= 165313 copy_num_= 57895 copy_from_barrier_num_= 3727 push_on_mark_stack_num_= 90316 read_barrier_num_= 128748 copy_launch_object_num_= 0 copy_cold_object_num_= 0 depth_= 0
11-29 01:36:07.655  3631  3644 I tch.android.ap: jiacheng LogGC() Background concurrent copying GC freed 296555(25MB) AllocSpace objects, 434(11MB) LOS objects, 44% free, 30MB/54MB, paused 1.227ms total 1.555s
11-29 01:36:09.543  3631  3652 I tch.android.ap: jiacheng MutatorWS= 290187 GcWS= 317912
11-29 01:36:09.843  3631  3644 I tch.android.ap: jiacheng ConcurrentCopying::Runphases() Start NanoTime()= 312229688340 GetGcType()= GcTypePartial current_iteration->GetGcCause()= Background current_iteration->GetClearSoftReferences()= 0 force_evacuate_all_= 0 background_gen_= 0 young_gen_= 0 current_iteration->GetFreedObjects()= 0 current_iteration->GetFreedLargeObjects()= 0 current_iteration->GetFreedBytes()(MB)= 0 region_space->GetObjectsAllocated()= 517611 region_space->GetBytesAllocated()= 43 mark_num_= 0 mark_from_read_barrier_num_= 0 scan_num_= 0 copy_num_= 0 copy_from_barrier_num_= 0 push_on_mark_stack_num_= 0 read_barrier_num_= 0 copy_launch_object_num_= 0 copy_cold_object_num_= 0 depth_= 0
11-29 01:36:09.843  3631  3644 I tch.android.ap: jiacheng RegionSpace::Debug() Begin()= 0x12c00000 End()= 0x52c00000 launch_region_num= 0 working_set_region_num= 0 cold_region_num= 0 none_region_num= 87 new_region_num= 125
11-29 01:36:09.843  3631  3644 I tch.android.ap: jiacheng MallocSpace::Debug() Begin()= 0x7226b000 End()= 0x722b5000
11-29 01:36:09.843  3631  3644 I tch.android.ap: jiacheng LargeObjectSpace::Debug() Begin()= 0x76077000 End()= 0x96077000
11-29 01:36:09.843  3631  3644 I tch.android.ap: jiacheng force_evacuate_all_= 0
11-29 01:36:09.844  3631  3644 I tch.android.ap: jiacheng ConcurrentCopying::MarkingPhase() GetPerceptibleFlag()= 1
11-29 01:36:10.455  3631  3644 I tch.android.ap: jiacheng CopyingPhase() card_scan_num1= 3385
11-29 01:36:10.705  3631  3644 I tch.android.ap: jiacheng CopyingPhase() card_scan_num1= 6
11-29 01:36:11.282  3631  3644 I tch.android.ap: jiacheng RegionSpace::Debug() Begin()= 0x12c00000 End()= 0x52c00000 launch_region_num= 0 working_set_region_num= 0 cold_region_num= 0 none_region_num= 87 new_region_num= 77
11-29 01:36:11.282  3631  3644 I tch.android.ap: jiacheng MallocSpace::Debug() Begin()= 0x7226b000 End()= 0x722b5000
11-29 01:36:11.282  3631  3644 I tch.android.ap: jiacheng LargeObjectSpace::Debug() Begin()= 0x76077000 End()= 0x96077000
11-29 01:36:11.282  3631  3644 I tch.android.ap: jiacheng ConcurrentCopying::Runphases() End NanoTime()= 313668491817 GetGcType()= GcTypePartial current_iteration->GetGcCause()= Background current_iteration->GetClearSoftReferences()= 0 force_evacuate_all_= 0 background_gen_= 0 young_gen_= 0 current_iteration->GetFreedObjects()= 311367 current_iteration->GetFreedLargeObjects()= 387 current_iteration->GetFreedBytes()(MB)= 25 region_space->GetObjectsAllocated()= 382638 region_space->GetBytesAllocated()= 34 mark_num_= 945207 mark_from_read_barrier_num_= 0 scan_num_= 172947 copy_num_= 68694 copy_from_barrier_num_= 4267 push_on_mark_stack_num_= 95172 read_barrier_num_= 105266 copy_launch_object_num_= 0 copy_cold_object_num_= 0 depth_= 0
11-29 01:36:11.282  3631  3644 I tch.android.ap: jiacheng LogGC() Background concurrent copying GC freed 311367(25MB) AllocSpace objects, 387(10212KB) LOS objects, 38% free, 37MB/61MB, paused 228us total 1.439s
11-29 01:36:12.630  3631  3652 I tch.android.ap: jiacheng MutatorWS= 318193 GcWS= 367462
11-29 01:36:12.718  3631  3644 I tch.android.ap: jiacheng ConcurrentCopying::Runphases() Start NanoTime()= 315104411022 GetGcType()= GcTypePartial current_iteration->GetGcCause()= Background current_iteration->GetClearSoftReferences()= 0 force_evacuate_all_= 0 background_gen_= 0 young_gen_= 0 current_iteration->GetFreedObjects()= 0 current_iteration->GetFreedLargeObjects()= 0 current_iteration->GetFreedBytes()(MB)= 0 region_space->GetObjectsAllocated()= 496146 region_space->GetBytesAllocated()= 55 mark_num_= 0 mark_from_read_barrier_num_= 0 scan_num_= 0 copy_num_= 0 copy_from_barrier_num_= 0 push_on_mark_stack_num_= 0 read_barrier_num_= 0 copy_launch_object_num_= 0 copy_cold_object_num_= 0 depth_= 0
11-29 01:36:12.718  3631  3644 I tch.android.ap: jiacheng RegionSpace::Debug() Begin()= 0x12c00000 End()= 0x52c00000 launch_region_num= 0 working_set_region_num= 0 cold_region_num= 0 none_region_num= 87 new_region_num= 168
11-29 01:36:12.718  3631  3644 I tch.android.ap: jiacheng MallocSpace::Debug() Begin()= 0x7226b000 End()= 0x722b5000
11-29 01:36:12.718  3631  3644 I tch.android.ap: jiacheng LargeObjectSpace::Debug() Begin()= 0x76077000 End()= 0x96077000
11-29 01:36:12.718  3631  3644 I tch.android.ap: jiacheng force_evacuate_all_= 0
11-29 01:36:12.718  3631  3644 I tch.android.ap: jiacheng ConcurrentCopying::MarkingPhase() GetPerceptibleFlag()= 1
11-29 01:36:13.407  3631  3644 I tch.android.ap: jiacheng CopyingPhase() card_scan_num1= 5696
11-29 01:36:13.667  3631  3644 I tch.android.ap: jiacheng CopyingPhase() card_scan_num1= 22
11-29 01:36:14.201  3631  3644 I tch.android.ap: jiacheng RegionSpace::Debug() Begin()= 0x12c00000 End()= 0x52c00000 launch_region_num= 0 working_set_region_num= 0 cold_region_num= 0 none_region_num= 89 new_region_num= 119
11-29 01:36:14.201  3631  3644 I tch.android.ap: jiacheng MallocSpace::Debug() Begin()= 0x7226b000 End()= 0x722b5000
11-29 01:36:14.201  3631  3644 I tch.android.ap: jiacheng LargeObjectSpace::Debug() Begin()= 0x76077000 End()= 0x96077000
11-29 01:36:14.201  3631  3644 I tch.android.ap: jiacheng ConcurrentCopying::Runphases() End NanoTime()= 316588194503 GetGcType()= GcTypePartial current_iteration->GetGcCause()= Background current_iteration->GetClearSoftReferences()= 0 force_evacuate_all_= 0 background_gen_= 0 young_gen_= 0 current_iteration->GetFreedObjects()= 290579 current_iteration->GetFreedLargeObjects()= 206 current_iteration->GetFreedBytes()(MB)= 41 region_space->GetObjectsAllocated()= 392882 region_space->GetBytesAllocated()= 44 mark_num_= 934695 mark_from_read_barrier_num_= 0 scan_num_= 170061 copy_num_= 59731 copy_from_barrier_num_= 5650 push_on_mark_stack_num_= 92365 read_barrier_num_= 86785 copy_launch_object_num_= 0 copy_cold_object_num_= 0 depth_= 0
11-29 01:36:14.202  3631  3644 I tch.android.ap: jiacheng LogGC() Background concurrent copying GC freed 290579(41MB) AllocSpace objects, 206(5640KB) LOS objects, 33% free, 47MB/71MB, paused 293us total 1.484s
11-29 01:36:15.732  3631  3652 I tch.android.ap: jiacheng MutatorWS= 339023 GcWS= 364022
11-29 01:36:16.608  3631  3644 I tch.android.ap: jiacheng ConcurrentCopying::Runphases() Start NanoTime()= 318994438441 GetGcType()= GcTypePartial current_iteration->GetGcCause()= Background current_iteration->GetClearSoftReferences()= 0 force_evacuate_all_= 0 background_gen_= 0 young_gen_= 0 current_iteration->GetFreedObjects()= 0 current_iteration->GetFreedLargeObjects()= 0 current_iteration->GetFreedBytes()(MB)= 0 region_space->GetObjectsAllocated()= 568409 region_space->GetBytesAllocated()= 61 mark_num_= 0 mark_from_read_barrier_num_= 0 scan_num_= 0 copy_num_= 0 copy_from_barrier_num_= 0 push_on_mark_stack_num_= 0 read_barrier_num_= 0 copy_launch_object_num_= 0 copy_cold_object_num_= 0 depth_= 0
11-29 01:36:16.608  3631  3644 I tch.android.ap: jiacheng RegionSpace::Debug() Begin()= 0x12c00000 End()= 0x52c00000 launch_region_num= 0 working_set_region_num= 0 cold_region_num= 0 none_region_num= 89 new_region_num= 192
11-29 01:36:16.608  3631  3644 I tch.android.ap: jiacheng MallocSpace::Debug() Begin()= 0x7226b000 End()= 0x722b5000
11-29 01:36:16.608  3631  3644 I tch.android.ap: jiacheng LargeObjectSpace::Debug() Begin()= 0x76077000 End()= 0x96077000
11-29 01:36:16.608  3631  3644 I tch.android.ap: jiacheng force_evacuate_all_= 0
11-29 01:36:16.608  3631  3644 I tch.android.ap: jiacheng ConcurrentCopying::MarkingPhase() GetPerceptibleFlag()= 1
11-29 01:36:17.269  3631  3644 I tch.android.ap: jiacheng CopyingPhase() card_scan_num1= 3390
11-29 01:36:17.518  3631  3644 I tch.android.ap: jiacheng CopyingPhase() card_scan_num1= 17
11-29 01:36:18.092  3631  3644 I tch.android.ap: jiacheng RegionSpace::Debug() Begin()= 0x12c00000 End()= 0x52c00000 launch_region_num= 0 working_set_region_num= 0 cold_region_num= 0 none_region_num= 90 new_region_num= 48
11-29 01:36:18.092  3631  3644 I tch.android.ap: jiacheng MallocSpace::Debug() Begin()= 0x7226b000 End()= 0x722b5000
11-29 01:36:18.092  3631  3644 I tch.android.ap: jiacheng LargeObjectSpace::Debug() Begin()= 0x76077000 End()= 0x96077000
11-29 01:36:18.092  3631  3644 I tch.android.ap: jiacheng ConcurrentCopying::Runphases() End NanoTime()= 320478741662 GetGcType()= GcTypePartial current_iteration->GetGcCause()= Background current_iteration->GetClearSoftReferences()= 0 force_evacuate_all_= 0 background_gen_= 0 young_gen_= 0 current_iteration->GetFreedObjects()= 353418 current_iteration->GetFreedLargeObjects()= 365 current_iteration->GetFreedBytes()(MB)= 43 region_space->GetObjectsAllocated()= 359787 region_space->GetBytesAllocated()= 27 mark_num_= 967600 mark_from_read_barrier_num_= 0 scan_num_= 169392 copy_num_= 52181 copy_from_barrier_num_= 1806 push_on_mark_stack_num_= 91569 read_barrier_num_= 126984 copy_launch_object_num_= 0 copy_cold_object_num_= 0 depth_= 0
11-29 01:36:18.092  3631  3644 I tch.android.ap: jiacheng LogGC() Background concurrent copying GC freed 353418(43MB) AllocSpace objects, 365(10024KB) LOS objects, 43% free, 30MB/54MB, paused 308us total 1.484s
11-29 01:36:18.834  3631  3652 I tch.android.ap: jiacheng MutatorWS= 260248 GcWS= 358733
11-29 01:36:20.597  3631  3644 I tch.android.ap: jiacheng ConcurrentCopying::Runphases() Start NanoTime()= 322984068109 GetGcType()= GcTypePartial current_iteration->GetGcCause()= Background current_iteration->GetClearSoftReferences()= 0 force_evacuate_all_= 0 background_gen_= 0 young_gen_= 0 current_iteration->GetFreedObjects()= 0 current_iteration->GetFreedLargeObjects()= 0 current_iteration->GetFreedBytes()(MB)= 0 region_space->GetObjectsAllocated()= 537860 region_space->GetBytesAllocated()= 44 mark_num_= 0 mark_from_read_barrier_num_= 0 scan_num_= 0 copy_num_= 0 copy_from_barrier_num_= 0 push_on_mark_stack_num_= 0 read_barrier_num_= 0 copy_launch_object_num_= 0 copy_cold_object_num_= 0 depth_= 0
11-29 01:36:20.597  3631  3644 I tch.android.ap: jiacheng RegionSpace::Debug() Begin()= 0x12c00000 End()= 0x52c00000 launch_region_num= 0 working_set_region_num= 0 cold_region_num= 0 none_region_num= 90 new_region_num= 127
11-29 01:36:20.598  3631  3644 I tch.android.ap: jiacheng MallocSpace::Debug() Begin()= 0x7226b000 End()= 0x722b5000
11-29 01:36:20.598  3631  3644 I tch.android.ap: jiacheng LargeObjectSpace::Debug() Begin()= 0x76077000 End()= 0x96077000
11-29 01:36:20.598  3631  3644 I tch.android.ap: jiacheng force_evacuate_all_= 0
11-29 01:36:20.598  3631  3644 I tch.android.ap: jiacheng ConcurrentCopying::MarkingPhase() GetPerceptibleFlag()= 1
11-29 01:36:21.277  3631  3644 I tch.android.ap: jiacheng CopyingPhase() card_scan_num1= 4314
11-29 01:36:21.549  3631  3644 I tch.android.ap: jiacheng CopyingPhase() card_scan_num1= 17
11-29 01:36:21.922  3631  3652 I tch.android.ap: jiacheng MutatorWS= 267365 GcWS= 360616
11-29 01:36:22.202  3631  3644 I tch.android.ap: jiacheng RegionSpace::Debug() Begin()= 0x12c00000 End()= 0x52c00000 launch_region_num= 0 working_set_region_num= 0 cold_region_num= 0 none_region_num= 90 new_region_num= 47
11-29 01:36:22.202  3631  3644 I tch.android.ap: jiacheng MallocSpace::Debug() Begin()= 0x7226b000 End()= 0x722b5000
11-29 01:36:22.202  3631  3644 I tch.android.ap: jiacheng LargeObjectSpace::Debug() Begin()= 0x76077000 End()= 0x96077000
11-29 01:36:22.202  3631  3644 I tch.android.ap: jiacheng ConcurrentCopying::Runphases() End NanoTime()= 324588571707 GetGcType()= GcTypePartial current_iteration->GetGcCause()= Background current_iteration->GetClearSoftReferences()= 0 force_evacuate_all_= 0 background_gen_= 0 young_gen_= 0 current_iteration->GetFreedObjects()= 330245 current_iteration->GetFreedLargeObjects()= 380 current_iteration->GetFreedBytes()(MB)= 26 region_space->GetObjectsAllocated()= 346165 region_space->GetBytesAllocated()= 27 mark_num_= 969067 mark_from_read_barrier_num_= 0 scan_num_= 171389 copy_num_= 56686 copy_from_barrier_num_= 2013 push_on_mark_stack_num_= 93217 read_barrier_num_= 118529 copy_launch_object_num_= 0 copy_cold_object_num_= 0 depth_= 0
11-29 01:36:22.202  3631  3644 I tch.android.ap: jiacheng LogGC() Background concurrent copying GC freed 330245(26MB) AllocSpace objects, 380(10016KB) LOS objects, 43% free, 30MB/54MB, paused 252us total 1.604s
11-29 01:36:24.569  3631  3644 I tch.android.ap: jiacheng ConcurrentCopying::Runphases() Start NanoTime()= 326955379182 GetGcType()= GcTypePartial current_iteration->GetGcCause()= Background current_iteration->GetClearSoftReferences()= 0 force_evacuate_all_= 0 background_gen_= 0 young_gen_= 0 current_iteration->GetFreedObjects()= 0 current_iteration->GetFreedLargeObjects()= 0 current_iteration->GetFreedBytes()(MB)= 0 region_space->GetObjectsAllocated()= 522490 region_space->GetBytesAllocated()= 43 mark_num_= 0 mark_from_read_barrier_num_= 0 scan_num_= 0 copy_num_= 0 copy_from_barrier_num_= 0 push_on_mark_stack_num_= 0 read_barrier_num_= 0 copy_launch_object_num_= 0 copy_cold_object_num_= 0 depth_= 0
11-29 01:36:24.569  3631  3644 I tch.android.ap: jiacheng RegionSpace::Debug() Begin()= 0x12c00000 End()= 0x52c00000 launch_region_num= 0 working_set_region_num= 0 cold_region_num= 0 none_region_num= 90 new_region_num= 118
11-29 01:36:24.569  3631  3644 I tch.android.ap: jiacheng MallocSpace::Debug() Begin()= 0x7226b000 End()= 0x722b5000
11-29 01:36:24.569  3631  3644 I tch.android.ap: jiacheng LargeObjectSpace::Debug() Begin()= 0x76077000 End()= 0x96077000
11-29 01:36:24.569  3631  3644 I tch.android.ap: jiacheng force_evacuate_all_= 0
11-29 01:36:24.569  3631  3644 I tch.android.ap: jiacheng ConcurrentCopying::MarkingPhase() GetPerceptibleFlag()= 1
11-29 01:36:25.016  3631  3652 I tch.android.ap: jiacheng MutatorWS= 259830 GcWS= 208553
11-29 01:36:25.368  3631  3644 I tch.android.ap: jiacheng CopyingPhase() card_scan_num1= 4901
11-29 01:36:25.666  3631  3644 I tch.android.ap: jiacheng CopyingPhase() card_scan_num1= 25
11-29 01:36:26.284  3631  3644 I tch.android.ap: jiacheng RegionSpace::Debug() Begin()= 0x12c00000 End()= 0x52c00000 launch_region_num= 0 working_set_region_num= 0 cold_region_num= 0 none_region_num= 92 new_region_num= 44
11-29 01:36:26.284  3631  3644 I tch.android.ap: jiacheng MallocSpace::Debug() Begin()= 0x7226b000 End()= 0x722b5000
11-29 01:36:26.284  3631  3644 I tch.android.ap: jiacheng LargeObjectSpace::Debug() Begin()= 0x76077000 End()= 0x96077000
11-29 01:36:26.284  3631  3644 I tch.android.ap: jiacheng ConcurrentCopying::Runphases() End NanoTime()= 328670553572 GetGcType()= GcTypePartial current_iteration->GetGcCause()= Background current_iteration->GetClearSoftReferences()= 0 force_evacuate_all_= 0 background_gen_= 0 young_gen_= 0 current_iteration->GetFreedObjects()= 325505 current_iteration->GetFreedLargeObjects()= 370 current_iteration->GetFreedBytes()(MB)= 26 region_space->GetObjectsAllocated()= 352672 region_space->GetBytesAllocated()= 26 mark_num_= 980606 mark_from_read_barrier_num_= 0 scan_num_= 172694 copy_num_= 56673 copy_from_barrier_num_= 4022 push_on_mark_stack_num_= 91872 read_barrier_num_= 120961 copy_launch_object_num_= 0 copy_cold_object_num_= 0 depth_= 0
11-29 01:36:26.284  3631  3644 I tch.android.ap: jiacheng LogGC() Background concurrent copying GC freed 325505(26MB) AllocSpace objects, 370(10MB) LOS objects, 44% free, 30MB/54MB, paused 511us total 1.715s
11-29 01:36:28.088  3631  3652 I tch.android.ap: jiacheng MutatorWS= 277889 GcWS= 344117
11-29 01:36:28.462  3631  3644 I tch.android.ap: jiacheng ConcurrentCopying::Runphases() Start NanoTime()= 330848697434 GetGcType()= GcTypePartial current_iteration->GetGcCause()= Background current_iteration->GetClearSoftReferences()= 0 force_evacuate_all_= 0 background_gen_= 0 young_gen_= 0 current_iteration->GetFreedObjects()= 0 current_iteration->GetFreedLargeObjects()= 0 current_iteration->GetFreedBytes()(MB)= 0 region_space->GetObjectsAllocated()= 536170 region_space->GetBytesAllocated()= 43 mark_num_= 0 mark_from_read_barrier_num_= 0 scan_num_= 0 copy_num_= 0 copy_from_barrier_num_= 0 push_on_mark_stack_num_= 0 read_barrier_num_= 0 copy_launch_object_num_= 0 copy_cold_object_num_= 0 depth_= 0
11-29 01:36:28.462  3631  3644 I tch.android.ap: jiacheng RegionSpace::Debug() Begin()= 0x12c00000 End()= 0x52c00000 launch_region_num= 0 working_set_region_num= 0 cold_region_num= 0 none_region_num= 92 new_region_num= 122
11-29 01:36:28.462  3631  3644 I tch.android.ap: jiacheng MallocSpace::Debug() Begin()= 0x7226b000 End()= 0x722b5000
11-29 01:36:28.462  3631  3644 I tch.android.ap: jiacheng LargeObjectSpace::Debug() Begin()= 0x76077000 End()= 0x96077000
11-29 01:36:28.462  3631  3644 I tch.android.ap: jiacheng force_evacuate_all_= 0
11-29 01:36:28.463  3631  3644 I tch.android.ap: jiacheng ConcurrentCopying::MarkingPhase() GetPerceptibleFlag()= 1
11-29 01:36:29.285  3631  3644 I tch.android.ap: jiacheng CopyingPhase() card_scan_num1= 6738
11-29 01:36:29.567  3631  3644 I tch.android.ap: jiacheng CopyingPhase() card_scan_num1= 19
11-29 01:36:30.226  3631  3644 I tch.android.ap: jiacheng RegionSpace::Debug() Begin()= 0x12c00000 End()= 0x52c00000 launch_region_num= 0 working_set_region_num= 0 cold_region_num= 0 none_region_num= 91 new_region_num= 40
11-29 01:36:30.226  3631  3644 I tch.android.ap: jiacheng MallocSpace::Debug() Begin()= 0x7226b000 End()= 0x722b5000
11-29 01:36:30.226  3631  3644 I tch.android.ap: jiacheng LargeObjectSpace::Debug() Begin()= 0x76077000 End()= 0x96077000
11-29 01:36:30.226  3631  3644 I tch.android.ap: jiacheng ConcurrentCopying::Runphases() End NanoTime()= 332612408183 GetGcType()= GcTypePartial current_iteration->GetGcCause()= Background current_iteration->GetClearSoftReferences()= 0 force_evacuate_all_= 0 background_gen_= 0 young_gen_= 0 current_iteration->GetFreedObjects()= 347038 current_iteration->GetFreedLargeObjects()= 314 current_iteration->GetFreedBytes()(MB)= 26 region_space->GetObjectsAllocated()= 384096 region_space->GetBytesAllocated()= 27 mark_num_= 997061 mark_from_read_barrier_num_= 0 scan_num_= 172896 copy_num_= 53197 copy_from_barrier_num_= 4039 push_on_mark_stack_num_= 92774 read_barrier_num_= 135165 copy_launch_object_num_= 0 copy_cold_object_num_= 0 depth_= 0
11-29 01:36:30.226  3631  3644 I tch.android.ap: jiacheng LogGC() Background concurrent copying GC freed 347038(26MB) AllocSpace objects, 314(8832KB) LOS objects, 43% free, 30MB/54MB, paused 372us total 1.764s
11-29 01:36:31.188  3631  3652 I tch.android.ap: jiacheng MutatorWS= 322569 GcWS= 367211
11-29 01:36:31.393  3631  3644 I tch.android.ap: jiacheng ConcurrentCopying::Runphases() Start NanoTime()= 333779793976 GetGcType()= GcTypePartial current_iteration->GetGcCause()= Background current_iteration->GetClearSoftReferences()= 0 force_evacuate_all_= 0 background_gen_= 0 young_gen_= 0 current_iteration->GetFreedObjects()= 0 current_iteration->GetFreedLargeObjects()= 0 current_iteration->GetFreedBytes()(MB)= 0 region_space->GetObjectsAllocated()= 500290 region_space->GetBytesAllocated()= 49 mark_num_= 0 mark_from_read_barrier_num_= 0 scan_num_= 0 copy_num_= 0 copy_from_barrier_num_= 0 push_on_mark_stack_num_= 0 read_barrier_num_= 0 copy_launch_object_num_= 0 copy_cold_object_num_= 0 depth_= 0
11-29 01:36:31.393  3631  3644 I tch.android.ap: jiacheng RegionSpace::Debug() Begin()= 0x12c00000 End()= 0x52c00000 launch_region_num= 0 working_set_region_num= 0 cold_region_num= 0 none_region_num= 91 new_region_num= 140
11-29 01:36:31.393  3631  3644 I tch.android.ap: jiacheng MallocSpace::Debug() Begin()= 0x7226b000 End()= 0x722b5000
11-29 01:36:31.393  3631  3644 I tch.android.ap: jiacheng LargeObjectSpace::Debug() Begin()= 0x76077000 End()= 0x96077000
11-29 01:36:31.393  3631  3644 I tch.android.ap: jiacheng force_evacuate_all_= 0
11-29 01:36:31.394  3631  3644 I tch.android.ap: jiacheng ConcurrentCopying::MarkingPhase() GetPerceptibleFlag()= 1
11-29 01:36:32.213  3631  3644 I tch.android.ap: jiacheng CopyingPhase() card_scan_num1= 7556
11-29 01:36:32.513  3631  3644 I tch.android.ap: jiacheng CopyingPhase() card_scan_num1= 23
11-29 01:36:33.257  3631  3644 I tch.android.ap: jiacheng RegionSpace::Debug() Begin()= 0x12c00000 End()= 0x52c00000 launch_region_num= 0 working_set_region_num= 0 cold_region_num= 0 none_region_num= 91 new_region_num= 37
11-29 01:36:33.257  3631  3644 I tch.android.ap: jiacheng MallocSpace::Debug() Begin()= 0x7226b000 End()= 0x722b5000
11-29 01:36:33.257  3631  3644 I tch.android.ap: jiacheng LargeObjectSpace::Debug() Begin()= 0x76077000 End()= 0x96077000
11-29 01:36:33.257  3631  3644 I tch.android.ap: jiacheng ConcurrentCopying::Runphases() End NanoTime()= 335644149787 GetGcType()= GcTypePartial current_iteration->GetGcCause()= Background current_iteration->GetClearSoftReferences()= 0 force_evacuate_all_= 0 background_gen_= 0 young_gen_= 0 current_iteration->GetFreedObjects()= 307397 current_iteration->GetFreedLargeObjects()= 153 current_iteration->GetFreedBytes()(MB)= 38 region_space->GetObjectsAllocated()= 362783 region_space->GetBytesAllocated()= 27 mark_num_= 974044 mark_from_read_barrier_num_= 0 scan_num_= 165699 copy_num_= 37767 copy_from_barrier_num_= 3655 push_on_mark_stack_num_= 81080 read_barrier_num_= 126549 copy_launch_object_num_= 0 copy_cold_object_num_= 0 depth_= 0
11-29 01:36:33.258  3631  3644 I tch.android.ap: jiacheng LogGC() Background concurrent copying GC freed 307397(38MB) AllocSpace objects, 153(4752KB) LOS objects, 44% free, 30MB/54MB, paused 988us total 1.864s
11-29 01:36:33.891  3631  3644 I tch.android.ap: jiacheng ConcurrentCopying::Runphases() Start NanoTime()= 336277820267 GetGcType()= GcTypePartial current_iteration->GetGcCause()= Background current_iteration->GetClearSoftReferences()= 0 force_evacuate_all_= 0 background_gen_= 0 young_gen_= 0 current_iteration->GetFreedObjects()= 0 current_iteration->GetFreedLargeObjects()= 0 current_iteration->GetFreedBytes()(MB)= 0 region_space->GetObjectsAllocated()= 454490 region_space->GetBytesAllocated()= 49 mark_num_= 0 mark_from_read_barrier_num_= 0 scan_num_= 0 copy_num_= 0 copy_from_barrier_num_= 0 push_on_mark_stack_num_= 0 read_barrier_num_= 0 copy_launch_object_num_= 0 copy_cold_object_num_= 0 depth_= 0
11-29 01:36:33.891  3631  3644 I tch.android.ap: jiacheng RegionSpace::Debug() Begin()= 0x12c00000 End()= 0x52c00000 launch_region_num= 0 working_set_region_num= 0 cold_region_num= 0 none_region_num= 91 new_region_num= 132
11-29 01:36:33.891  3631  3644 I tch.android.ap: jiacheng MallocSpace::Debug() Begin()= 0x7226b000 End()= 0x722b5000
11-29 01:36:33.891  3631  3644 I tch.android.ap: jiacheng LargeObjectSpace::Debug() Begin()= 0x76077000 End()= 0x96077000
11-29 01:36:33.891  3631  3644 I tch.android.ap: jiacheng force_evacuate_all_= 0
11-29 01:36:33.892  3631  3644 I tch.android.ap: jiacheng ConcurrentCopying::MarkingPhase() GetPerceptibleFlag()= 1
11-29 01:36:34.317  3631  3652 I tch.android.ap: jiacheng MutatorWS= 338256 GcWS= 365801
11-29 01:36:34.741  3631  3644 I tch.android.ap: jiacheng CopyingPhase() card_scan_num1= 5529
11-29 01:36:35.060  3631  3644 I tch.android.ap: jiacheng CopyingPhase() card_scan_num1= 67
11-29 01:36:35.696  3631  3644 I tch.android.ap: jiacheng RegionSpace::Debug() Begin()= 0x12c00000 End()= 0x52c00000 launch_region_num= 0 working_set_region_num= 0 cold_region_num= 0 none_region_num= 93 new_region_num= 49
11-29 01:36:35.696  3631  3644 I tch.android.ap: jiacheng MallocSpace::Debug() Begin()= 0x7226b000 End()= 0x722b5000
11-29 01:36:35.696  3631  3644 I tch.android.ap: jiacheng LargeObjectSpace::Debug() Begin()= 0x76077000 End()= 0x96077000
11-29 01:36:35.696  3631  3644 I tch.android.ap: jiacheng ConcurrentCopying::Runphases() End NanoTime()= 338082660395 GetGcType()= GcTypePartial current_iteration->GetGcCause()= Background current_iteration->GetClearSoftReferences()= 0 force_evacuate_all_= 0 background_gen_= 0 young_gen_= 0 current_iteration->GetFreedObjects()= 234158 current_iteration->GetFreedLargeObjects()= 130 current_iteration->GetFreedBytes()(MB)= 33 region_space->GetObjectsAllocated()= 358575 region_space->GetBytesAllocated()= 28 mark_num_= 994382 mark_from_read_barrier_num_= 0 scan_num_= 173630 copy_num_= 50397 copy_from_barrier_num_= 3902 push_on_mark_stack_num_= 89702 read_barrier_num_= 128684 copy_launch_object_num_= 0 copy_cold_object_num_= 0 depth_= 0
11-29 01:36:35.696  3631  3644 I tch.android.ap: jiacheng LogGC() Background concurrent copying GC freed 234158(33MB) AllocSpace objects, 130(3888KB) LOS objects, 42% free, 32MB/56MB, paused 1.038ms total 1.805s
11-29 01:36:37.447  3631  3652 I tch.android.ap: jiacheng MutatorWS= 280838 GcWS= 341586
11-29 01:36:37.844  3631  3644 I tch.android.ap: jiacheng ConcurrentCopying::Runphases() Start NanoTime()= 340230625088 GetGcType()= GcTypePartial current_iteration->GetGcCause()= Background current_iteration->GetClearSoftReferences()= 0 force_evacuate_all_= 0 background_gen_= 0 young_gen_= 0 current_iteration->GetFreedObjects()= 0 current_iteration->GetFreedLargeObjects()= 0 current_iteration->GetFreedBytes()(MB)= 0 region_space->GetObjectsAllocated()= 537457 region_space->GetBytesAllocated()= 44 mark_num_= 0 mark_from_read_barrier_num_= 0 scan_num_= 0 copy_num_= 0 copy_from_barrier_num_= 0 push_on_mark_stack_num_= 0 read_barrier_num_= 0 copy_launch_object_num_= 0 copy_cold_object_num_= 0 depth_= 0
11-29 01:36:37.844  3631  3644 I tch.android.ap: jiacheng RegionSpace::Debug() Begin()= 0x12c00000 End()= 0x52c00000 launch_region_num= 0 working_set_region_num= 0 cold_region_num= 0 none_region_num= 93 new_region_num= 123
11-29 01:36:37.844  3631  3644 I tch.android.ap: jiacheng MallocSpace::Debug() Begin()= 0x7226b000 End()= 0x722b5000
11-29 01:36:37.844  3631  3644 I tch.android.ap: jiacheng LargeObjectSpace::Debug() Begin()= 0x76077000 End()= 0x96077000
11-29 01:36:37.844  3631  3644 I tch.android.ap: jiacheng force_evacuate_all_= 0
11-29 01:36:37.845  3631  3644 I tch.android.ap: jiacheng ConcurrentCopying::MarkingPhase() GetPerceptibleFlag()= 1
11-29 01:36:38.614  3631  3644 I tch.android.ap: jiacheng CopyingPhase() card_scan_num1= 5027
11-29 01:36:38.889  3631  3644 I tch.android.ap: jiacheng CopyingPhase() card_scan_num1= 20
11-29 01:36:39.632  3631  3644 I tch.android.ap: jiacheng RegionSpace::Debug() Begin()= 0x12c00000 End()= 0x52c00000 launch_region_num= 0 working_set_region_num= 0 cold_region_num= 0 none_region_num= 92 new_region_num= 50
11-29 01:36:39.632  3631  3644 I tch.android.ap: jiacheng MallocSpace::Debug() Begin()= 0x7226b000 End()= 0x722b5000
11-29 01:36:39.632  3631  3644 I tch.android.ap: jiacheng LargeObjectSpace::Debug() Begin()= 0x76077000 End()= 0x96077000
11-29 01:36:39.632  3631  3644 I tch.android.ap: jiacheng ConcurrentCopying::Runphases() End NanoTime()= 342018385474 GetGcType()= GcTypePartial current_iteration->GetGcCause()= Background current_iteration->GetClearSoftReferences()= 0 force_evacuate_all_= 0 background_gen_= 0 young_gen_= 0 current_iteration->GetFreedObjects()= 324344 current_iteration->GetFreedLargeObjects()= 378 current_iteration->GetFreedBytes()(MB)= 26 region_space->GetObjectsAllocated()= 358803 region_space->GetBytesAllocated()= 28 mark_num_= 1008217 mark_from_read_barrier_num_= 0 scan_num_= 191542 copy_num_= 88862 copy_from_barrier_num_= 5778 push_on_mark_stack_num_= 119530 read_barrier_num_= 114265 copy_launch_object_num_= 0 copy_cold_object_num_= 0 depth_= 0
11-29 01:36:39.632  3631  3644 I tch.android.ap: jiacheng LogGC() Background concurrent copying GC freed 324344(26MB) AllocSpace objects, 378(10MB) LOS objects, 42% free, 32MB/56MB, paused 328us total 1.788s
11-29 01:36:40.551  3631  3652 I tch.android.ap: jiacheng MutatorWS= 219331 GcWS= 405532
11-29 01:36:42.702  3631  3644 I tch.android.ap: jiacheng ConcurrentCopying::Runphases() Start NanoTime()= 345088284895 GetGcType()= GcTypePartial current_iteration->GetGcCause()= Background current_iteration->GetClearSoftReferences()= 0 force_evacuate_all_= 0 background_gen_= 0 young_gen_= 0 current_iteration->GetFreedObjects()= 0 current_iteration->GetFreedLargeObjects()= 0 current_iteration->GetFreedBytes()(MB)= 0 region_space->GetObjectsAllocated()= 544866 region_space->GetBytesAllocated()= 44 mark_num_= 0 mark_from_read_barrier_num_= 0 scan_num_= 0 copy_num_= 0 copy_from_barrier_num_= 0 push_on_mark_stack_num_= 0 read_barrier_num_= 0 copy_launch_object_num_= 0 copy_cold_object_num_= 0 depth_= 0
11-29 01:36:42.702  3631  3644 I tch.android.ap: jiacheng RegionSpace::Debug() Begin()= 0x12c00000 End()= 0x52c00000 launch_region_num= 0 working_set_region_num= 0 cold_region_num= 0 none_region_num= 92 new_region_num= 130
11-29 01:36:42.702  3631  3644 I tch.android.ap: jiacheng MallocSpace::Debug() Begin()= 0x7226b000 End()= 0x722b5000
11-29 01:36:42.702  3631  3644 I tch.android.ap: jiacheng LargeObjectSpace::Debug() Begin()= 0x76077000 End()= 0x96077000
11-29 01:36:42.702  3631  3644 I tch.android.ap: jiacheng force_evacuate_all_= 0
11-29 01:36:42.702  3631  3644 I tch.android.ap: jiacheng ConcurrentCopying::MarkingPhase() GetPerceptibleFlag()= 1
11-29 01:36:43.488  3631  3644 I tch.android.ap: jiacheng CopyingPhase() card_scan_num1= 4842
11-29 01:36:43.683  3631  3652 I tch.android.ap: jiacheng MutatorWS= 268699 GcWS= 294284
11-29 01:36:43.863  3631  3644 I tch.android.ap: jiacheng CopyingPhase() card_scan_num1= 17
11-29 01:36:44.520  3631  3644 I tch.android.ap: jiacheng RegionSpace::Debug() Begin()= 0x12c00000 End()= 0x52c00000 launch_region_num= 0 working_set_region_num= 0 cold_region_num= 0 none_region_num= 92 new_region_num= 49
11-29 01:36:44.520  3631  3644 I tch.android.ap: jiacheng MallocSpace::Debug() Begin()= 0x7226b000 End()= 0x722b5000
11-29 01:36:44.520  3631  3644 I tch.android.ap: jiacheng LargeObjectSpace::Debug() Begin()= 0x76077000 End()= 0x96077000
11-29 01:36:44.521  3631  3644 I tch.android.ap: jiacheng ConcurrentCopying::Runphases() End NanoTime()= 346907218565 GetGcType()= GcTypePartial current_iteration->GetGcCause()= Background current_iteration->GetClearSoftReferences()= 0 force_evacuate_all_= 0 background_gen_= 0 young_gen_= 0 current_iteration->GetFreedObjects()= 341603 current_iteration->GetFreedLargeObjects()= 384 current_iteration->GetFreedBytes()(MB)= 27 region_space->GetObjectsAllocated()= 371360 region_space->GetBytesAllocated()= 28 mark_num_= 987449 mark_from_read_barrier_num_= 0 scan_num_= 179795 copy_num_= 62560 copy_from_barrier_num_= 4970 push_on_mark_stack_num_= 101524 read_barrier_num_= 110273 copy_launch_object_num_= 0 copy_cold_object_num_= 0 depth_= 0
11-29 01:36:44.521  3631  3644 I tch.android.ap: jiacheng LogGC() Background concurrent copying GC freed 341603(27MB) AllocSpace objects, 384(10MB) LOS objects, 42% free, 32MB/56MB, paused 845us total 1.819s
11-29 01:36:46.440  3631  3644 I tch.android.ap: jiacheng ConcurrentCopying::Runphases() Start NanoTime()= 348826222975 GetGcType()= GcTypePartial current_iteration->GetGcCause()= Background current_iteration->GetClearSoftReferences()= 0 force_evacuate_all_= 0 background_gen_= 0 young_gen_= 0 current_iteration->GetFreedObjects()= 0 current_iteration->GetFreedLargeObjects()= 0 current_iteration->GetFreedBytes()(MB)= 0 region_space->GetObjectsAllocated()= 537961 region_space->GetBytesAllocated()= 47 mark_num_= 0 mark_from_read_barrier_num_= 0 scan_num_= 0 copy_num_= 0 copy_from_barrier_num_= 0 push_on_mark_stack_num_= 0 read_barrier_num_= 0 copy_launch_object_num_= 0 copy_cold_object_num_= 0 depth_= 0
11-29 01:36:46.440  3631  3644 I tch.android.ap: jiacheng RegionSpace::Debug() Begin()= 0x12c00000 End()= 0x52c00000 launch_region_num= 0 working_set_region_num= 0 cold_region_num= 0 none_region_num= 92 new_region_num= 134
11-29 01:36:46.440  3631  3644 I tch.android.ap: jiacheng MallocSpace::Debug() Begin()= 0x7226b000 End()= 0x722b5000
11-29 01:36:46.440  3631  3644 I tch.android.ap: jiacheng LargeObjectSpace::Debug() Begin()= 0x76077000 End()= 0x96077000
11-29 01:36:46.440  3631  3644 I tch.android.ap: jiacheng force_evacuate_all_= 0
11-29 01:36:46.440  3631  3644 I tch.android.ap: jiacheng ConcurrentCopying::MarkingPhase() GetPerceptibleFlag()= 1
11-29 01:36:46.780  3631  3652 I tch.android.ap: jiacheng MutatorWS= 305696 GcWS= 320051
11-29 01:36:47.340  3631  3644 I tch.android.ap: jiacheng CopyingPhase() card_scan_num1= 9923
11-29 01:36:47.641  3631  3644 I tch.android.ap: jiacheng CopyingPhase() card_scan_num1= 20
