11-29 01:36:48.475  3631  3644 I tch.android.ap: jiacheng RegionSpace::Debug() Begin()= 0x12c00000 End()= 0x52c00000 launch_region_num= 0 working_set_region_num= 0 cold_region_num= 0 none_region_num= 96 new_region_num= 59
11-29 01:36:48.475  3631  3644 I tch.android.ap: jiacheng MallocSpace::Debug() Begin()= 0x7226b000 End()= 0x722b5000
11-29 01:36:48.475  3631  3644 I tch.android.ap: jiacheng LargeObjectSpace::Debug() Begin()= 0x76077000 End()= 0x96077000
11-29 01:36:48.475  3631  3644 I tch.android.ap: jiacheng ConcurrentCopying::Runphases() End NanoTime()= 350861925470 GetGcType()= GcTypePartial current_iteration->GetGcCause()= Background current_iteration->GetClearSoftReferences()= 0 force_evacuate_all_= 0 background_gen_= 0 young_gen_= 0 current_iteration->GetFreedObjects()= 349209 current_iteration->GetFreedLargeObjects()= 249 current_iteration->GetFreedBytes()(MB)= 43 region_space->GetObjectsAllocated()= 416418 region_space->GetBytesAllocated()= 31 mark_num_= 1070837 mark_from_read_barrier_num_= 0 scan_num_= 192201 copy_num_= 70546 copy_from_barrier_num_= 6181 push_on_mark_stack_num_= 110943 read_barrier_num_= 154182 copy_launch_object_num_= 0 copy_cold_object_num_= 0 depth_= 0
11-29 01:36:48.475  3631  3644 I tch.android.ap: jiacheng LogGC() Background concurrent copying GC freed 349209(43MB) AllocSpace objects, 249(7420KB) LOS objects, 40% free, 35MB/59MB, paused 1.564ms total 2.036s
11-29 01:36:49.423  3631  3644 I tch.android.ap: jiacheng ConcurrentCopying::Runphases() Start NanoTime()= 351809074939 GetGcType()= GcTypePartial current_iteration->GetGcCause()= Background current_iteration->GetClearSoftReferences()= 0 force_evacuate_all_= 0 background_gen_= 0 young_gen_= 0 current_iteration->GetFreedObjects()= 0 current_iteration->GetFreedLargeObjects()= 0 current_iteration->GetFreedBytes()(MB)= 0 region_space->GetObjectsAllocated()= 522038 region_space->GetBytesAllocated()= 54 mark_num_= 0 mark_from_read_barrier_num_= 0 scan_num_= 0 copy_num_= 0 copy_from_barrier_num_= 0 push_on_mark_stack_num_= 0 read_barrier_num_= 0 copy_launch_object_num_= 0 copy_cold_object_num_= 0 depth_= 0
11-29 01:36:49.423  3631  3644 I tch.android.ap: jiacheng RegionSpace::Debug() Begin()= 0x12c00000 End()= 0x52c00000 launch_region_num= 0 working_set_region_num= 0 cold_region_num= 0 none_region_num= 96 new_region_num= 155
11-29 01:36:49.423  3631  3644 I tch.android.ap: jiacheng MallocSpace::Debug() Begin()= 0x7226b000 End()= 0x722b5000
11-29 01:36:49.423  3631  3644 I tch.android.ap: jiacheng LargeObjectSpace::Debug() Begin()= 0x76077000 End()= 0x96077000
11-29 01:36:49.423  3631  3644 I tch.android.ap: jiacheng force_evacuate_all_= 0
11-29 01:36:49.424  3631  3644 I tch.android.ap: jiacheng ConcurrentCopying::MarkingPhase() GetPerceptibleFlag()= 1
11-29 01:36:49.894  3631  3652 I tch.android.ap: jiacheng MutatorWS= 346116 GcWS= 416599
11-29 01:36:50.438  3631  3644 I tch.android.ap: jiacheng CopyingPhase() card_scan_num1= 6192
11-29 01:36:50.763  3631  3644 I tch.android.ap: jiacheng CopyingPhase() card_scan_num1= 55
11-29 01:36:51.488  3631  3644 I tch.android.ap: jiacheng RegionSpace::Debug() Begin()= 0x12c00000 End()= 0x52c00000 launch_region_num= 0 working_set_region_num= 0 cold_region_num= 0 none_region_num= 95 new_region_num= 57
11-29 01:36:51.488  3631  3644 I tch.android.ap: jiacheng MallocSpace::Debug() Begin()= 0x7226b000 End()= 0x722b5000
11-29 01:36:51.488  3631  3644 I tch.android.ap: jiacheng LargeObjectSpace::Debug() Begin()= 0x76077000 End()= 0x96077000
11-29 01:36:51.488  3631  3644 I tch.android.ap: jiacheng ConcurrentCopying::Runphases() End NanoTime()= 353874815822 GetGcType()= GcTypePartial current_iteration->GetGcCause()= Background current_iteration->GetClearSoftReferences()= 0 force_evacuate_all_= 0 background_gen_= 0 young_gen_= 0 current_iteration->GetFreedObjects()= 291394 current_iteration->GetFreedLargeObjects()= 189 current_iteration->GetFreedBytes()(MB)= 40 region_space->GetObjectsAllocated()= 395006 region_space->GetBytesAllocated()= 30 mark_num_= 1029904 mark_from_read_barrier_num_= 0 scan_num_= 186363 copy_num_= 64189 copy_from_barrier_num_= 3989 push_on_mark_stack_num_= 102634 read_barrier_num_= 124675 copy_launch_object_num_= 0 copy_cold_object_num_= 0 depth_= 0
11-29 01:36:51.488  3631  3644 I tch.android.ap: jiacheng LogGC() Background concurrent copying GC freed 291394(40MB) AllocSpace objects, 189(5184KB) LOS objects, 40% free, 34MB/58MB, paused 992us total 2.066s
11-29 01:36:53.050  3631  3652 I tch.android.ap: jiacheng MutatorWS= 306588 GcWS= 380416
11-29 01:36:53.922  3631  3644 I tch.android.ap: jiacheng ConcurrentCopying::Runphases() Start NanoTime()= 356308275960 GetGcType()= GcTypePartial current_iteration->GetGcCause()= Background current_iteration->GetClearSoftReferences()= 0 force_evacuate_all_= 0 background_gen_= 0 young_gen_= 0 current_iteration->GetFreedObjects()= 0 current_iteration->GetFreedLargeObjects()= 0 current_iteration->GetFreedBytes()(MB)= 0 region_space->GetObjectsAllocated()= 578091 region_space->GetBytesAllocated()= 47 mark_num_= 0 mark_from_read_barrier_num_= 0 scan_num_= 0 copy_num_= 0 copy_from_barrier_num_= 0 push_on_mark_stack_num_= 0 read_barrier_num_= 0 copy_launch_object_num_= 0 copy_cold_object_num_= 0 depth_= 0
11-29 01:36:53.922  3631  3644 I tch.android.ap: jiacheng RegionSpace::Debug() Begin()= 0x12c00000 End()= 0x52c00000 launch_region_num= 0 working_set_region_num= 0 cold_region_num= 0 none_region_num= 95 new_region_num= 136
11-29 01:36:53.922  3631  3644 I tch.android.ap: jiacheng MallocSpace::Debug() Begin()= 0x7226b000 End()= 0x722b5000
11-29 01:36:53.922  3631  3644 I tch.android.ap: jiacheng LargeObjectSpace::Debug() Begin()= 0x76077000 End()= 0x96077000
11-29 01:36:53.922  3631  3644 I tch.android.ap: jiacheng force_evacuate_all_= 0
11-29 01:36:53.922  3631  3644 I tch.android.ap: jiacheng ConcurrentCopying::MarkingPhase() GetPerceptibleFlag()= 1
11-29 01:36:54.730  3631  3644 I tch.android.ap: jiacheng CopyingPhase() card_scan_num1= 3980
11-29 01:36:55.041  3631  3644 I tch.android.ap: jiacheng CopyingPhase() card_scan_num1= 20
11-29 01:36:55.762  3631  3644 I tch.android.ap: jiacheng RegionSpace::Debug() Begin()= 0x12c00000 End()= 0x52c00000 launch_region_num= 0 working_set_region_num= 0 cold_region_num= 0 none_region_num= 93 new_region_num= 48
11-29 01:36:55.762  3631  3644 I tch.android.ap: jiacheng MallocSpace::Debug() Begin()= 0x7226b000 End()= 0x722b5000
11-29 01:36:55.762  3631  3644 I tch.android.ap: jiacheng LargeObjectSpace::Debug() Begin()= 0x76077000 End()= 0x96077000
11-29 01:36:55.762  3631  3644 I tch.android.ap: jiacheng ConcurrentCopying::Runphases() End NanoTime()= 358149154894 GetGcType()= GcTypePartial current_iteration->GetGcCause()= Background current_iteration->GetClearSoftReferences()= 0 force_evacuate_all_= 0 background_gen_= 0 young_gen_= 0 current_iteration->GetFreedObjects()= 359166 current_iteration->GetFreedLargeObjects()= 367 current_iteration->GetFreedBytes()(MB)= 28 region_space->GetObjectsAllocated()= 371869 region_space->GetBytesAllocated()= 29 mark_num_= 1023967 mark_from_read_barrier_num_= 0 scan_num_= 184772 copy_num_= 68095 copy_from_barrier_num_= 4121 push_on_mark_stack_num_= 104559 read_barrier_num_= 128087 copy_launch_object_num_= 0 copy_cold_object_num_= 0 depth_= 0
11-29 01:36:55.763  3631  3644 I tch.android.ap: jiacheng LogGC() Background concurrent copying GC freed 359166(28MB) AllocSpace objects, 367(10MB) LOS objects, 42% free, 32MB/56MB, paused 995us total 1.841s
11-29 01:36:56.186  3631  3652 I tch.android.ap: jiacheng MutatorWS= 248885 GcWS= 391150
11-29 01:36:58.233  3631  3644 I tch.android.ap: jiacheng ConcurrentCopying::Runphases() Start NanoTime()= 360619204775 GetGcType()= GcTypePartial current_iteration->GetGcCause()= Background current_iteration->GetClearSoftReferences()= 0 force_evacuate_all_= 0 background_gen_= 0 young_gen_= 0 current_iteration->GetFreedObjects()= 0 current_iteration->GetFreedLargeObjects()= 0 current_iteration->GetFreedBytes()(MB)= 0 region_space->GetObjectsAllocated()= 551793 region_space->GetBytesAllocated()= 45 mark_num_= 0 mark_from_read_barrier_num_= 0 scan_num_= 0 copy_num_= 0 copy_from_barrier_num_= 0 push_on_mark_stack_num_= 0 read_barrier_num_= 0 copy_launch_object_num_= 0 copy_cold_object_num_= 0 depth_= 0
11-29 01:36:58.233  3631  3644 I tch.android.ap: jiacheng RegionSpace::Debug() Begin()= 0x12c00000 End()= 0x52c00000 launch_region_num= 0 working_set_region_num= 0 cold_region_num= 0 none_region_num= 93 new_region_num= 131
11-29 01:36:58.233  3631  3644 I tch.android.ap: jiacheng MallocSpace::Debug() Begin()= 0x7226b000 End()= 0x722b5000
11-29 01:36:58.233  3631  3644 I tch.android.ap: jiacheng LargeObjectSpace::Debug() Begin()= 0x76077000 End()= 0x96077000
11-29 01:36:58.233  3631  3644 I tch.android.ap: jiacheng force_evacuate_all_= 0
11-29 01:36:58.233  3631  3644 I tch.android.ap: jiacheng ConcurrentCopying::MarkingPhase() GetPerceptibleFlag()= 1
11-29 01:36:59.119  3631  3644 I tch.android.ap: jiacheng CopyingPhase() card_scan_num1= 4635
11-29 01:36:59.300  3631  3652 I tch.android.ap: jiacheng MutatorWS= 250933 GcWS= 303989
11-29 01:36:59.508  3631  3644 I tch.android.ap: jiacheng CopyingPhase() card_scan_num1= 24
11-29 01:37:00.163  3631  3644 I tch.android.ap: jiacheng RegionSpace::Debug() Begin()= 0x12c00000 End()= 0x52c00000 launch_region_num= 0 working_set_region_num= 0 cold_region_num= 0 none_region_num= 94 new_region_num= 54
11-29 01:37:00.163  3631  3644 I tch.android.ap: jiacheng MallocSpace::Debug() Begin()= 0x7226b000 End()= 0x722b5000
11-29 01:37:00.163  3631  3644 I tch.android.ap: jiacheng LargeObjectSpace::Debug() Begin()= 0x76077000 End()= 0x96077000
11-29 01:37:00.163  3631  3644 I tch.android.ap: jiacheng ConcurrentCopying::Runphases() End NanoTime()= 362550026322 GetGcType()= GcTypePartial current_iteration->GetGcCause()= Background current_iteration->GetClearSoftReferences()= 0 force_evacuate_all_= 0 background_gen_= 0 young_gen_= 0 current_iteration->GetFreedObjects()= 337233 current_iteration->GetFreedLargeObjects()= 377 current_iteration->GetFreedBytes()(MB)= 27 region_space->GetObjectsAllocated()= 384994 region_space->GetBytesAllocated()= 29 mark_num_= 1011233 mark_from_read_barrier_num_= 0 scan_num_= 184292 copy_num_= 63061 copy_from_barrier_num_= 3205 push_on_mark_stack_num_= 100041 read_barrier_num_= 114512 copy_launch_object_num_= 0 copy_cold_object_num_= 0 depth_= 0
11-29 01:37:00.164  3631  3644 I tch.android.ap: jiacheng LogGC() Background concurrent copying GC freed 337233(27MB) AllocSpace objects, 377(10MB) LOS objects, 42% free, 33MB/57MB, paused 9.211ms total 1.931s
11-29 01:37:02.084  3631  3644 I tch.android.ap: jiacheng ConcurrentCopying::Runphases() Start NanoTime()= 364471175211 GetGcType()= GcTypePartial current_iteration->GetGcCause()= Background current_iteration->GetClearSoftReferences()= 0 force_evacuate_all_= 0 background_gen_= 0 young_gen_= 0 current_iteration->GetFreedObjects()= 0 current_iteration->GetFreedLargeObjects()= 0 current_iteration->GetFreedBytes()(MB)= 0 region_space->GetObjectsAllocated()= 569820 region_space->GetBytesAllocated()= 48 mark_num_= 0 mark_from_read_barrier_num_= 0 scan_num_= 0 copy_num_= 0 copy_from_barrier_num_= 0 push_on_mark_stack_num_= 0 read_barrier_num_= 0 copy_launch_object_num_= 0 copy_cold_object_num_= 0 depth_= 0
11-29 01:37:02.085  3631  3644 I tch.android.ap: jiacheng RegionSpace::Debug() Begin()= 0x12c00000 End()= 0x52c00000 launch_region_num= 0 working_set_region_num= 0 cold_region_num= 0 none_region_num= 94 new_region_num= 131
11-29 01:37:02.085  3631  3644 I tch.android.ap: jiacheng MallocSpace::Debug() Begin()= 0x7226b000 End()= 0x722b5000
11-29 01:37:02.085  3631  3644 I tch.android.ap: jiacheng LargeObjectSpace::Debug() Begin()= 0x76077000 End()= 0x96077000
11-29 01:37:02.085  3631  3644 I tch.android.ap: jiacheng force_evacuate_all_= 0
11-29 01:37:02.085  3631  3644 I tch.android.ap: jiacheng ConcurrentCopying::MarkingPhase() GetPerceptibleFlag()= 1
11-29 01:37:02.401  3631  3652 I tch.android.ap: jiacheng MutatorWS= 337962 GcWS= 329585
11-29 01:37:02.980  3631  3644 I tch.android.ap: jiacheng CopyingPhase() card_scan_num1= 10672
11-29 01:37:03.292  3631  3644 I tch.android.ap: jiacheng CopyingPhase() card_scan_num1= 30
11-29 01:37:04.059  3631  3644 I tch.android.ap: jiacheng RegionSpace::Debug() Begin()= 0x12c00000 End()= 0x52c00000 launch_region_num= 0 working_set_region_num= 0 cold_region_num= 0 none_region_num= 97 new_region_num= 54
11-29 01:37:04.059  3631  3644 I tch.android.ap: jiacheng MallocSpace::Debug() Begin()= 0x7226b000 End()= 0x722b5000
11-29 01:37:04.059  3631  3644 I tch.android.ap: jiacheng LargeObjectSpace::Debug() Begin()= 0x76077000 End()= 0x96077000
11-29 01:37:04.059  3631  3644 I tch.android.ap: jiacheng ConcurrentCopying::Runphases() End NanoTime()= 366445451918 GetGcType()= GcTypePartial current_iteration->GetGcCause()= Background current_iteration->GetClearSoftReferences()= 0 force_evacuate_all_= 0 background_gen_= 0 young_gen_= 0 current_iteration->GetFreedObjects()= 396686 current_iteration->GetFreedLargeObjects()= 249 current_iteration->GetFreedBytes()(MB)= 46 region_space->GetObjectsAllocated()= 391841 region_space->GetBytesAllocated()= 29 mark_num_= 1043251 mark_from_read_barrier_num_= 0 scan_num_= 193097 copy_num_= 71687 copy_from_barrier_num_= 9662 push_on_mark_stack_num_= 108975 read_barrier_num_= 124538 copy_launch_object_num_= 0 copy_cold_object_num_= 0 depth_= 0
11-29 01:37:04.059  3631  3644 I tch.android.ap: jiacheng LogGC() Background concurrent copying GC freed 396686(46MB) AllocSpace objects, 249(7360KB) LOS objects, 41% free, 33MB/57MB, paused 305us total 1.974s
11-29 01:37:04.642  3631  3644 I tch.android.ap: jiacheng ConcurrentCopying::Runphases() Start NanoTime()= 367028559841 GetGcType()= GcTypePartial current_iteration->GetGcCause()= Background current_iteration->GetClearSoftReferences()= 0 force_evacuate_all_= 0 background_gen_= 0 young_gen_= 0 current_iteration->GetFreedObjects()= 0 current_iteration->GetFreedLargeObjects()= 0 current_iteration->GetFreedBytes()(MB)= 0 region_space->GetObjectsAllocated()= 492416 region_space->GetBytesAllocated()= 52 mark_num_= 0 mark_from_read_barrier_num_= 0 scan_num_= 0 copy_num_= 0 copy_from_barrier_num_= 0 push_on_mark_stack_num_= 0 read_barrier_num_= 0 copy_launch_object_num_= 0 copy_cold_object_num_= 0 depth_= 0
11-29 01:37:04.642  3631  3644 I tch.android.ap: jiacheng RegionSpace::Debug() Begin()= 0x12c00000 End()= 0x52c00000 launch_region_num= 0 working_set_region_num= 0 cold_region_num= 0 none_region_num= 97 new_region_num= 143
11-29 01:37:04.642  3631  3644 I tch.android.ap: jiacheng MallocSpace::Debug() Begin()= 0x7226b000 End()= 0x722b5000
11-29 01:37:04.642  3631  3644 I tch.android.ap: jiacheng LargeObjectSpace::Debug() Begin()= 0x76077000 End()= 0x96077000
11-29 01:37:04.642  3631  3644 I tch.android.ap: jiacheng force_evacuate_all_= 0
11-29 01:37:04.643  3631  3644 I tch.android.ap: jiacheng ConcurrentCopying::MarkingPhase() GetPerceptibleFlag()= 1
11-29 01:37:05.486  3631  3644 I tch.android.ap: jiacheng CopyingPhase() card_scan_num1= 5142
11-29 01:37:05.514  3631  3652 I tch.android.ap: jiacheng MutatorWS= 344899 GcWS= 435216
11-29 01:37:05.883  3631  3644 I tch.android.ap: jiacheng CopyingPhase() card_scan_num1= 38
11-29 01:37:06.565  3631  3644 I tch.android.ap: jiacheng RegionSpace::Debug() Begin()= 0x12c00000 End()= 0x52c00000 launch_region_num= 0 working_set_region_num= 0 cold_region_num= 0 none_region_num= 96 new_region_num= 49
11-29 01:37:06.565  3631  3644 I tch.android.ap: jiacheng MallocSpace::Debug() Begin()= 0x7226b000 End()= 0x722b5000
11-29 01:37:06.565  3631  3644 I tch.android.ap: jiacheng LargeObjectSpace::Debug() Begin()= 0x76077000 End()= 0x96077000
11-29 01:37:06.565  3631  3644 I tch.android.ap: jiacheng ConcurrentCopying::Runphases() End NanoTime()= 368952079772 GetGcType()= GcTypePartial current_iteration->GetGcCause()= Background current_iteration->GetClearSoftReferences()= 0 force_evacuate_all_= 0 background_gen_= 0 young_gen_= 0 current_iteration->GetFreedObjects()= 248546 current_iteration->GetFreedLargeObjects()= 102 current_iteration->GetFreedBytes()(MB)= 34 region_space->GetObjectsAllocated()= 381399 region_space->GetBytesAllocated()= 29 mark_num_= 1029405 mark_from_read_barrier_num_= 0 scan_num_= 186224 copy_num_= 59133 copy_from_barrier_num_= 2714 push_on_mark_stack_num_= 99684 read_barrier_num_= 123924 copy_launch_object_num_= 0 copy_cold_object_num_= 0 depth_= 0
11-29 01:37:06.566  3631  3644 I tch.android.ap: jiacheng LogGC() Background concurrent copying GC freed 248546(34MB) AllocSpace objects, 102(3748KB) LOS objects, 42% free, 33MB/57MB, paused 285us total 1.923s
11-29 01:37:08.655  3631  3652 I tch.android.ap: jiacheng MutatorWS= 298795 GcWS= 322769
11-29 01:37:08.883  3631  3644 I tch.android.ap: jiacheng ConcurrentCopying::Runphases() Start NanoTime()= 371269135471 GetGcType()= GcTypePartial current_iteration->GetGcCause()= Background current_iteration->GetClearSoftReferences()= 0 force_evacuate_all_= 0 background_gen_= 0 young_gen_= 0 current_iteration->GetFreedObjects()= 0 current_iteration->GetFreedLargeObjects()= 0 current_iteration->GetFreedBytes()(MB)= 0 region_space->GetObjectsAllocated()= 584388 region_space->GetBytesAllocated()= 47 mark_num_= 0 mark_from_read_barrier_num_= 0 scan_num_= 0 copy_num_= 0 copy_from_barrier_num_= 0 push_on_mark_stack_num_= 0 read_barrier_num_= 0 copy_launch_object_num_= 0 copy_cold_object_num_= 0 depth_= 0
11-29 01:37:08.883  3631  3644 I tch.android.ap: jiacheng RegionSpace::Debug() Begin()= 0x12c00000 End()= 0x52c00000 launch_region_num= 0 working_set_region_num= 0 cold_region_num= 0 none_region_num= 96 new_region_num= 127
11-29 01:37:08.883  3631  3644 I tch.android.ap: jiacheng MallocSpace::Debug() Begin()= 0x7226b000 End()= 0x722b5000
11-29 01:37:08.883  3631  3644 I tch.android.ap: jiacheng LargeObjectSpace::Debug() Begin()= 0x76077000 End()= 0x96077000
11-29 01:37:08.883  3631  3644 I tch.android.ap: jiacheng force_evacuate_all_= 0
11-29 01:37:08.883  3631  3644 I tch.android.ap: jiacheng ConcurrentCopying::MarkingPhase() GetPerceptibleFlag()= 1
11-29 01:37:09.708  3631  3644 I tch.android.ap: jiacheng CopyingPhase() card_scan_num1= 4091
11-29 01:37:10.034  3631  3644 I tch.android.ap: jiacheng CopyingPhase() card_scan_num1= 24
11-29 01:37:10.756  3631  3644 I tch.android.ap: jiacheng RegionSpace::Debug() Begin()= 0x12c00000 End()= 0x52c00000 launch_region_num= 0 working_set_region_num= 0 cold_region_num= 0 none_region_num= 97 new_region_num= 53
11-29 01:37:10.756  3631  3644 I tch.android.ap: jiacheng MallocSpace::Debug() Begin()= 0x7226b000 End()= 0x722b5000
11-29 01:37:10.756  3631  3644 I tch.android.ap: jiacheng LargeObjectSpace::Debug() Begin()= 0x76077000 End()= 0x96077000
11-29 01:37:10.756  3631  3644 I tch.android.ap: jiacheng ConcurrentCopying::Runphases() End NanoTime()= 373142949252 GetGcType()= GcTypePartial current_iteration->GetGcCause()= Background current_iteration->GetClearSoftReferences()= 0 force_evacuate_all_= 0 background_gen_= 0 young_gen_= 0 current_iteration->GetFreedObjects()= 360040 current_iteration->GetFreedLargeObjects()= 315 current_iteration->GetFreedBytes()(MB)= 27 region_space->GetObjectsAllocated()= 384517 region_space->GetBytesAllocated()= 29 mark_num_= 1044931 mark_from_read_barrier_num_= 0 scan_num_= 190746 copy_num_= 68650 copy_from_barrier_num_= 2767 push_on_mark_stack_num_= 103962 read_barrier_num_= 123019 copy_launch_object_num_= 0 copy_cold_object_num_= 0 depth_= 0
11-29 01:37:10.756  3631  3644 I tch.android.ap: jiacheng LogGC() Background concurrent copying GC freed 360040(27MB) AllocSpace objects, 315(9484KB) LOS objects, 41% free, 33MB/57MB, paused 809us total 1.874s
11-29 01:37:11.756  3631  3652 I tch.android.ap: jiacheng MutatorWS= 292682 GcWS= 401873
11-29 01:37:13.114  3631  3644 I tch.android.ap: jiacheng ConcurrentCopying::Runphases() Start NanoTime()= 375500491674 GetGcType()= GcTypePartial current_iteration->GetGcCause()= Background current_iteration->GetClearSoftReferences()= 0 force_evacuate_all_= 0 background_gen_= 0 young_gen_= 0 current_iteration->GetFreedObjects()= 0 current_iteration->GetFreedLargeObjects()= 0 current_iteration->GetFreedBytes()(MB)= 0 region_space->GetObjectsAllocated()= 628416 region_space->GetBytesAllocated()= 48 mark_num_= 0 mark_from_read_barrier_num_= 0 scan_num_= 0 copy_num_= 0 copy_from_barrier_num_= 0 push_on_mark_stack_num_= 0 read_barrier_num_= 0 copy_launch_object_num_= 0 copy_cold_object_num_= 0 depth_= 0
11-29 01:37:13.114  3631  3644 I tch.android.ap: jiacheng RegionSpace::Debug() Begin()= 0x12c00000 End()= 0x52c00000 launch_region_num= 0 working_set_region_num= 0 cold_region_num= 0 none_region_num= 97 new_region_num= 136
11-29 01:37:13.114  3631  3644 I tch.android.ap: jiacheng MallocSpace::Debug() Begin()= 0x7226b000 End()= 0x722b5000
11-29 01:37:13.114  3631  3644 I tch.android.ap: jiacheng LargeObjectSpace::Debug() Begin()= 0x76077000 End()= 0x96077000
11-29 01:37:13.114  3631  3644 I tch.android.ap: jiacheng force_evacuate_all_= 0
11-29 01:37:13.114  3631  3644 I tch.android.ap: jiacheng ConcurrentCopying::MarkingPhase() GetPerceptibleFlag()= 1
11-29 01:37:14.022  3631  3644 I tch.android.ap: jiacheng CopyingPhase() card_scan_num1= 11190
11-29 01:37:14.372  3631  3644 I tch.android.ap: jiacheng CopyingPhase() card_scan_num1= 24
11-29 01:37:14.883  3631  3652 I tch.android.ap: jiacheng MutatorWS= 352151 GcWS= 422386
11-29 01:37:15.176  3631  3644 I tch.android.ap: jiacheng RegionSpace::Debug() Begin()= 0x12c00000 End()= 0x52c00000 launch_region_num= 0 working_set_region_num= 0 cold_region_num= 0 none_region_num= 98 new_region_num= 52
11-29 01:37:15.176  3631  3644 I tch.android.ap: jiacheng MallocSpace::Debug() Begin()= 0x7226b000 End()= 0x722b5000
11-29 01:37:15.176  3631  3644 I tch.android.ap: jiacheng LargeObjectSpace::Debug() Begin()= 0x76077000 End()= 0x96077000
11-29 01:37:15.176  3631  3644 I tch.android.ap: jiacheng ConcurrentCopying::Runphases() End NanoTime()= 377562664588 GetGcType()= GcTypePartial current_iteration->GetGcCause()= Background current_iteration->GetClearSoftReferences()= 0 force_evacuate_all_= 0 background_gen_= 0 young_gen_= 0 current_iteration->GetFreedObjects()= 444736 current_iteration->GetFreedLargeObjects()= 286 current_iteration->GetFreedBytes()(MB)= 50 region_space->GetObjectsAllocated()= 415330 region_space->GetBytesAllocated()= 30 mark_num_= 1050219 mark_from_read_barrier_num_= 0 scan_num_= 197957 copy_num_= 71550 copy_from_barrier_num_= 2600 push_on_mark_stack_num_= 107807 read_barrier_num_= 105300 copy_launch_object_num_= 0 copy_cold_object_num_= 0 depth_= 0
11-29 01:37:15.176  3631  3644 I tch.android.ap: jiacheng LogGC() Background concurrent copying GC freed 444736(50MB) AllocSpace objects, 286(8676KB) LOS objects, 41% free, 33MB/57MB, paused 1.205ms total 2.062s
11-29 01:37:16.001  3631  3644 I tch.android.ap: jiacheng ConcurrentCopying::Runphases() Start NanoTime()= 378387785764 GetGcType()= GcTypePartial current_iteration->GetGcCause()= Background current_iteration->GetClearSoftReferences()= 0 force_evacuate_all_= 0 background_gen_= 0 young_gen_= 0 current_iteration->GetFreedObjects()= 0 current_iteration->GetFreedLargeObjects()= 0 current_iteration->GetFreedBytes()(MB)= 0 region_space->GetObjectsAllocated()= 521729 region_space->GetBytesAllocated()= 52 mark_num_= 0 mark_from_read_barrier_num_= 0 scan_num_= 0 copy_num_= 0 copy_from_barrier_num_= 0 push_on_mark_stack_num_= 0 read_barrier_num_= 0 copy_launch_object_num_= 0 copy_cold_object_num_= 0 depth_= 0
11-29 01:37:16.001  3631  3644 I tch.android.ap: jiacheng RegionSpace::Debug() Begin()= 0x12c00000 End()= 0x52c00000 launch_region_num= 0 working_set_region_num= 0 cold_region_num= 0 none_region_num= 98 new_region_num= 145
11-29 01:37:16.001  3631  3644 I tch.android.ap: jiacheng MallocSpace::Debug() Begin()= 0x7226b000 End()= 0x722b5000
11-29 01:37:16.001  3631  3644 I tch.android.ap: jiacheng LargeObjectSpace::Debug() Begin()= 0x76077000 End()= 0x96077000
11-29 01:37:16.001  3631  3644 I tch.android.ap: jiacheng force_evacuate_all_= 0
11-29 01:37:16.002  3631  3644 I tch.android.ap: jiacheng ConcurrentCopying::MarkingPhase() GetPerceptibleFlag()= 1
11-29 01:37:16.859  3631  3644 I tch.android.ap: jiacheng CopyingPhase() card_scan_num1= 6153
11-29 01:37:17.206  3631  3644 I tch.android.ap: jiacheng CopyingPhase() card_scan_num1= 50
11-29 01:37:17.850  3631  3644 I tch.android.ap: jiacheng RegionSpace::Debug() Begin()= 0x12c00000 End()= 0x52c00000 launch_region_num= 0 working_set_region_num= 0 cold_region_num= 0 none_region_num= 96 new_region_num= 50
11-29 01:37:17.850  3631  3644 I tch.android.ap: jiacheng MallocSpace::Debug() Begin()= 0x7226b000 End()= 0x722b5000
11-29 01:37:17.850  3631  3644 I tch.android.ap: jiacheng LargeObjectSpace::Debug() Begin()= 0x76077000 End()= 0x96077000
11-29 01:37:17.850  3631  3644 I tch.android.ap: jiacheng ConcurrentCopying::Runphases() End NanoTime()= 380236509229 GetGcType()= GcTypePartial current_iteration->GetGcCause()= Background current_iteration->GetClearSoftReferences()= 0 force_evacuate_all_= 0 background_gen_= 0 young_gen_= 0 current_iteration->GetFreedObjects()= 290822 current_iteration->GetFreedLargeObjects()= 150 current_iteration->GetFreedBytes()(MB)= 38 region_space->GetObjectsAllocated()= 380370 region_space->GetBytesAllocated()= 28 mark_num_= 1020213 mark_from_read_barrier_num_= 0 scan_num_= 186838 copy_num_= 54999 copy_from_barrier_num_= 5265 push_on_mark_stack_num_= 93892 read_barrier_num_= 108334 copy_launch_object_num_= 0 copy_cold_object_num_= 0 depth_= 0
11-29 01:37:17.850  3631  3644 I tch.android.ap: jiacheng LogGC() Background concurrent copying GC freed 290822(38MB) AllocSpace objects, 150(4484KB) LOS objects, 42% free, 32MB/56MB, paused 1.355ms total 1.849s
11-29 01:37:18.020  3631  3652 I tch.android.ap: jiacheng MutatorWS= 309363 GcWS= 395498
11-29 01:37:19.941  3631  3644 I tch.android.ap: jiacheng ConcurrentCopying::Runphases() Start NanoTime()= 382327847667 GetGcType()= GcTypePartial current_iteration->GetGcCause()= Background current_iteration->GetClearSoftReferences()= 0 force_evacuate_all_= 0 background_gen_= 0 young_gen_= 0 current_iteration->GetFreedObjects()= 0 current_iteration->GetFreedLargeObjects()= 0 current_iteration->GetFreedBytes()(MB)= 0 region_space->GetObjectsAllocated()= 560719 region_space->GetBytesAllocated()= 45 mark_num_= 0 mark_from_read_barrier_num_= 0 scan_num_= 0 copy_num_= 0 copy_from_barrier_num_= 0 push_on_mark_stack_num_= 0 read_barrier_num_= 0 copy_launch_object_num_= 0 copy_cold_object_num_= 0 depth_= 0
11-29 01:37:19.941  3631  3644 I tch.android.ap: jiacheng RegionSpace::Debug() Begin()= 0x12c00000 End()= 0x52c00000 launch_region_num= 0 working_set_region_num= 0 cold_region_num= 0 none_region_num= 96 new_region_num= 125
11-29 01:37:19.941  3631  3644 I tch.android.ap: jiacheng MallocSpace::Debug() Begin()= 0x7226b000 End()= 0x722b5000
11-29 01:37:19.941  3631  3644 I tch.android.ap: jiacheng LargeObjectSpace::Debug() Begin()= 0x76077000 End()= 0x96077000
11-29 01:37:19.941  3631  3644 I tch.android.ap: jiacheng force_evacuate_all_= 0
11-29 01:37:19.942  3631  3644 I tch.android.ap: jiacheng ConcurrentCopying::MarkingPhase() GetPerceptibleFlag()= 1
11-29 01:37:20.790  3631  3644 I tch.android.ap: jiacheng CopyingPhase() card_scan_num1= 5692
11-29 01:37:21.117  3631  3644 I tch.android.ap: jiacheng CopyingPhase() card_scan_num1= 21
11-29 01:37:21.142  3631  3652 I tch.android.ap: jiacheng MutatorWS= 319563 GcWS= 321744
11-29 01:37:21.834  3631  3644 I tch.android.ap: jiacheng RegionSpace::Debug() Begin()= 0x12c00000 End()= 0x52c00000 launch_region_num= 0 working_set_region_num= 0 cold_region_num= 0 none_region_num= 96 new_region_num= 52
11-29 01:37:21.834  3631  3644 I tch.android.ap: jiacheng MallocSpace::Debug() Begin()= 0x7226b000 End()= 0x722b5000
11-29 01:37:21.834  3631  3644 I tch.android.ap: jiacheng LargeObjectSpace::Debug() Begin()= 0x76077000 End()= 0x96077000
11-29 01:37:21.835  3631  3644 I tch.android.ap: jiacheng ConcurrentCopying::Runphases() End NanoTime()= 384221271814 GetGcType()= GcTypePartial current_iteration->GetGcCause()= Background current_iteration->GetClearSoftReferences()= 0 force_evacuate_all_= 0 background_gen_= 0 young_gen_= 0 current_iteration->GetFreedObjects()= 353549 current_iteration->GetFreedLargeObjects()= 341 current_iteration->GetFreedBytes()(MB)= 27 region_space->GetObjectsAllocated()= 396877 region_space->GetBytesAllocated()= 29 mark_num_= 1024557 mark_from_read_barrier_num_= 0 scan_num_= 187667 copy_num_= 54767 copy_from_barrier_num_= 2598 push_on_mark_stack_num_= 96984 read_barrier_num_= 112355 copy_launch_object_num_= 0 copy_cold_object_num_= 0 depth_= 0
11-29 01:37:21.835  3631  3644 I tch.android.ap: jiacheng LogGC() Background concurrent copying GC freed 353549(27MB) AllocSpace objects, 341(9624KB) LOS objects, 41% free, 34MB/58MB, paused 355us total 1.893s
11-29 01:37:24.072  3631  3644 I tch.android.ap: jiacheng ConcurrentCopying::Runphases() Start NanoTime()= 386458595214 GetGcType()= GcTypePartial current_iteration->GetGcCause()= Background current_iteration->GetClearSoftReferences()= 0 force_evacuate_all_= 0 background_gen_= 0 young_gen_= 0 current_iteration->GetFreedObjects()= 0 current_iteration->GetFreedLargeObjects()= 0 current_iteration->GetFreedBytes()(MB)= 0 region_space->GetObjectsAllocated()= 594254 region_space->GetBytesAllocated()= 47 mark_num_= 0 mark_from_read_barrier_num_= 0 scan_num_= 0 copy_num_= 0 copy_from_barrier_num_= 0 push_on_mark_stack_num_= 0 read_barrier_num_= 0 copy_launch_object_num_= 0 copy_cold_object_num_= 0 depth_= 0
11-29 01:37:24.072  3631  3644 I tch.android.ap: jiacheng RegionSpace::Debug() Begin()= 0x12c00000 End()= 0x52c00000 launch_region_num= 0 working_set_region_num= 0 cold_region_num= 0 none_region_num= 96 new_region_num= 134
11-29 01:37:24.072  3631  3644 I tch.android.ap: jiacheng MallocSpace::Debug() Begin()= 0x7226b000 End()= 0x722b5000
11-29 01:37:24.072  3631  3644 I tch.android.ap: jiacheng LargeObjectSpace::Debug() Begin()= 0x76077000 End()= 0x96077000
11-29 01:37:24.072  3631  3644 I tch.android.ap: jiacheng force_evacuate_all_= 0
11-29 01:37:24.073  3631  3644 I tch.android.ap: jiacheng ConcurrentCopying::MarkingPhase() GetPerceptibleFlag()= 1
11-29 01:37:24.255  3631  3652 I tch.android.ap: jiacheng MutatorWS= 305163 GcWS= 311176
11-29 01:37:24.972  3631  3644 I tch.android.ap: jiacheng CopyingPhase() card_scan_num1= 6470
11-29 01:37:25.335  3631  3644 I tch.android.ap: jiacheng CopyingPhase() card_scan_num1= 35
11-29 01:37:26.120  3631  3644 I tch.android.ap: jiacheng RegionSpace::Debug() Begin()= 0x12c00000 End()= 0x52c00000 launch_region_num= 0 working_set_region_num= 0 cold_region_num= 0 none_region_num= 99 new_region_num= 52
11-29 01:37:26.120  3631  3644 I tch.android.ap: jiacheng MallocSpace::Debug() Begin()= 0x7226b000 End()= 0x722b5000
11-29 01:37:26.120  3631  3644 I tch.android.ap: jiacheng LargeObjectSpace::Debug() Begin()= 0x76077000 End()= 0x96077000
11-29 01:37:26.121  3631  3644 I tch.android.ap: jiacheng ConcurrentCopying::Runphases() End NanoTime()= 388507230366 GetGcType()= GcTypePartial current_iteration->GetGcCause()= Background current_iteration->GetClearSoftReferences()= 0 force_evacuate_all_= 0 background_gen_= 0 young_gen_= 0 current_iteration->GetFreedObjects()= 386676 current_iteration->GetFreedLargeObjects()= 369 current_iteration->GetFreedBytes()(MB)= 29 region_space->GetObjectsAllocated()= 413431 region_space->GetBytesAllocated()= 30 mark_num_= 1080691 mark_from_read_barrier_num_= 0 scan_num_= 201241 copy_num_= 71897 copy_from_barrier_num_= 4521 push_on_mark_stack_num_= 110693 read_barrier_num_= 128465 copy_launch_object_num_= 0 copy_cold_object_num_= 0 depth_= 0
11-29 01:37:26.121  3631  3644 I tch.android.ap: jiacheng LogGC() Background concurrent copying GC freed 386676(29MB) AllocSpace objects, 369(10MB) LOS objects, 41% free, 33MB/57MB, paused 414us total 2.049s
11-29 01:37:26.639  3631  3644 I tch.android.ap: jiacheng ConcurrentCopying::Runphases() Start NanoTime()= 389025145990 GetGcType()= GcTypePartial current_iteration->GetGcCause()= Background current_iteration->GetClearSoftReferences()= 0 force_evacuate_all_= 0 background_gen_= 0 young_gen_= 0 current_iteration->GetFreedObjects()= 0 current_iteration->GetFreedLargeObjects()= 0 current_iteration->GetFreedBytes()(MB)= 0 region_space->GetObjectsAllocated()= 498191 region_space->GetBytesAllocated()= 53 mark_num_= 0 mark_from_read_barrier_num_= 0 scan_num_= 0 copy_num_= 0 copy_from_barrier_num_= 0 push_on_mark_stack_num_= 0 read_barrier_num_= 0 copy_launch_object_num_= 0 copy_cold_object_num_= 0 depth_= 0
11-29 01:37:26.639  3631  3644 I tch.android.ap: jiacheng RegionSpace::Debug() Begin()= 0x12c00000 End()= 0x52c00000 launch_region_num= 0 working_set_region_num= 0 cold_region_num= 0 none_region_num= 99 new_region_num= 145
11-29 01:37:26.639  3631  3644 I tch.android.ap: jiacheng MallocSpace::Debug() Begin()= 0x7226b000 End()= 0x722b5000
11-29 01:37:26.639  3631  3644 I tch.android.ap: jiacheng LargeObjectSpace::Debug() Begin()= 0x76077000 End()= 0x96077000
11-29 01:37:26.639  3631  3644 I tch.android.ap: jiacheng force_evacuate_all_= 0
11-29 01:37:26.640  3631  3644 I tch.android.ap: jiacheng ConcurrentCopying::MarkingPhase() GetPerceptibleFlag()= 1
11-29 01:37:27.359  3631  3652 I tch.android.ap: jiacheng MutatorWS= 329538 GcWS= 435474
11-29 01:37:27.574  3631  3644 I tch.android.ap: jiacheng CopyingPhase() card_scan_num1= 6103
11-29 01:37:27.910  3631  3644 I tch.android.ap: jiacheng CopyingPhase() card_scan_num1= 57
11-29 01:37:28.809  3631  3644 I tch.android.ap: jiacheng RegionSpace::Debug() Begin()= 0x12c00000 End()= 0x52c00000 launch_region_num= 0 working_set_region_num= 0 cold_region_num= 0 none_region_num= 96 new_region_num= 79
11-29 01:37:28.809  3631  3644 I tch.android.ap: jiacheng MallocSpace::Debug() Begin()= 0x7226b000 End()= 0x722b5000
11-29 01:37:28.809  3631  3644 I tch.android.ap: jiacheng LargeObjectSpace::Debug() Begin()= 0x76077000 End()= 0x96077000
11-29 01:37:28.809  3631  3644 I tch.android.ap: jiacheng ConcurrentCopying::Runphases() End NanoTime()= 391195586988 GetGcType()= GcTypePartial current_iteration->GetGcCause()= Background current_iteration->GetClearSoftReferences()= 0 force_evacuate_all_= 0 background_gen_= 0 young_gen_= 0 current_iteration->GetFreedObjects()= 270340 current_iteration->GetFreedLargeObjects()= 130 current_iteration->GetFreedBytes()(MB)= 36 region_space->GetObjectsAllocated()= 435397 region_space->GetBytesAllocated()= 36 mark_num_= 1054744 mark_from_read_barrier_num_= 0 scan_num_= 189331 copy_num_= 64143 copy_from_barrier_num_= 4881 push_on_mark_stack_num_= 97732 read_barrier_num_= 134113 copy_launch_object_num_= 0 copy_cold_object_num_= 0 depth_= 0
11-29 01:37:28.809  3631  3644 I tch.android.ap: jiacheng LogGC() Background concurrent copying GC freed 270340(36MB) AllocSpace objects, 130(3692KB) LOS objects, 37% free, 40MB/64MB, paused 364us total 2.170s
11-29 01:37:30.250  3631  3644 I tch.android.ap: jiacheng ConcurrentCopying::Runphases() Start NanoTime()= 392637097808 GetGcType()= GcTypePartial current_iteration->GetGcCause()= Background current_iteration->GetClearSoftReferences()= 0 force_evacuate_all_= 0 background_gen_= 0 young_gen_= 0 current_iteration->GetFreedObjects()= 0 current_iteration->GetFreedLargeObjects()= 0 current_iteration->GetFreedBytes()(MB)= 0 region_space->GetObjectsAllocated()= 528932 region_space->GetBytesAllocated()= 58 mark_num_= 0 mark_from_read_barrier_num_= 0 scan_num_= 0 copy_num_= 0 copy_from_barrier_num_= 0 push_on_mark_stack_num_= 0 read_barrier_num_= 0 copy_launch_object_num_= 0 copy_cold_object_num_= 0 depth_= 0
11-29 01:37:30.251  3631  3644 I tch.android.ap: jiacheng RegionSpace::Debug() Begin()= 0x12c00000 End()= 0x52c00000 launch_region_num= 0 working_set_region_num= 0 cold_region_num= 0 none_region_num= 96 new_region_num= 172
11-29 01:37:30.251  3631  3644 I tch.android.ap: jiacheng MallocSpace::Debug() Begin()= 0x7226b000 End()= 0x722b5000
11-29 01:37:30.251  3631  3644 I tch.android.ap: jiacheng LargeObjectSpace::Debug() Begin()= 0x76077000 End()= 0x96077000
11-29 01:37:30.251  3631  3644 I tch.android.ap: jiacheng force_evacuate_all_= 0
11-29 01:37:30.251  3631  3644 I tch.android.ap: jiacheng ConcurrentCopying::MarkingPhase() GetPerceptibleFlag()= 1
11-29 01:37:30.496  3631  3652 I tch.android.ap: jiacheng MutatorWS= 314310 GcWS= 360144
11-29 01:37:31.175  3631  3644 I tch.android.ap: jiacheng CopyingPhase() card_scan_num1= 7952
11-29 01:37:31.520  3631  3644 I tch.android.ap: jiacheng CopyingPhase() card_scan_num1= 37
11-29 01:37:32.284  3631  3644 I tch.android.ap: jiacheng RegionSpace::Debug() Begin()= 0x12c00000 End()= 0x52c00000 launch_region_num= 0 working_set_region_num= 0 cold_region_num= 0 none_region_num= 100 new_region_num= 48
11-29 01:37:32.284  3631  3644 I tch.android.ap: jiacheng MallocSpace::Debug() Begin()= 0x7226b000 End()= 0x722b5000
11-29 01:37:32.284  3631  3644 I tch.android.ap: jiacheng LargeObjectSpace::Debug() Begin()= 0x76077000 End()= 0x96077000
11-29 01:37:32.284  3631  3644 I tch.android.ap: jiacheng ConcurrentCopying::Runphases() End NanoTime()= 394670430355 GetGcType()= GcTypePartial current_iteration->GetGcCause()= Background current_iteration->GetClearSoftReferences()= 0 force_evacuate_all_= 0 background_gen_= 0 young_gen_= 0 current_iteration->GetFreedObjects()= 326927 current_iteration->GetFreedLargeObjects()= 215 current_iteration->GetFreedBytes()(MB)= 41 region_space->GetObjectsAllocated()= 393468 region_space->GetBytesAllocated()= 29 mark_num_= 1041505 mark_from_read_barrier_num_= 0 scan_num_= 195394 copy_num_= 57340 copy_from_barrier_num_= 4081 push_on_mark_stack_num_= 102219 read_barrier_num_= 99012 copy_launch_object_num_= 0 copy_cold_object_num_= 0 depth_= 0
11-29 01:37:32.284  3631  3644 I tch.android.ap: jiacheng LogGC() Background concurrent copying GC freed 326927(41MB) AllocSpace objects, 215(6620KB) LOS objects, 41% free, 33MB/57MB, paused 250us total 2.033s
11-29 01:37:33.617  3631  3652 I tch.android.ap: jiacheng MutatorWS= 302316 GcWS= 392273
11-29 01:37:34.251  3631  3644 I tch.android.ap: jiacheng ConcurrentCopying::Runphases() Start NanoTime()= 396637845811 GetGcType()= GcTypePartial current_iteration->GetGcCause()= Background current_iteration->GetClearSoftReferences()= 0 force_evacuate_all_= 0 background_gen_= 0 young_gen_= 0 current_iteration->GetFreedObjects()= 0 current_iteration->GetFreedLargeObjects()= 0 current_iteration->GetFreedBytes()(MB)= 0 region_space->GetObjectsAllocated()= 575746 region_space->GetBytesAllocated()= 46 mark_num_= 0 mark_from_read_barrier_num_= 0 scan_num_= 0 copy_num_= 0 copy_from_barrier_num_= 0 push_on_mark_stack_num_= 0 read_barrier_num_= 0 copy_launch_object_num_= 0 copy_cold_object_num_= 0 depth_= 0
11-29 01:37:34.251  3631  3644 I tch.android.ap: jiacheng RegionSpace::Debug() Begin()= 0x12c00000 End()= 0x52c00000 launch_region_num= 0 working_set_region_num= 0 cold_region_num= 0 none_region_num= 100 new_region_num= 129
11-29 01:37:34.251  3631  3644 I tch.android.ap: jiacheng MallocSpace::Debug() Begin()= 0x7226b000 End()= 0x722b5000
11-29 01:37:34.251  3631  3644 I tch.android.ap: jiacheng LargeObjectSpace::Debug() Begin()= 0x76077000 End()= 0x96077000
11-29 01:37:34.251  3631  3644 I tch.android.ap: jiacheng force_evacuate_all_= 0
11-29 01:37:34.252  3631  3644 I tch.android.ap: jiacheng ConcurrentCopying::MarkingPhase() GetPerceptibleFlag()= 1
11-29 01:37:35.168  3631  3644 I tch.android.ap: jiacheng CopyingPhase() card_scan_num1= 5732
11-29 01:37:35.525  3631  3644 I tch.android.ap: jiacheng CopyingPhase() card_scan_num1= 28
11-29 01:37:36.339  3631  3644 I tch.android.ap: jiacheng RegionSpace::Debug() Begin()= 0x12c00000 End()= 0x52c00000 launch_region_num= 0 working_set_region_num= 0 cold_region_num= 0 none_region_num= 102 new_region_num= 48
11-29 01:37:36.339  3631  3644 I tch.android.ap: jiacheng MallocSpace::Debug() Begin()= 0x7226b000 End()= 0x722b5000
11-29 01:37:36.339  3631  3644 I tch.android.ap: jiacheng LargeObjectSpace::Debug() Begin()= 0x76077000 End()= 0x96077000
11-29 01:37:36.339  3631  3644 I tch.android.ap: jiacheng ConcurrentCopying::Runphases() End NanoTime()= 398725827894 GetGcType()= GcTypePartial current_iteration->GetGcCause()= Background current_iteration->GetClearSoftReferences()= 0 force_evacuate_all_= 0 background_gen_= 0 young_gen_= 0 current_iteration->GetFreedObjects()= 339579 current_iteration->GetFreedLargeObjects()= 399 current_iteration->GetFreedBytes()(MB)= 28 region_space->GetObjectsAllocated()= 432855 region_space->GetBytesAllocated()= 32 mark_num_= 1089672 mark_from_read_barrier_num_= 0 scan_num_= 204416 copy_num_= 72684 copy_from_barrier_num_= 2655 push_on_mark_stack_num_= 111796 read_barrier_num_= 121079 copy_launch_object_num_= 0 copy_cold_object_num_= 0 depth_= 0
11-29 01:37:36.339  3631  3644 I tch.android.ap: jiacheng LogGC() Background concurrent copying GC freed 339579(28MB) AllocSpace objects, 399(10MB) LOS objects, 39% free, 36MB/60MB, paused 474us total 2.088s
11-29 01:37:36.743  3631  3652 I tch.android.ap: jiacheng MutatorWS= 301504 GcWS= 428364
11-29 01:37:38.387  3631  3644 I tch.android.ap: jiacheng ConcurrentCopying::Runphases() Start NanoTime()= 400773955963 GetGcType()= GcTypePartial current_iteration->GetGcCause()= Background current_iteration->GetClearSoftReferences()= 0 force_evacuate_all_= 0 background_gen_= 0 young_gen_= 0 current_iteration->GetFreedObjects()= 0 current_iteration->GetFreedLargeObjects()= 0 current_iteration->GetFreedBytes()(MB)= 0 region_space->GetObjectsAllocated()= 622303 region_space->GetBytesAllocated()= 50 mark_num_= 0 mark_from_read_barrier_num_= 0 scan_num_= 0 copy_num_= 0 copy_from_barrier_num_= 0 push_on_mark_stack_num_= 0 read_barrier_num_= 0 copy_launch_object_num_= 0 copy_cold_object_num_= 0 depth_= 0
11-29 01:37:38.387  3631  3644 I tch.android.ap: jiacheng RegionSpace::Debug() Begin()= 0x12c00000 End()= 0x52c00000 launch_region_num= 0 working_set_region_num= 0 cold_region_num= 0 none_region_num= 102 new_region_num= 128
11-29 01:37:38.387  3631  3644 I tch.android.ap: jiacheng MallocSpace::Debug() Begin()= 0x7226b000 End()= 0x722b5000
11-29 01:37:38.387  3631  3644 I tch.android.ap: jiacheng LargeObjectSpace::Debug() Begin()= 0x76077000 End()= 0x96077000
11-29 01:37:38.387  3631  3644 I tch.android.ap: jiacheng force_evacuate_all_= 0
11-29 01:37:38.388  3631  3644 I tch.android.ap: jiacheng ConcurrentCopying::MarkingPhase() GetPerceptibleFlag()= 1
11-29 01:37:39.261  3631  3644 I tch.android.ap: jiacheng CopyingPhase() card_scan_num1= 4254
11-29 01:37:39.614  3631  3644 I tch.android.ap: jiacheng CopyingPhase() card_scan_num1= 22
11-29 01:37:39.888  3631  3652 I tch.android.ap: jiacheng MutatorWS= 316960 GcWS= 384680
11-29 01:37:40.566  3631  3644 I tch.android.ap: jiacheng RegionSpace::Debug() Begin()= 0x12c00000 End()= 0x52c00000 launch_region_num= 0 working_set_region_num= 0 cold_region_num= 0 none_region_num= 104 new_region_num= 63
11-29 01:37:40.566  3631  3644 I tch.android.ap: jiacheng MallocSpace::Debug() Begin()= 0x7226b000 End()= 0x722b5000
11-29 01:37:40.566  3631  3644 I tch.android.ap: jiacheng LargeObjectSpace::Debug() Begin()= 0x76077000 End()= 0x96077000
11-29 01:37:40.566  3631  3644 I tch.android.ap: jiacheng ConcurrentCopying::Runphases() End NanoTime()= 402952486857 GetGcType()= GcTypePartial current_iteration->GetGcCause()= Background current_iteration->GetClearSoftReferences()= 0 force_evacuate_all_= 0 background_gen_= 0 young_gen_= 0 current_iteration->GetFreedObjects()= 371026 current_iteration->GetFreedLargeObjects()= 339 current_iteration->GetFreedBytes()(MB)= 28 region_space->GetObjectsAllocated()= 446650 region_space->GetBytesAllocated()= 33 mark_num_= 1108204 mark_from_read_barrier_num_= 0 scan_num_= 210771 copy_num_= 79460 copy_from_barrier_num_= 4693 push_on_mark_stack_num_= 117554 read_barrier_num_= 114441 copy_launch_object_num_= 0 copy_cold_object_num_= 0 depth_= 0
11-29 01:37:40.566  3631  3644 I tch.android.ap: jiacheng LogGC() Background concurrent copying GC freed 371026(28MB) AllocSpace objects, 339(9404KB) LOS objects, 38% free, 38MB/62MB, paused 331us total 2.178s
11-29 01:37:42.461  3631  3644 I tch.android.ap: jiacheng ConcurrentCopying::Runphases() Start NanoTime()= 404847675483 GetGcType()= GcTypePartial current_iteration->GetGcCause()= Background current_iteration->GetClearSoftReferences()= 0 force_evacuate_all_= 0 background_gen_= 0 young_gen_= 0 current_iteration->GetFreedObjects()= 0 current_iteration->GetFreedLargeObjects()= 0 current_iteration->GetFreedBytes()(MB)= 0 region_space->GetObjectsAllocated()= 643924 region_space->GetBytesAllocated()= 51 mark_num_= 0 mark_from_read_barrier_num_= 0 scan_num_= 0 copy_num_= 0 copy_from_barrier_num_= 0 push_on_mark_stack_num_= 0 read_barrier_num_= 0 copy_launch_object_num_= 0 copy_cold_object_num_= 0 depth_= 0
11-29 01:37:42.461  3631  3644 I tch.android.ap: jiacheng RegionSpace::Debug() Begin()= 0x12c00000 End()= 0x52c00000 launch_region_num= 0 working_set_region_num= 0 cold_region_num= 0 none_region_num= 104 new_region_num= 138
11-29 01:37:42.461  3631  3644 I tch.android.ap: jiacheng MallocSpace::Debug() Begin()= 0x7226b000 End()= 0x722b5000
11-29 01:37:42.461  3631  3644 I tch.android.ap: jiacheng LargeObjectSpace::Debug() Begin()= 0x76077000 End()= 0x96077000
11-29 01:37:42.461  3631  3644 I tch.android.ap: jiacheng force_evacuate_all_= 0
11-29 01:37:42.462  3631  3644 I tch.android.ap: jiacheng ConcurrentCopying::MarkingPhase() GetPerceptibleFlag()= 1
11-29 01:37:43.018  3631  3652 I tch.android.ap: jiacheng MutatorWS= 349445 GcWS= 318019
11-29 01:37:43.619  3631  3644 I tch.android.ap: jiacheng CopyingPhase() card_scan_num1= 10393
11-29 01:37:43.967  3631  3644 I tch.android.ap: jiacheng CopyingPhase() card_scan_num1= 32
11-29 01:37:44.847  3631  3644 I tch.android.ap: jiacheng RegionSpace::Debug() Begin()= 0x12c00000 End()= 0x52c00000 launch_region_num= 0 working_set_region_num= 0 cold_region_num= 0 none_region_num= 103 new_region_num= 55
11-29 01:37:44.847  3631  3644 I tch.android.ap: jiacheng MallocSpace::Debug() Begin()= 0x7226b000 End()= 0x722b5000
11-29 01:37:44.847  3631  3644 I tch.android.ap: jiacheng LargeObjectSpace::Debug() Begin()= 0x76077000 End()= 0x96077000
11-29 01:37:44.847  3631  3644 I tch.android.ap: jiacheng ConcurrentCopying::Runphases() End NanoTime()= 407234157752 GetGcType()= GcTypePartial current_iteration->GetGcCause()= Background current_iteration->GetClearSoftReferences()= 0 force_evacuate_all_= 0 background_gen_= 0 young_gen_= 0 current_iteration->GetFreedObjects()= 439386 current_iteration->GetFreedLargeObjects()= 355 current_iteration->GetFreedBytes()(MB)= 49 region_space->GetObjectsAllocated()= 428345 region_space->GetBytesAllocated()= 32 mark_num_= 1091290 mark_from_read_barrier_num_= 0 scan_num_= 201991 copy_num_= 68400 copy_from_barrier_num_= 1377 push_on_mark_stack_num_= 106497 read_barrier_num_= 121404 copy_launch_object_num_= 0 copy_cold_object_num_= 0 depth_= 0
11-29 01:37:44.848  3631  3644 I tch.android.ap: jiacheng LogGC() Background concurrent copying GC freed 439386(49MB) AllocSpace objects, 355(10MB) LOS objects, 39% free, 36MB/60MB, paused 445us total 2.386s
11-29 01:37:45.554  3631  3644 I tch.android.ap: jiacheng ConcurrentCopying::Runphases() Start NanoTime()= 407941015010 GetGcType()= GcTypePartial current_iteration->GetGcCause()= Background current_iteration->GetClearSoftReferences()= 0 force_evacuate_all_= 0 background_gen_= 0 young_gen_= 0 current_iteration->GetFreedObjects()= 0 current_iteration->GetFreedLargeObjects()= 0 current_iteration->GetFreedBytes()(MB)= 0 region_space->GetObjectsAllocated()= 542667 region_space->GetBytesAllocated()= 55 mark_num_= 0 mark_from_read_barrier_num_= 0 scan_num_= 0 copy_num_= 0 copy_from_barrier_num_= 0 push_on_mark_stack_num_= 0 read_barrier_num_= 0 copy_launch_object_num_= 0 copy_cold_object_num_= 0 depth_= 0
11-29 01:37:45.555  3631  3644 I tch.android.ap: jiacheng RegionSpace::Debug() Begin()= 0x12c00000 End()= 0x52c00000 launch_region_num= 0 working_set_region_num= 0 cold_region_num= 0 none_region_num= 103 new_region_num= 146
11-29 01:37:45.555  3631  3644 I tch.android.ap: jiacheng MallocSpace::Debug() Begin()= 0x7226b000 End()= 0x722b5000
11-29 01:37:45.555  3631  3644 I tch.android.ap: jiacheng LargeObjectSpace::Debug() Begin()= 0x76077000 End()= 0x96077000
11-29 01:37:45.555  3631  3644 I tch.android.ap: jiacheng force_evacuate_all_= 0
11-29 01:37:45.555  3631  3644 I tch.android.ap: jiacheng ConcurrentCopying::MarkingPhase() GetPerceptibleFlag()= 1
11-29 01:37:46.132  3631  3652 I tch.android.ap: jiacheng MutatorWS= 316703 GcWS= 451186
11-29 01:37:46.544  3631  3644 I tch.android.ap: jiacheng CopyingPhase() card_scan_num1= 6767
11-29 01:37:46.891  3631  3644 I tch.android.ap: jiacheng CopyingPhase() card_scan_num1= 63
11-29 01:37:47.653  3631  3644 I tch.android.ap: jiacheng RegionSpace::Debug() Begin()= 0x12c00000 End()= 0x52c00000 launch_region_num= 0 working_set_region_num= 0 cold_region_num= 0 none_region_num= 103 new_region_num= 59
11-29 01:37:47.653  3631  3644 I tch.android.ap: jiacheng MallocSpace::Debug() Begin()= 0x7226b000 End()= 0x722b5000
11-29 01:37:47.653  3631  3644 I tch.android.ap: jiacheng LargeObjectSpace::Debug() Begin()= 0x76077000 End()= 0x96077000
