11-29 01:41:46.689  3631  3644 I tch.android.ap: jiacheng MallocSpace::Debug() Begin()= 0x7226b000 End()= 0x722b4000
11-29 01:41:46.689  3631  3644 I tch.android.ap: jiacheng LargeObjectSpace::Debug() Begin()= 0x76077000 End()= 0x96077000
11-29 01:41:46.689  3631  3644 I tch.android.ap: jiacheng force_evacuate_all_= 0
11-29 01:41:46.690  3631  3644 I tch.android.ap: jiacheng ConcurrentCopying::MarkingPhase() GetPerceptibleFlag()= 0
11-29 01:41:47.957  3631  3652 I tch.android.ap: jiacheng MutatorWS= 11146 GcWS= 250152
11-29 01:41:48.384  3631  3644 I tch.android.ap: jiacheng CopyingPhase() card_scan_num1= 389
11-29 01:41:49.054  3631  3644 I tch.android.ap: jiacheng CopyingPhase() card_scan_num1= 4
11-29 01:41:49.531  3631  3644 I tch.android.ap: jiacheng RegionSpace::Debug() Begin()= 0x12c00000 End()= 0x52c00000 launch_region_num= 0 working_set_region_num= 0 cold_region_num= 0 none_region_num= 89 new_region_num= 9
11-29 01:41:49.532  3631  3644 I tch.android.ap: jiacheng MallocSpace::Debug() Begin()= 0x7226b000 End()= 0x722b4000
11-29 01:41:49.532  3631  3644 I tch.android.ap: jiacheng LargeObjectSpace::Debug() Begin()= 0x76077000 End()= 0x96077000
11-29 01:41:49.532  3631  3644 I tch.android.ap: jiacheng ConcurrentCopying::Runphases() End NanoTime()= 651918380773 GetGcType()= GcTypePartial current_iteration->GetGcCause()= Background current_iteration->GetClearSoftReferences()= 0 force_evacuate_all_= 0 background_gen_= 0 young_gen_= 0 current_iteration->GetFreedObjects()= 79738 current_iteration->GetFreedLargeObjects()= 85 current_iteration->GetFreedBytes()(MB)= 7 region_space->GetObjectsAllocated()= 318165 region_space->GetBytesAllocated()= 22 mark_num_= 863223 mark_from_read_barrier_num_= 0 scan_num_= 153788 copy_num_= 18412 copy_from_barrier_num_= 50 push_on_mark_stack_num_= 46047 read_barrier_num_= 16374 copy_launch_object_num_= 0 copy_cold_object_num_= 0 depth_= 0
11-29 01:41:49.532  3631  3644 I tch.android.ap: jiacheng LogGC() Background concurrent copying GC freed 79738(7206KB) AllocSpace objects, 85(1700KB) LOS objects, 24% free, 24MB/32MB, paused 1.072ms total 2.844s
11-29 01:41:51.070  3631  3652 I tch.android.ap: jiacheng MutatorWS= 13807 GcWS= 230898
11-29 01:41:54.160  3631  3652 I tch.android.ap: jiacheng MutatorWS= 11930 GcWS= 0
11-29 01:41:57.194  3631  3652 I tch.android.ap: jiacheng MutatorWS= 10907 GcWS= 0
11-29 01:42:00.219  3631  3652 I tch.android.ap: jiacheng MutatorWS= 12110 GcWS= 0
11-29 01:42:03.234  3631  3652 I tch.android.ap: jiacheng MutatorWS= 11172 GcWS= 0
11-29 01:42:06.254  3631  3652 I tch.android.ap: jiacheng MutatorWS= 11738 GcWS= 0
11-29 01:42:08.879  3631  3644 I tch.android.ap: jiacheng ConcurrentCopying::Runphases() Start NanoTime()= 671265838065 GetGcType()= GcTypePartial current_iteration->GetGcCause()= Background current_iteration->GetClearSoftReferences()= 0 force_evacuate_all_= 0 background_gen_= 0 young_gen_= 0 current_iteration->GetFreedObjects()= 0 current_iteration->GetFreedLargeObjects()= 0 current_iteration->GetFreedBytes()(MB)= 0 region_space->GetObjectsAllocated()= 380483 region_space->GetBytesAllocated()= 28 mark_num_= 0 mark_from_read_barrier_num_= 0 scan_num_= 0 copy_num_= 0 copy_from_barrier_num_= 0 push_on_mark_stack_num_= 0 read_barrier_num_= 0 copy_launch_object_num_= 0 copy_cold_object_num_= 0 depth_= 0
11-29 01:42:08.880  3631  3644 I tch.android.ap: jiacheng RegionSpace::Debug() Begin()= 0x12c00000 End()= 0x52c00000 launch_region_num= 0 working_set_region_num= 0 cold_region_num= 0 none_region_num= 89 new_region_num= 38
11-29 01:42:08.880  3631  3644 I tch.android.ap: jiacheng MallocSpace::Debug() Begin()= 0x7226b000 End()= 0x722b4000
11-29 01:42:08.880  3631  3644 I tch.android.ap: jiacheng LargeObjectSpace::Debug() Begin()= 0x76077000 End()= 0x96077000
11-29 01:42:08.880  3631  3644 I tch.android.ap: jiacheng force_evacuate_all_= 0
11-29 01:42:08.881  3631  3644 I tch.android.ap: jiacheng ConcurrentCopying::MarkingPhase() GetPerceptibleFlag()= 0
11-29 01:42:09.307  3631  3652 I tch.android.ap: jiacheng MutatorWS= 12299 GcWS= 85806
11-29 01:42:10.540  3631  3644 I tch.android.ap: jiacheng CopyingPhase() card_scan_num1= 396
11-29 01:42:11.229  3631  3644 I tch.android.ap: jiacheng CopyingPhase() card_scan_num1= 3
11-29 01:42:11.716  3631  3644 I tch.android.ap: jiacheng RegionSpace::Debug() Begin()= 0x12c00000 End()= 0x52c00000 launch_region_num= 0 working_set_region_num= 0 cold_region_num= 0 none_region_num= 89 new_region_num= 10
11-29 01:42:11.716  3631  3644 I tch.android.ap: jiacheng MallocSpace::Debug() Begin()= 0x7226b000 End()= 0x722b4000
11-29 01:42:11.716  3631  3644 I tch.android.ap: jiacheng LargeObjectSpace::Debug() Begin()= 0x76077000 End()= 0x96077000
11-29 01:42:11.717  3631  3644 I tch.android.ap: jiacheng ConcurrentCopying::Runphases() End NanoTime()= 674103177827 GetGcType()= GcTypePartial current_iteration->GetGcCause()= Background current_iteration->GetClearSoftReferences()= 0 force_evacuate_all_= 0 background_gen_= 0 young_gen_= 0 current_iteration->GetFreedObjects()= 81739 current_iteration->GetFreedLargeObjects()= 87 current_iteration->GetFreedBytes()(MB)= 7 region_space->GetObjectsAllocated()= 318164 region_space->GetBytesAllocated()= 22 mark_num_= 860978 mark_from_read_barrier_num_= 0 scan_num_= 153725 copy_num_= 18411 copy_from_barrier_num_= 82 push_on_mark_stack_num_= 44727 read_barrier_num_= 14414 copy_launch_object_num_= 0 copy_cold_object_num_= 0 depth_= 0
11-29 01:42:11.717  3631  3644 I tch.android.ap: jiacheng LogGC() Background concurrent copying GC freed 81739(7265KB) AllocSpace objects, 87(1740KB) LOS objects, 24% free, 24MB/32MB, paused 1.096ms total 2.838s
11-29 01:42:12.357  3631  3652 I tch.android.ap: jiacheng MutatorWS= 12598 GcWS= 325376
11-29 01:42:15.536  3631  3652 I tch.android.ap: jiacheng MutatorWS= 12744 GcWS= 0
11-29 01:42:18.554  3631  3652 I tch.android.ap: jiacheng MutatorWS= 10894 GcWS= 0
11-29 01:42:21.571  3631  3652 I tch.android.ap: jiacheng MutatorWS= 12228 GcWS= 0
11-29 01:42:24.592  3631  3652 I tch.android.ap: jiacheng MutatorWS= 10690 GcWS= 0
11-29 01:42:27.644  3631  3652 I tch.android.ap: jiacheng MutatorWS= 11844 GcWS= 0
11-29 01:42:30.681  3631  3652 I tch.android.ap: jiacheng MutatorWS= 11163 GcWS= 0
11-29 01:42:31.226  3631  3644 I tch.android.ap: jiacheng ConcurrentCopying::Runphases() Start NanoTime()= 693612258520 GetGcType()= GcTypePartial current_iteration->GetGcCause()= Background current_iteration->GetClearSoftReferences()= 0 force_evacuate_all_= 0 background_gen_= 0 young_gen_= 0 current_iteration->GetFreedObjects()= 0 current_iteration->GetFreedLargeObjects()= 0 current_iteration->GetFreedBytes()(MB)= 0 region_space->GetObjectsAllocated()= 378798 region_space->GetBytesAllocated()= 28 mark_num_= 0 mark_from_read_barrier_num_= 0 scan_num_= 0 copy_num_= 0 copy_from_barrier_num_= 0 push_on_mark_stack_num_= 0 read_barrier_num_= 0 copy_launch_object_num_= 0 copy_cold_object_num_= 0 depth_= 0
11-29 01:42:31.226  3631  3644 I tch.android.ap: jiacheng RegionSpace::Debug() Begin()= 0x12c00000 End()= 0x52c00000 launch_region_num= 0 working_set_region_num= 0 cold_region_num= 0 none_region_num= 89 new_region_num= 32
11-29 01:42:31.226  3631  3644 I tch.android.ap: jiacheng MallocSpace::Debug() Begin()= 0x7226b000 End()= 0x722b4000
11-29 01:42:31.226  3631  3644 I tch.android.ap: jiacheng LargeObjectSpace::Debug() Begin()= 0x76077000 End()= 0x96077000
11-29 01:42:31.226  3631  3644 I tch.android.ap: jiacheng force_evacuate_all_= 0
11-29 01:42:31.227  3631  3644 I tch.android.ap: jiacheng ConcurrentCopying::MarkingPhase() GetPerceptibleFlag()= 0
11-29 01:42:32.867  3631  3644 I tch.android.ap: jiacheng CopyingPhase() card_scan_num1= 350
11-29 01:42:33.554  3631  3644 I tch.android.ap: jiacheng CopyingPhase() card_scan_num1= 3
11-29 01:42:33.730  3631  3652 I tch.android.ap: jiacheng MutatorWS= 14309 GcWS= 333840
11-29 01:42:34.150  3631  3644 I tch.android.ap: jiacheng RegionSpace::Debug() Begin()= 0x12c00000 End()= 0x52c00000 launch_region_num= 0 working_set_region_num= 0 cold_region_num= 0 none_region_num= 89 new_region_num= 10
11-29 01:42:34.151  3631  3644 I tch.android.ap: jiacheng MallocSpace::Debug() Begin()= 0x7226b000 End()= 0x722b4000
11-29 01:42:34.151  3631  3644 I tch.android.ap: jiacheng LargeObjectSpace::Debug() Begin()= 0x76077000 End()= 0x96077000
11-29 01:42:34.151  3631  3644 I tch.android.ap: jiacheng ConcurrentCopying::Runphases() End NanoTime()= 696537433708 GetGcType()= GcTypePartial current_iteration->GetGcCause()= Background current_iteration->GetClearSoftReferences()= 0 force_evacuate_all_= 0 background_gen_= 0 young_gen_= 0 current_iteration->GetFreedObjects()= 80610 current_iteration->GetFreedLargeObjects()= 87 current_iteration->GetFreedBytes()(MB)= 6 region_space->GetObjectsAllocated()= 318327 region_space->GetBytesAllocated()= 22 mark_num_= 862510 mark_from_read_barrier_num_= 0 scan_num_= 152914 copy_num_= 15693 copy_from_barrier_num_= 29 push_on_mark_stack_num_= 44646 read_barrier_num_= 17145 copy_launch_object_num_= 0 copy_cold_object_num_= 0 depth_= 0
11-29 01:42:34.152  3631  3644 I tch.android.ap: jiacheng LogGC() Background concurrent copying GC freed 80610(7065KB) AllocSpace objects, 87(1740KB) LOS objects, 24% free, 24MB/32MB, paused 928us total 2.926s
11-29 01:42:36.857  3631  3652 I tch.android.ap: jiacheng MutatorWS= 11066 GcWS= 89643
11-29 01:42:39.911  3631  3652 I tch.android.ap: jiacheng MutatorWS= 17696 GcWS= 0
11-29 01:42:42.960  3631  3652 I tch.android.ap: jiacheng MutatorWS= 34226 GcWS= 0
11-29 01:42:45.991  3631  3652 I tch.android.ap: jiacheng MutatorWS= 11836 GcWS= 0
11-29 01:42:49.031  3631  3652 I tch.android.ap: jiacheng MutatorWS= 10905 GcWS= 0
11-29 01:42:51.000  3631  3644 I tch.android.ap: jiacheng ConcurrentCopying::Runphases() Start NanoTime()= 713386542938 GetGcType()= GcTypePartial current_iteration->GetGcCause()= Background current_iteration->GetClearSoftReferences()= 0 force_evacuate_all_= 0 background_gen_= 0 young_gen_= 0 current_iteration->GetFreedObjects()= 0 current_iteration->GetFreedLargeObjects()= 0 current_iteration->GetFreedBytes()(MB)= 0 region_space->GetObjectsAllocated()= 376702 region_space->GetBytesAllocated()= 28 mark_num_= 0 mark_from_read_barrier_num_= 0 scan_num_= 0 copy_num_= 0 copy_from_barrier_num_= 0 push_on_mark_stack_num_= 0 read_barrier_num_= 0 copy_launch_object_num_= 0 copy_cold_object_num_= 0 depth_= 0
11-29 01:42:51.001  3631  3644 I tch.android.ap: jiacheng RegionSpace::Debug() Begin()= 0x12c00000 End()= 0x52c00000 launch_region_num= 0 working_set_region_num= 0 cold_region_num= 0 none_region_num= 89 new_region_num= 39
11-29 01:42:51.001  3631  3644 I tch.android.ap: jiacheng MallocSpace::Debug() Begin()= 0x7226b000 End()= 0x722b4000
11-29 01:42:51.001  3631  3644 I tch.android.ap: jiacheng LargeObjectSpace::Debug() Begin()= 0x76077000 End()= 0x96077000
11-29 01:42:51.001  3631  3644 I tch.android.ap: jiacheng force_evacuate_all_= 0
11-29 01:42:51.002  3631  3644 I tch.android.ap: jiacheng ConcurrentCopying::MarkingPhase() GetPerceptibleFlag()= 0
11-29 01:42:52.080  3631  3652 I tch.android.ap: jiacheng MutatorWS= 11849 GcWS= 200428
11-29 01:42:52.703  3631  3644 I tch.android.ap: jiacheng CopyingPhase() card_scan_num1= 376
11-29 01:42:53.379  3631  3644 I tch.android.ap: jiacheng CopyingPhase() card_scan_num1= 3
11-29 01:42:53.865  3631  3644 I tch.android.ap: jiacheng RegionSpace::Debug() Begin()= 0x12c00000 End()= 0x52c00000 launch_region_num= 0 working_set_region_num= 0 cold_region_num= 0 none_region_num= 89 new_region_num= 11
11-29 01:42:53.865  3631  3644 I tch.android.ap: jiacheng MallocSpace::Debug() Begin()= 0x7226b000 End()= 0x722b4000
11-29 01:42:53.865  3631  3644 I tch.android.ap: jiacheng LargeObjectSpace::Debug() Begin()= 0x76077000 End()= 0x96077000
11-29 01:42:53.865  3631  3644 I tch.android.ap: jiacheng ConcurrentCopying::Runphases() End NanoTime()= 716251561609 GetGcType()= GcTypePartial current_iteration->GetGcCause()= Background current_iteration->GetClearSoftReferences()= 0 force_evacuate_all_= 0 background_gen_= 0 young_gen_= 0 current_iteration->GetFreedObjects()= 81128 current_iteration->GetFreedLargeObjects()= 87 current_iteration->GetFreedBytes()(MB)= 6 region_space->GetObjectsAllocated()= 318459 region_space->GetBytesAllocated()= 22 mark_num_= 862830 mark_from_read_barrier_num_= 0 scan_num_= 153993 copy_num_= 18706 copy_from_barrier_num_= 71 push_on_mark_stack_num_= 45077 read_barrier_num_= 15284 copy_launch_object_num_= 0 copy_cold_object_num_= 0 depth_= 0
11-29 01:42:53.866  3631  3644 I tch.android.ap: jiacheng LogGC() Background concurrent copying GC freed 81128(7045KB) AllocSpace objects, 87(1932KB) LOS objects, 24% free, 24MB/32MB, paused 918us total 2.866s
11-29 01:42:55.150  3631  3652 I tch.android.ap: jiacheng MutatorWS= 12769 GcWS= 269036
11-29 01:42:58.290  3631  3652 I tch.android.ap: jiacheng MutatorWS= 11944 GcWS= 0
11-29 01:43:01.312  3631  3652 I tch.android.ap: jiacheng MutatorWS= 12227 GcWS= 0
11-29 01:43:04.332  3631  3652 I tch.android.ap: jiacheng MutatorWS= 10760 GcWS= 0
11-29 01:43:07.360  3631  3652 I tch.android.ap: jiacheng MutatorWS= 10820 GcWS= 0
11-29 01:43:09.483  3631  6640 I tch.android.ap: jiacheng Heap::BackToFore() Start
11-29 01:43:09.716  3631  3644 I tch.android.ap: jiacheng ConcurrentCopying::Runphases() Start NanoTime()= 732102250219 GetGcType()= GcTypePartial current_iteration->GetGcCause()= Background current_iteration->GetClearSoftReferences()= 0 force_evacuate_all_= 0 background_gen_= 0 young_gen_= 0 current_iteration->GetFreedObjects()= 0 current_iteration->GetFreedLargeObjects()= 0 current_iteration->GetFreedBytes()(MB)= 0 region_space->GetObjectsAllocated()= 382195 region_space->GetBytesAllocated()= 28 mark_num_= 0 mark_from_read_barrier_num_= 0 scan_num_= 0 copy_num_= 0 copy_from_barrier_num_= 0 push_on_mark_stack_num_= 0 read_barrier_num_= 0 copy_launch_object_num_= 0 copy_cold_object_num_= 0 depth_= 0
11-29 01:43:09.716  3631  3644 I tch.android.ap: jiacheng RegionSpace::Debug() Begin()= 0x12c00000 End()= 0x52c00000 launch_region_num= 0 working_set_region_num= 0 cold_region_num= 0 none_region_num= 89 new_region_num= 58
11-29 01:43:09.716  3631  3644 I tch.android.ap: jiacheng MallocSpace::Debug() Begin()= 0x7226b000 End()= 0x722b4000
11-29 01:43:09.716  3631  3644 I tch.android.ap: jiacheng LargeObjectSpace::Debug() Begin()= 0x76077000 End()= 0x96077000
11-29 01:43:09.716  3631  3644 I tch.android.ap: jiacheng force_evacuate_all_= 0
11-29 01:43:09.716  3631  3644 I tch.android.ap: jiacheng ConcurrentCopying::MarkingPhase() GetPerceptibleFlag()= 0
11-29 01:43:10.257  3631  3644 I tch.android.ap: jiacheng CopyingPhase() card_scan_num1= 9215
11-29 01:43:10.383  3631  3652 I tch.android.ap: jiacheng MutatorWS= 169818 GcWS= 301804
11-29 01:43:10.523  3631  3644 I tch.android.ap: jiacheng CopyingPhase() card_scan_num1= 50
11-29 01:43:10.822  3631  3644 I tch.android.ap: jiacheng RegionSpace::Debug() Begin()= 0x12c00000 End()= 0x52c00000 launch_region_num= 0 working_set_region_num= 0 cold_region_num= 0 none_region_num= 88 new_region_num= 36
11-29 01:43:10.822  3631  3644 I tch.android.ap: jiacheng MallocSpace::Debug() Begin()= 0x7226b000 End()= 0x722b4000
11-29 01:43:10.822  3631  3644 I tch.android.ap: jiacheng LargeObjectSpace::Debug() Begin()= 0x76077000 End()= 0x96077000
11-29 01:43:10.822  3631  3644 I tch.android.ap: jiacheng ConcurrentCopying::Runphases() End NanoTime()= 733209124184 GetGcType()= GcTypePartial current_iteration->GetGcCause()= Background current_iteration->GetClearSoftReferences()= 0 force_evacuate_all_= 0 background_gen_= 0 young_gen_= 0 current_iteration->GetFreedObjects()= 195922 current_iteration->GetFreedLargeObjects()= 98 current_iteration->GetFreedBytes()(MB)= 16 region_space->GetObjectsAllocated()= 364870 region_space->GetBytesAllocated()= 25 mark_num_= 993339 mark_from_read_barrier_num_= 0 scan_num_= 166551 copy_num_= 35000 copy_from_barrier_num_= 1442 push_on_mark_stack_num_= 72329 read_barrier_num_= 129730 copy_launch_object_num_= 0 copy_cold_object_num_= 0 depth_= 0
11-29 01:43:10.823  3631  3644 I tch.android.ap: jiacheng LogGC() Background concurrent copying GC freed 195922(16MB) AllocSpace objects, 98(2472KB) LOS objects, 46% free, 27MB/51MB, paused 313us total 1.107s
11-29 01:43:12.050  3631  3644 I tch.android.ap: jiacheng ConcurrentCopying::Runphases() Start NanoTime()= 734436411962 GetGcType()= GcTypePartial current_iteration->GetGcCause()= Background current_iteration->GetClearSoftReferences()= 0 force_evacuate_all_= 0 background_gen_= 0 young_gen_= 0 current_iteration->GetFreedObjects()= 0 current_iteration->GetFreedLargeObjects()= 0 current_iteration->GetFreedBytes()(MB)= 0 region_space->GetObjectsAllocated()= 512754 region_space->GetBytesAllocated()= 46 mark_num_= 0 mark_from_read_barrier_num_= 0 scan_num_= 0 copy_num_= 0 copy_from_barrier_num_= 0 push_on_mark_stack_num_= 0 read_barrier_num_= 0 copy_launch_object_num_= 0 copy_cold_object_num_= 0 depth_= 0
11-29 01:43:12.050  3631  3644 I tch.android.ap: jiacheng RegionSpace::Debug() Begin()= 0x12c00000 End()= 0x52c00000 launch_region_num= 0 working_set_region_num= 0 cold_region_num= 0 none_region_num= 88 new_region_num= 135
11-29 01:43:12.050  3631  3644 I tch.android.ap: jiacheng MallocSpace::Debug() Begin()= 0x7226b000 End()= 0x722b4000
11-29 01:43:12.050  3631  3644 I tch.android.ap: jiacheng LargeObjectSpace::Debug() Begin()= 0x76077000 End()= 0x96077000
11-29 01:43:12.050  3631  3644 I tch.android.ap: jiacheng force_evacuate_all_= 0
11-29 01:43:12.050  3631  3644 I tch.android.ap: jiacheng ConcurrentCopying::MarkingPhase() GetPerceptibleFlag()= 0
11-29 01:43:12.683  3631  3644 I tch.android.ap: jiacheng CopyingPhase() card_scan_num1= 4609
11-29 01:43:12.895  3631  3644 I tch.android.ap: jiacheng CopyingPhase() card_scan_num1= 26
11-29 01:43:13.309  3631  3644 I tch.android.ap: jiacheng RegionSpace::Debug() Begin()= 0x12c00000 End()= 0x52c00000 launch_region_num= 0 working_set_region_num= 0 cold_region_num= 0 none_region_num= 93 new_region_num= 42
11-29 01:43:13.309  3631  3644 I tch.android.ap: jiacheng MallocSpace::Debug() Begin()= 0x7226b000 End()= 0x722b4000
11-29 01:43:13.309  3631  3644 I tch.android.ap: jiacheng LargeObjectSpace::Debug() Begin()= 0x76077000 End()= 0x96077000
11-29 01:43:13.309  3631  3644 I tch.android.ap: jiacheng ConcurrentCopying::Runphases() End NanoTime()= 735695415421 GetGcType()= GcTypePartial current_iteration->GetGcCause()= Background current_iteration->GetClearSoftReferences()= 0 force_evacuate_all_= 0 background_gen_= 0 young_gen_= 0 current_iteration->GetFreedObjects()= 284410 current_iteration->GetFreedLargeObjects()= 155 current_iteration->GetFreedBytes()(MB)= 28 region_space->GetObjectsAllocated()= 372054 region_space->GetBytesAllocated()= 28 mark_num_= 1007118 mark_from_read_barrier_num_= 0 scan_num_= 184536 copy_num_= 56520 copy_from_barrier_num_= 6411 push_on_mark_stack_num_= 95130 read_barrier_num_= 88398 copy_launch_object_num_= 0 copy_cold_object_num_= 0 depth_= 0
11-29 01:43:13.309  3631  3644 I tch.android.ap: jiacheng LogGC() Background concurrent copying GC freed 284410(28MB) AllocSpace objects, 155(4520KB) LOS objects, 42% free, 32MB/56MB, paused 493us total 1.259s
11-29 01:43:13.440  3631  3652 I tch.android.ap: jiacheng MutatorWS= 383509 GcWS= 442904
11-29 01:43:14.484  3631  6659 I tch.android.ap: jiacheng Heap::BackToFore() End
11-29 01:43:15.113  3631  3644 I tch.android.ap: jiacheng ConcurrentCopying::Runphases() Start NanoTime()= 737499245080 GetGcType()= GcTypePartial current_iteration->GetGcCause()= Background current_iteration->GetClearSoftReferences()= 0 force_evacuate_all_= 0 background_gen_= 0 young_gen_= 0 current_iteration->GetFreedObjects()= 0 current_iteration->GetFreedLargeObjects()= 0 current_iteration->GetFreedBytes()(MB)= 0 region_space->GetObjectsAllocated()= 558577 region_space->GetBytesAllocated()= 44 mark_num_= 0 mark_from_read_barrier_num_= 0 scan_num_= 0 copy_num_= 0 copy_from_barrier_num_= 0 push_on_mark_stack_num_= 0 read_barrier_num_= 0 copy_launch_object_num_= 0 copy_cold_object_num_= 0 depth_= 0
11-29 01:43:15.113  3631  3644 I tch.android.ap: jiacheng RegionSpace::Debug() Begin()= 0x12c00000 End()= 0x52c00000 launch_region_num= 0 working_set_region_num= 0 cold_region_num= 0 none_region_num= 93 new_region_num= 126
11-29 01:43:15.113  3631  3644 I tch.android.ap: jiacheng MallocSpace::Debug() Begin()= 0x7226b000 End()= 0x722b4000
11-29 01:43:15.113  3631  3644 I tch.android.ap: jiacheng LargeObjectSpace::Debug() Begin()= 0x76077000 End()= 0x96077000
11-29 01:43:15.113  3631  3644 I tch.android.ap: jiacheng force_evacuate_all_= 0
11-29 01:43:15.113  3631  3644 I tch.android.ap: jiacheng ConcurrentCopying::MarkingPhase() GetPerceptibleFlag()= 1
11-29 01:43:15.670  3631  3644 I tch.android.ap: jiacheng CopyingPhase() card_scan_num1= 4153
11-29 01:43:15.886  3631  3644 I tch.android.ap: jiacheng CopyingPhase() card_scan_num1= 25
11-29 01:43:16.367  3631  3644 I tch.android.ap: jiacheng RegionSpace::Debug() Begin()= 0x12c00000 End()= 0x52c00000 launch_region_num= 0 working_set_region_num= 0 cold_region_num= 0 none_region_num= 94 new_region_num= 48
11-29 01:43:16.367  3631  3644 I tch.android.ap: jiacheng MallocSpace::Debug() Begin()= 0x7226b000 End()= 0x722b4000
11-29 01:43:16.367  3631  3644 I tch.android.ap: jiacheng LargeObjectSpace::Debug() Begin()= 0x76077000 End()= 0x96077000
11-29 01:43:16.367  3631  3644 I tch.android.ap: jiacheng ConcurrentCopying::Runphases() End NanoTime()= 738754010882 GetGcType()= GcTypePartial current_iteration->GetGcCause()= Background current_iteration->GetClearSoftReferences()= 0 force_evacuate_all_= 0 background_gen_= 0 young_gen_= 0 current_iteration->GetFreedObjects()= 329021 current_iteration->GetFreedLargeObjects()= 420 current_iteration->GetFreedBytes()(MB)= 26 region_space->GetObjectsAllocated()= 376275 region_space->GetBytesAllocated()= 28 mark_num_= 1018769 mark_from_read_barrier_num_= 0 scan_num_= 189774 copy_num_= 66188 copy_from_barrier_num_= 6012 push_on_mark_stack_num_= 101949 read_barrier_num_= 88522 copy_launch_object_num_= 0 copy_cold_object_num_= 0 depth_= 0
11-29 01:43:16.367  3631  3644 I tch.android.ap: jiacheng LogGC() Background concurrent copying GC freed 329021(26MB) AllocSpace objects, 420(11MB) LOS objects, 42% free, 31MB/55MB, paused 393us total 1.255s
11-29 01:43:16.551  3631  3652 I tch.android.ap: jiacheng MutatorWS= 349043 GcWS= 414167
11-29 01:43:18.284  3631  3644 I tch.android.ap: jiacheng ConcurrentCopying::Runphases() Start NanoTime()= 740670209302 GetGcType()= GcTypePartial current_iteration->GetGcCause()= Background current_iteration->GetClearSoftReferences()= 0 force_evacuate_all_= 0 background_gen_= 0 young_gen_= 0 current_iteration->GetFreedObjects()= 0 current_iteration->GetFreedLargeObjects()= 0 current_iteration->GetFreedBytes()(MB)= 0 region_space->GetObjectsAllocated()= 559931 region_space->GetBytesAllocated()= 45 mark_num_= 0 mark_from_read_barrier_num_= 0 scan_num_= 0 copy_num_= 0 copy_from_barrier_num_= 0 push_on_mark_stack_num_= 0 read_barrier_num_= 0 copy_launch_object_num_= 0 copy_cold_object_num_= 0 depth_= 0
11-29 01:43:18.284  3631  3644 I tch.android.ap: jiacheng RegionSpace::Debug() Begin()= 0x12c00000 End()= 0x52c00000 launch_region_num= 0 working_set_region_num= 0 cold_region_num= 0 none_region_num= 94 new_region_num= 130
11-29 01:43:18.284  3631  3644 I tch.android.ap: jiacheng MallocSpace::Debug() Begin()= 0x7226b000 End()= 0x722b4000
11-29 01:43:18.284  3631  3644 I tch.android.ap: jiacheng LargeObjectSpace::Debug() Begin()= 0x76077000 End()= 0x96077000
11-29 01:43:18.284  3631  3644 I tch.android.ap: jiacheng force_evacuate_all_= 0
11-29 01:43:18.284  3631  3644 I tch.android.ap: jiacheng ConcurrentCopying::MarkingPhase() GetPerceptibleFlag()= 1
11-29 01:43:18.946  3631  3644 I tch.android.ap: jiacheng CopyingPhase() card_scan_num1= 9948
11-29 01:43:19.198  3631  3644 I tch.android.ap: jiacheng CopyingPhase() card_scan_num1= 14
11-29 01:43:19.631  3631  3644 I tch.android.ap: jiacheng RegionSpace::Debug() Begin()= 0x12c00000 End()= 0x52c00000 launch_region_num= 0 working_set_region_num= 0 cold_region_num= 0 none_region_num= 91 new_region_num= 49
11-29 01:43:19.631  3631  3644 I tch.android.ap: jiacheng MallocSpace::Debug() Begin()= 0x7226b000 End()= 0x722b4000
11-29 01:43:19.631  3631  3644 I tch.android.ap: jiacheng LargeObjectSpace::Debug() Begin()= 0x76077000 End()= 0x96077000
11-29 01:43:19.631  3631  3644 I tch.android.ap: jiacheng ConcurrentCopying::Runphases() End NanoTime()= 742017940061 GetGcType()= GcTypePartial current_iteration->GetGcCause()= Background current_iteration->GetClearSoftReferences()= 0 force_evacuate_all_= 0 background_gen_= 0 young_gen_= 0 current_iteration->GetFreedObjects()= 383709 current_iteration->GetFreedLargeObjects()= 350 current_iteration->GetFreedBytes()(MB)= 44 region_space->GetObjectsAllocated()= 376151 region_space->GetBytesAllocated()= 28 mark_num_= 1004999 mark_from_read_barrier_num_= 0 scan_num_= 182613 copy_num_= 62564 copy_from_barrier_num_= 6382 push_on_mark_stack_num_= 94880 read_barrier_num_= 95484 copy_launch_object_num_= 0 copy_cold_object_num_= 0 depth_= 0
11-29 01:43:19.631  3631  3644 I tch.android.ap: jiacheng LogGC() Background concurrent copying GC freed 383709(44MB) AllocSpace objects, 350(9608KB) LOS objects, 43% free, 31MB/55MB, paused 376us total 1.348s
11-29 01:43:19.652  3631  3652 I tch.android.ap: jiacheng MutatorWS= 419363 GcWS= 412317
11-29 01:43:20.417  3631  3644 I tch.android.ap: jiacheng ConcurrentCopying::Runphases() Start NanoTime()= 742804020817 GetGcType()= GcTypePartial current_iteration->GetGcCause()= Background current_iteration->GetClearSoftReferences()= 0 force_evacuate_all_= 0 background_gen_= 0 young_gen_= 0 current_iteration->GetFreedObjects()= 0 current_iteration->GetFreedLargeObjects()= 0 current_iteration->GetFreedBytes()(MB)= 0 region_space->GetObjectsAllocated()= 500614 region_space->GetBytesAllocated()= 49 mark_num_= 0 mark_from_read_barrier_num_= 0 scan_num_= 0 copy_num_= 0 copy_from_barrier_num_= 0 push_on_mark_stack_num_= 0 read_barrier_num_= 0 copy_launch_object_num_= 0 copy_cold_object_num_= 0 depth_= 0
11-29 01:43:20.417  3631  3644 I tch.android.ap: jiacheng RegionSpace::Debug() Begin()= 0x12c00000 End()= 0x52c00000 launch_region_num= 0 working_set_region_num= 0 cold_region_num= 0 none_region_num= 91 new_region_num= 141
11-29 01:43:20.417  3631  3644 I tch.android.ap: jiacheng MallocSpace::Debug() Begin()= 0x7226b000 End()= 0x722b4000
11-29 01:43:20.417  3631  3644 I tch.android.ap: jiacheng LargeObjectSpace::Debug() Begin()= 0x76077000 End()= 0x96077000
11-29 01:43:20.417  3631  3644 I tch.android.ap: jiacheng force_evacuate_all_= 0
11-29 01:43:20.418  3631  3644 I tch.android.ap: jiacheng ConcurrentCopying::MarkingPhase() GetPerceptibleFlag()= 1
11-29 01:43:21.092  3631  3644 I tch.android.ap: jiacheng CopyingPhase() card_scan_num1= 7382
11-29 01:43:21.324  3631  3644 I tch.android.ap: jiacheng CopyingPhase() card_scan_num1= 47
11-29 01:43:21.755  3631  3644 I tch.android.ap: jiacheng RegionSpace::Debug() Begin()= 0x12c00000 End()= 0x52c00000 launch_region_num= 0 working_set_region_num= 0 cold_region_num= 0 none_region_num= 92 new_region_num= 40
11-29 01:43:21.755  3631  3644 I tch.android.ap: jiacheng MallocSpace::Debug() Begin()= 0x7226b000 End()= 0x722b4000
11-29 01:43:21.755  3631  3644 I tch.android.ap: jiacheng LargeObjectSpace::Debug() Begin()= 0x76077000 End()= 0x96077000
11-29 01:43:21.755  3631  3644 I tch.android.ap: jiacheng ConcurrentCopying::Runphases() End NanoTime()= 744141999544 GetGcType()= GcTypePartial current_iteration->GetGcCause()= Background current_iteration->GetClearSoftReferences()= 0 force_evacuate_all_= 0 background_gen_= 0 young_gen_= 0 current_iteration->GetFreedObjects()= 305193 current_iteration->GetFreedLargeObjects()= 222 current_iteration->GetFreedBytes()(MB)= 36 region_space->GetObjectsAllocated()= 354573 region_space->GetBytesAllocated()= 26 mark_num_= 987857 mark_from_read_barrier_num_= 0 scan_num_= 179178 copy_num_= 47642 copy_from_barrier_num_= 2592 push_on_mark_stack_num_= 89565 read_barrier_num_= 83277 copy_launch_object_num_= 0 copy_cold_object_num_= 0 depth_= 0
11-29 01:43:21.756  3631  3644 I tch.android.ap: jiacheng LogGC() Background concurrent copying GC freed 305193(36MB) AllocSpace objects, 222(6312KB) LOS objects, 44% free, 29MB/53MB, paused 481us total 1.338s
11-29 01:43:22.785  3631  3652 I tch.android.ap: jiacheng MutatorWS= 395072 GcWS= 393329
11-29 01:43:23.995  3631  3644 I tch.android.ap: jiacheng ConcurrentCopying::Runphases() Start NanoTime()= 746381428725 GetGcType()= GcTypePartial current_iteration->GetGcCause()= Background current_iteration->GetClearSoftReferences()= 0 force_evacuate_all_= 0 background_gen_= 0 young_gen_= 0 current_iteration->GetFreedObjects()= 0 current_iteration->GetFreedLargeObjects()= 0 current_iteration->GetFreedBytes()(MB)= 0 region_space->GetObjectsAllocated()= 542242 region_space->GetBytesAllocated()= 43 mark_num_= 0 mark_from_read_barrier_num_= 0 scan_num_= 0 copy_num_= 0 copy_from_barrier_num_= 0 push_on_mark_stack_num_= 0 read_barrier_num_= 0 copy_launch_object_num_= 0 copy_cold_object_num_= 0 depth_= 0
11-29 01:43:23.995  3631  3644 I tch.android.ap: jiacheng RegionSpace::Debug() Begin()= 0x12c00000 End()= 0x52c00000 launch_region_num= 0 working_set_region_num= 0 cold_region_num= 0 none_region_num= 92 new_region_num= 113
11-29 01:43:23.995  3631  3644 I tch.android.ap: jiacheng MallocSpace::Debug() Begin()= 0x7226b000 End()= 0x722b4000
11-29 01:43:23.995  3631  3644 I tch.android.ap: jiacheng LargeObjectSpace::Debug() Begin()= 0x76077000 End()= 0x96077000
11-29 01:43:23.995  3631  3644 I tch.android.ap: jiacheng force_evacuate_all_= 0
11-29 01:43:23.995  3631  3644 I tch.android.ap: jiacheng ConcurrentCopying::MarkingPhase() GetPerceptibleFlag()= 1
11-29 01:43:24.641  3631  3644 I tch.android.ap: jiacheng CopyingPhase() card_scan_num1= 4307
11-29 01:43:24.894  3631  3644 I tch.android.ap: jiacheng CopyingPhase() card_scan_num1= 19
11-29 01:43:25.395  3631  3644 I tch.android.ap: jiacheng RegionSpace::Debug() Begin()= 0x12c00000 End()= 0x52c00000 launch_region_num= 0 working_set_region_num= 0 cold_region_num= 0 none_region_num= 94 new_region_num= 58
11-29 01:43:25.395  3631  3644 I tch.android.ap: jiacheng MallocSpace::Debug() Begin()= 0x7226b000 End()= 0x722b4000
11-29 01:43:25.395  3631  3644 I tch.android.ap: jiacheng LargeObjectSpace::Debug() Begin()= 0x76077000 End()= 0x96077000
11-29 01:43:25.395  3631  3644 I tch.android.ap: jiacheng ConcurrentCopying::Runphases() End NanoTime()= 747782144229 GetGcType()= GcTypePartial current_iteration->GetGcCause()= Background current_iteration->GetClearSoftReferences()= 0 force_evacuate_all_= 0 background_gen_= 0 young_gen_= 0 current_iteration->GetFreedObjects()= 303210 current_iteration->GetFreedLargeObjects()= 300 current_iteration->GetFreedBytes()(MB)= 23 region_space->GetObjectsAllocated()= 388732 region_space->GetBytesAllocated()= 29 mark_num_= 1047088 mark_from_read_barrier_num_= 0 scan_num_= 192290 copy_num_= 69145 copy_from_barrier_num_= 5646 push_on_mark_stack_num_= 103192 read_barrier_num_= 108256 copy_launch_object_num_= 0 copy_cold_object_num_= 0 depth_= 0
11-29 01:43:25.396  3631  3644 I tch.android.ap: jiacheng LogGC() Background concurrent copying GC freed 303210(23MB) AllocSpace objects, 300(9144KB) LOS objects, 41% free, 33MB/57MB, paused 796us total 1.401s
11-29 01:43:25.896  3631  3652 I tch.android.ap: jiacheng MutatorWS= 311589 GcWS= 421112
11-29 01:43:27.729  3631  3644 I tch.android.ap: jiacheng ConcurrentCopying::Runphases() Start NanoTime()= 750115591232 GetGcType()= GcTypePartial current_iteration->GetGcCause()= Background current_iteration->GetClearSoftReferences()= 0 force_evacuate_all_= 0 background_gen_= 0 young_gen_= 0 current_iteration->GetFreedObjects()= 0 current_iteration->GetFreedLargeObjects()= 0 current_iteration->GetFreedBytes()(MB)= 0 region_space->GetObjectsAllocated()= 574533 region_space->GetBytesAllocated()= 45 mark_num_= 0 mark_from_read_barrier_num_= 0 scan_num_= 0 copy_num_= 0 copy_from_barrier_num_= 0 push_on_mark_stack_num_= 0 read_barrier_num_= 0 copy_launch_object_num_= 0 copy_cold_object_num_= 0 depth_= 0
11-29 01:43:27.729  3631  3644 I tch.android.ap: jiacheng RegionSpace::Debug() Begin()= 0x12c00000 End()= 0x52c00000 launch_region_num= 0 working_set_region_num= 0 cold_region_num= 0 none_region_num= 94 new_region_num= 132
11-29 01:43:27.729  3631  3644 I tch.android.ap: jiacheng MallocSpace::Debug() Begin()= 0x7226b000 End()= 0x722b4000
11-29 01:43:27.729  3631  3644 I tch.android.ap: jiacheng LargeObjectSpace::Debug() Begin()= 0x76077000 End()= 0x96077000
11-29 01:43:27.729  3631  3644 I tch.android.ap: jiacheng force_evacuate_all_= 0
11-29 01:43:27.729  3631  3644 I tch.android.ap: jiacheng ConcurrentCopying::MarkingPhase() GetPerceptibleFlag()= 1
11-29 01:43:28.415  3631  3644 I tch.android.ap: jiacheng CopyingPhase() card_scan_num1= 3915
11-29 01:43:28.682  3631  3644 I tch.android.ap: jiacheng CopyingPhase() card_scan_num1= 25
11-29 01:43:28.997  3631  3652 I tch.android.ap: jiacheng MutatorWS= 292311 GcWS= 407383
11-29 01:43:29.274  3631  3644 I tch.android.ap: jiacheng RegionSpace::Debug() Begin()= 0x12c00000 End()= 0x52c00000 launch_region_num= 0 working_set_region_num= 0 cold_region_num= 0 none_region_num= 95 new_region_num= 52
11-29 01:43:29.274  3631  3644 I tch.android.ap: jiacheng MallocSpace::Debug() Begin()= 0x7226b000 End()= 0x722b4000
11-29 01:43:29.274  3631  3644 I tch.android.ap: jiacheng LargeObjectSpace::Debug() Begin()= 0x76077000 End()= 0x96077000
11-29 01:43:29.274  3631  3644 I tch.android.ap: jiacheng ConcurrentCopying::Runphases() End NanoTime()= 751660923626 GetGcType()= GcTypePartial current_iteration->GetGcCause()= Background current_iteration->GetClearSoftReferences()= 0 force_evacuate_all_= 0 background_gen_= 0 young_gen_= 0 current_iteration->GetFreedObjects()= 333656 current_iteration->GetFreedLargeObjects()= 431 current_iteration->GetFreedBytes()(MB)= 26 region_space->GetObjectsAllocated()= 392271 region_space->GetBytesAllocated()= 29 mark_num_= 1045269 mark_from_read_barrier_num_= 0 scan_num_= 191535 copy_num_= 64062 copy_from_barrier_num_= 4244 push_on_mark_stack_num_= 101351 read_barrier_num_= 102674 copy_launch_object_num_= 0 copy_cold_object_num_= 0 depth_= 0
11-29 01:43:29.274  3631  3644 I tch.android.ap: jiacheng LogGC() Background concurrent copying GC freed 333656(26MB) AllocSpace objects, 431(11MB) LOS objects, 41% free, 33MB/57MB, paused 430us total 1.545s
11-29 01:43:30.300  3631  3644 I tch.android.ap: jiacheng ConcurrentCopying::Runphases() Start NanoTime()= 752687028676 GetGcType()= GcTypePartial current_iteration->GetGcCause()= Background current_iteration->GetClearSoftReferences()= 0 force_evacuate_all_= 0 background_gen_= 0 young_gen_= 0 current_iteration->GetFreedObjects()= 0 current_iteration->GetFreedLargeObjects()= 0 current_iteration->GetFreedBytes()(MB)= 0 region_space->GetObjectsAllocated()= 563700 region_space->GetBytesAllocated()= 49 mark_num_= 0 mark_from_read_barrier_num_= 0 scan_num_= 0 copy_num_= 0 copy_from_barrier_num_= 0 push_on_mark_stack_num_= 0 read_barrier_num_= 0 copy_launch_object_num_= 0 copy_cold_object_num_= 0 depth_= 0
11-29 01:43:30.300  3631  3644 I tch.android.ap: jiacheng RegionSpace::Debug() Begin()= 0x12c00000 End()= 0x52c00000 launch_region_num= 0 working_set_region_num= 0 cold_region_num= 0 none_region_num= 95 new_region_num= 141
11-29 01:43:30.300  3631  3644 I tch.android.ap: jiacheng MallocSpace::Debug() Begin()= 0x7226b000 End()= 0x722b4000
11-29 01:43:30.300  3631  3644 I tch.android.ap: jiacheng LargeObjectSpace::Debug() Begin()= 0x76077000 End()= 0x96077000
11-29 01:43:30.300  3631  3644 I tch.android.ap: jiacheng force_evacuate_all_= 0
11-29 01:43:30.301  3631  3644 I tch.android.ap: jiacheng ConcurrentCopying::MarkingPhase() GetPerceptibleFlag()= 1
11-29 01:43:31.042  3631  3644 I tch.android.ap: jiacheng CopyingPhase() card_scan_num1= 7708
11-29 01:43:31.328  3631  3644 I tch.android.ap: jiacheng CopyingPhase() card_scan_num1= 27
11-29 01:43:31.858  3631  3644 I tch.android.ap: jiacheng RegionSpace::Debug() Begin()= 0x12c00000 End()= 0x52c00000 launch_region_num= 0 working_set_region_num= 0 cold_region_num= 0 none_region_num= 98 new_region_num= 46
11-29 01:43:31.858  3631  3644 I tch.android.ap: jiacheng MallocSpace::Debug() Begin()= 0x7226b000 End()= 0x722b4000
11-29 01:43:31.858  3631  3644 I tch.android.ap: jiacheng LargeObjectSpace::Debug() Begin()= 0x76077000 End()= 0x96077000
11-29 01:43:31.858  3631  3644 I tch.android.ap: jiacheng ConcurrentCopying::Runphases() End NanoTime()= 754244390550 GetGcType()= GcTypePartial current_iteration->GetGcCause()= Background current_iteration->GetClearSoftReferences()= 0 force_evacuate_all_= 0 background_gen_= 0 young_gen_= 0 current_iteration->GetFreedObjects()= 333649 current_iteration->GetFreedLargeObjects()= 277 current_iteration->GetFreedBytes()(MB)= 39 region_space->GetObjectsAllocated()= 382768 region_space->GetBytesAllocated()= 28 mark_num_= 1049147 mark_from_read_barrier_num_= 0 scan_num_= 190631 copy_num_= 53212 copy_from_barrier_num_= 4679 push_on_mark_stack_num_= 92901 read_barrier_num_= 94054 copy_launch_object_num_= 0 copy_cold_object_num_= 0 depth_= 0
11-29 01:43:31.858  3631  3644 I tch.android.ap: jiacheng LogGC() Background concurrent copying GC freed 333649(39MB) AllocSpace objects, 277(7532KB) LOS objects, 42% free, 32MB/56MB, paused 898us total 1.557s
11-29 01:43:32.098  3631  3652 I tch.android.ap: jiacheng MutatorWS= 384061 GcWS= 417294
11-29 01:43:33.974  3631  3644 I tch.android.ap: jiacheng ConcurrentCopying::Runphases() Start NanoTime()= 756360738209 GetGcType()= GcTypePartial current_iteration->GetGcCause()= Background current_iteration->GetClearSoftReferences()= 0 force_evacuate_all_= 0 background_gen_= 0 young_gen_= 0 current_iteration->GetFreedObjects()= 0 current_iteration->GetFreedLargeObjects()= 0 current_iteration->GetFreedBytes()(MB)= 0 region_space->GetObjectsAllocated()= 578502 region_space->GetBytesAllocated()= 45 mark_num_= 0 mark_from_read_barrier_num_= 0 scan_num_= 0 copy_num_= 0 copy_from_barrier_num_= 0 push_on_mark_stack_num_= 0 read_barrier_num_= 0 copy_launch_object_num_= 0 copy_cold_object_num_= 0 depth_= 0
11-29 01:43:33.974  3631  3644 I tch.android.ap: jiacheng RegionSpace::Debug() Begin()= 0x12c00000 End()= 0x52c00000 launch_region_num= 0 working_set_region_num= 0 cold_region_num= 0 none_region_num= 98 new_region_num= 126
11-29 01:43:33.974  3631  3644 I tch.android.ap: jiacheng MallocSpace::Debug() Begin()= 0x7226b000 End()= 0x722b4000
11-29 01:43:33.974  3631  3644 I tch.android.ap: jiacheng LargeObjectSpace::Debug() Begin()= 0x76077000 End()= 0x96077000
11-29 01:43:33.974  3631  3644 I tch.android.ap: jiacheng force_evacuate_all_= 0
11-29 01:43:33.975  3631  3644 I tch.android.ap: jiacheng ConcurrentCopying::MarkingPhase() GetPerceptibleFlag()= 1
11-29 01:43:34.720  3631  3644 I tch.android.ap: jiacheng CopyingPhase() card_scan_num1= 4478
11-29 01:43:35.012  3631  3644 I tch.android.ap: jiacheng CopyingPhase() card_scan_num1= 20
11-29 01:43:35.219  3631  3652 I tch.android.ap: jiacheng MutatorWS= 315513 GcWS= 383507
11-29 01:43:35.644  3631  3644 I tch.android.ap: jiacheng RegionSpace::Debug() Begin()= 0x12c00000 End()= 0x52c00000 launch_region_num= 0 working_set_region_num= 0 cold_region_num= 0 none_region_num= 98 new_region_num= 56
11-29 01:43:35.644  3631  3644 I tch.android.ap: jiacheng MallocSpace::Debug() Begin()= 0x7226b000 End()= 0x722b4000
11-29 01:43:35.644  3631  3644 I tch.android.ap: jiacheng LargeObjectSpace::Debug() Begin()= 0x76077000 End()= 0x96077000
11-29 01:43:35.644  3631  3644 I tch.android.ap: jiacheng ConcurrentCopying::Runphases() End NanoTime()= 758031005406 GetGcType()= GcTypePartial current_iteration->GetGcCause()= Background current_iteration->GetClearSoftReferences()= 0 force_evacuate_all_= 0 background_gen_= 0 young_gen_= 0 current_iteration->GetFreedObjects()= 329112 current_iteration->GetFreedLargeObjects()= 324 current_iteration->GetFreedBytes()(MB)= 25 region_space->GetObjectsAllocated()= 408598 region_space->GetBytesAllocated()= 30 mark_num_= 1087149 mark_from_read_barrier_num_= 0 scan_num_= 200787 copy_num_= 69946 copy_from_barrier_num_= 4255 push_on_mark_stack_num_= 107262 read_barrier_num_= 112733 copy_launch_object_num_= 0 copy_cold_object_num_= 0 depth_= 0
11-29 01:43:35.645  3631  3644 I tch.android.ap: jiacheng LogGC() Background concurrent copying GC freed 329112(25MB) AllocSpace objects, 324(9536KB) LOS objects, 41% free, 34MB/58MB, paused 605us total 1.670s
11-29 01:43:37.630  3631  3644 I tch.android.ap: jiacheng ConcurrentCopying::Runphases() Start NanoTime()= 760016247531 GetGcType()= GcTypePartial current_iteration->GetGcCause()= Background current_iteration->GetClearSoftReferences()= 0 force_evacuate_all_= 0 background_gen_= 0 young_gen_= 0 current_iteration->GetFreedObjects()= 0 current_iteration->GetFreedLargeObjects()= 0 current_iteration->GetFreedBytes()(MB)= 0 region_space->GetObjectsAllocated()= 604870 region_space->GetBytesAllocated()= 48 mark_num_= 0 mark_from_read_barrier_num_= 0 scan_num_= 0 copy_num_= 0 copy_from_barrier_num_= 0 push_on_mark_stack_num_= 0 read_barrier_num_= 0 copy_launch_object_num_= 0 copy_cold_object_num_= 0 depth_= 0
11-29 01:43:37.630  3631  3644 I tch.android.ap: jiacheng RegionSpace::Debug() Begin()= 0x12c00000 End()= 0x52c00000 launch_region_num= 0 working_set_region_num= 0 cold_region_num= 0 none_region_num= 98 new_region_num= 136
11-29 01:43:37.630  3631  3644 I tch.android.ap: jiacheng MallocSpace::Debug() Begin()= 0x7226b000 End()= 0x722b4000
11-29 01:43:37.630  3631  3644 I tch.android.ap: jiacheng LargeObjectSpace::Debug() Begin()= 0x76077000 End()= 0x96077000
11-29 01:43:37.630  3631  3644 I tch.android.ap: jiacheng force_evacuate_all_= 0
11-29 01:43:37.630  3631  3644 I tch.android.ap: jiacheng ConcurrentCopying::MarkingPhase() GetPerceptibleFlag()= 1
11-29 01:43:38.320  3631  3652 I tch.android.ap: jiacheng MutatorWS= 355899 GcWS= 374118
11-29 01:43:38.488  3631  3644 I tch.android.ap: jiacheng CopyingPhase() card_scan_num1= 11323
11-29 01:43:38.764  3631  3644 I tch.android.ap: jiacheng CopyingPhase() card_scan_num1= 22
11-29 01:43:39.324  3631  3644 I tch.android.ap: jiacheng RegionSpace::Debug() Begin()= 0x12c00000 End()= 0x52c00000 launch_region_num= 0 working_set_region_num= 0 cold_region_num= 0 none_region_num= 95 new_region_num= 130
11-29 01:43:39.324  3631  3644 I tch.android.ap: jiacheng MallocSpace::Debug() Begin()= 0x7226b000 End()= 0x722b4000
11-29 01:43:39.324  3631  3644 I tch.android.ap: jiacheng LargeObjectSpace::Debug() Begin()= 0x76077000 End()= 0x96077000
11-29 01:43:39.324  3631  3644 I tch.android.ap: jiacheng ConcurrentCopying::Runphases() End NanoTime()= 761710435877 GetGcType()= GcTypePartial current_iteration->GetGcCause()= Background current_iteration->GetClearSoftReferences()= 0 force_evacuate_all_= 0 background_gen_= 0 young_gen_= 0 current_iteration->GetFreedObjects()= 426414 current_iteration->GetFreedLargeObjects()= 306 current_iteration->GetFreedBytes()(MB)= 45 region_space->GetObjectsAllocated()= 466679 region_space->GetBytesAllocated()= 50 mark_num_= 1087470 mark_from_read_barrier_num_= 0 scan_num_= 196079 copy_num_= 67432 copy_from_barrier_num_= 3417 push_on_mark_stack_num_= 102939 read_barrier_num_= 130152 copy_launch_object_num_= 0 copy_cold_object_num_= 0 depth_= 0
11-29 01:43:39.324  3631  3644 I tch.android.ap: jiacheng LogGC() Background concurrent copying GC freed 426414(45MB) AllocSpace objects, 306(8876KB) LOS objects, 31% free, 52MB/76MB, paused 526us total 1.694s
11-29 01:43:41.397  3631  3644 I tch.android.ap: jiacheng ConcurrentCopying::Runphases() Start NanoTime()= 763783954209 GetGcType()= GcTypePartial current_iteration->GetGcCause()= Background current_iteration->GetClearSoftReferences()= 0 force_evacuate_all_= 0 background_gen_= 0 young_gen_= 0 current_iteration->GetFreedObjects()= 0 current_iteration->GetFreedLargeObjects()= 0 current_iteration->GetFreedBytes()(MB)= 0 region_space->GetObjectsAllocated()= 651710 region_space->GetBytesAllocated()= 66 mark_num_= 0 mark_from_read_barrier_num_= 0 scan_num_= 0 copy_num_= 0 copy_from_barrier_num_= 0 push_on_mark_stack_num_= 0 read_barrier_num_= 0 copy_launch_object_num_= 0 copy_cold_object_num_= 0 depth_= 0
11-29 01:43:41.397  3631  3644 I tch.android.ap: jiacheng RegionSpace::Debug() Begin()= 0x12c00000 End()= 0x52c00000 launch_region_num= 0 working_set_region_num= 0 cold_region_num= 0 none_region_num= 95 new_region_num= 211
11-29 01:43:41.397  3631  3644 I tch.android.ap: jiacheng MallocSpace::Debug() Begin()= 0x7226b000 End()= 0x722b4000
11-29 01:43:41.397  3631  3644 I tch.android.ap: jiacheng LargeObjectSpace::Debug() Begin()= 0x76077000 End()= 0x96077000
11-29 01:43:41.397  3631  3644 I tch.android.ap: jiacheng force_evacuate_all_= 0
11-29 01:43:41.398  3631  3644 I tch.android.ap: jiacheng ConcurrentCopying::MarkingPhase() GetPerceptibleFlag()= 1
11-29 01:43:41.431  3631  3652 I tch.android.ap: jiacheng MutatorWS= 381277 GcWS= 344750
11-29 01:43:42.190  3631  3644 I tch.android.ap: jiacheng CopyingPhase() card_scan_num1= 4156
11-29 01:43:42.536  3631  3644 I tch.android.ap: jiacheng CopyingPhase() card_scan_num1= 28
11-29 01:43:43.112  3631  3644 I tch.android.ap: jiacheng RegionSpace::Debug() Begin()= 0x12c00000 End()= 0x52c00000 launch_region_num= 0 working_set_region_num= 0 cold_region_num= 0 none_region_num= 97 new_region_num= 55
11-29 01:43:43.112  3631  3644 I tch.android.ap: jiacheng MallocSpace::Debug() Begin()= 0x7226b000 End()= 0x722b4000
11-29 01:43:43.112  3631  3644 I tch.android.ap: jiacheng LargeObjectSpace::Debug() Begin()= 0x76077000 End()= 0x96077000
11-29 01:43:43.113  3631  3644 I tch.android.ap: jiacheng ConcurrentCopying::Runphases() End NanoTime()= 765499229484 GetGcType()= GcTypePartial current_iteration->GetGcCause()= Background current_iteration->GetClearSoftReferences()= 0 force_evacuate_all_= 0 background_gen_= 0 young_gen_= 0 current_iteration->GetFreedObjects()= 396910 current_iteration->GetFreedLargeObjects()= 366 current_iteration->GetFreedBytes()(MB)= 47 region_space->GetObjectsAllocated()= 409949 region_space->GetBytesAllocated()= 30 mark_num_= 1076496 mark_from_read_barrier_num_= 0 scan_num_= 191139 copy_num_= 55375 copy_from_barrier_num_= 3843 push_on_mark_stack_num_= 93113 read_barrier_num_= 120432 copy_launch_object_num_= 0 copy_cold_object_num_= 0 depth_= 0
11-29 01:43:43.113  3631  3644 I tch.android.ap: jiacheng LogGC() Background concurrent copying GC freed 396910(47MB) AllocSpace objects, 366(10MB) LOS objects, 40% free, 34MB/58MB, paused 401us total 1.715s
11-29 01:43:44.534  3631  3652 I tch.android.ap: jiacheng MutatorWS= 291278 GcWS= 408363
11-29 01:43:45.489  3631  3644 I tch.android.ap: jiacheng ConcurrentCopying::Runphases() Start NanoTime()= 767875424304 GetGcType()= GcTypePartial current_iteration->GetGcCause()= Background current_iteration->GetClearSoftReferences()= 0 force_evacuate_all_= 0 background_gen_= 0 young_gen_= 0 current_iteration->GetFreedObjects()= 0 current_iteration->GetFreedLargeObjects()= 0 current_iteration->GetFreedBytes()(MB)= 0 region_space->GetObjectsAllocated()= 597185 region_space->GetBytesAllocated()= 47 mark_num_= 0 mark_from_read_barrier_num_= 0 scan_num_= 0 copy_num_= 0 copy_from_barrier_num_= 0 push_on_mark_stack_num_= 0 read_barrier_num_= 0 copy_launch_object_num_= 0 copy_cold_object_num_= 0 depth_= 0
11-29 01:43:45.489  3631  3644 I tch.android.ap: jiacheng RegionSpace::Debug() Begin()= 0x12c00000 End()= 0x52c00000 launch_region_num= 0 working_set_region_num= 0 cold_region_num= 0 none_region_num= 97 new_region_num= 137
11-29 01:43:45.489  3631  3644 I tch.android.ap: jiacheng MallocSpace::Debug() Begin()= 0x7226b000 End()= 0x722b4000
11-29 01:43:45.489  3631  3644 I tch.android.ap: jiacheng LargeObjectSpace::Debug() Begin()= 0x76077000 End()= 0x96077000
11-29 01:43:45.489  3631  3644 I tch.android.ap: jiacheng force_evacuate_all_= 0
11-29 01:43:45.489  3631  3644 I tch.android.ap: jiacheng ConcurrentCopying::MarkingPhase() GetPerceptibleFlag()= 1
11-29 01:43:46.238  3631  3644 I tch.android.ap: jiacheng CopyingPhase() card_scan_num1= 5262
11-29 01:43:46.536  3631  3644 I tch.android.ap: jiacheng CopyingPhase() card_scan_num1= 25
11-29 01:43:47.106  3631  3644 I tch.android.ap: jiacheng RegionSpace::Debug() Begin()= 0x12c00000 End()= 0x52c00000 launch_region_num= 0 working_set_region_num= 0 cold_region_num= 0 none_region_num= 95 new_region_num= 50
11-29 01:43:47.106  3631  3644 I tch.android.ap: jiacheng MallocSpace::Debug() Begin()= 0x7226b000 End()= 0x722b4000
11-29 01:43:47.106  3631  3644 I tch.android.ap: jiacheng LargeObjectSpace::Debug() Begin()= 0x76077000 End()= 0x96077000
11-29 01:43:47.106  3631  3644 I tch.android.ap: jiacheng ConcurrentCopying::Runphases() End NanoTime()= 769492489517 GetGcType()= GcTypePartial current_iteration->GetGcCause()= Background current_iteration->GetClearSoftReferences()= 0 force_evacuate_all_= 0 background_gen_= 0 young_gen_= 0 current_iteration->GetFreedObjects()= 375599 current_iteration->GetFreedLargeObjects()= 424 current_iteration->GetFreedBytes()(MB)= 29 region_space->GetObjectsAllocated()= 392493 region_space->GetBytesAllocated()= 29 mark_num_= 1063708 mark_from_read_barrier_num_= 0 scan_num_= 189195 copy_num_= 53440 copy_from_barrier_num_= 3298 push_on_mark_stack_num_= 93969 read_barrier_num_= 115484 copy_launch_object_num_= 0 copy_cold_object_num_= 0 depth_= 0
