11-29 00:18:11.779  3553  3566 I tch.android.ap: jiacheng ConcurrentCopying::Runphases() End NanoTime()= 347144913902 GetGcType()= GcTypePartial current_iteration->GetGcCause()= Background current_iteration->GetClearSoftReferences()= 0 force_evacuate_all_= 0 background_gen_= 0 young_gen_= 0 current_iteration->GetFreedObjects()= 329123 current_iteration->GetFreedLargeObjects()= 404 current_iteration->GetFreedBytes()(MB)= 26 region_space->GetObjectsAllocated()= 447478 region_space->GetBytesAllocated()= 33 mark_num_= 1158244 mark_from_read_barrier_num_= 0 scan_num_= 216634 copy_num_= 53148 copy_from_barrier_num_= 2897 push_on_mark_stack_num_= 94840 read_barrier_num_= 96977 copy_launch_object_num_= 0 copy_cold_object_num_= 0 depth_= 0
11-29 00:18:11.780  3553  3566 I tch.android.ap: jiacheng LogGC() Background concurrent copying GC freed 329123(26MB) AllocSpace objects, 404(10MB) LOS objects, 39% free, 36MB/60MB, paused 273us total 1.917s
11-29 00:18:12.455  3553  3566 I tch.android.ap: jiacheng ConcurrentCopying::Runphases() Start NanoTime()= 347820837094 GetGcType()= GcTypePartial current_iteration->GetGcCause()= Background current_iteration->GetClearSoftReferences()= 0 force_evacuate_all_= 0 background_gen_= 0 young_gen_= 0 current_iteration->GetFreedObjects()= 0 current_iteration->GetFreedLargeObjects()= 0 current_iteration->GetFreedBytes()(MB)= 0 region_space->GetObjectsAllocated()= 560721 region_space->GetBytesAllocated()= 55 mark_num_= 0 mark_from_read_barrier_num_= 0 scan_num_= 0 copy_num_= 0 copy_from_barrier_num_= 0 push_on_mark_stack_num_= 0 read_barrier_num_= 0 copy_launch_object_num_= 0 copy_cold_object_num_= 0 depth_= 0
11-29 00:18:12.455  3553  3566 I tch.android.ap: jiacheng RegionSpace::Debug() Begin()= 0x12c00000 End()= 0x52c00000 launch_region_num= 0 working_set_region_num= 0 cold_region_num= 0 none_region_num= 113 new_region_num= 137
11-29 00:18:12.455  3553  3566 I tch.android.ap: jiacheng MallocSpace::Debug() Begin()= 0x71d59000 End()= 0x71da3000
11-29 00:18:12.455  3553  3566 I tch.android.ap: jiacheng LargeObjectSpace::Debug() Begin()= 0x75b65000 End()= 0x95b65000
11-29 00:18:12.455  3553  3566 I tch.android.ap: jiacheng force_evacuate_all_= 0
11-29 00:18:12.456  3553  3566 I tch.android.ap: jiacheng ConcurrentCopying::MarkingPhase() GetPerceptibleFlag()= 1
11-29 00:18:13.339  3553  3566 I tch.android.ap: jiacheng CopyingPhase() card_scan_num1= 4712
11-29 00:18:13.711  3553  3566 I tch.android.ap: jiacheng CopyingPhase() card_scan_num1= 41
11-29 00:18:14.059  3553  3574 I tch.android.ap: jiacheng MutatorWS= 301998 GcWS= 496677
11-29 00:18:14.370  3553  3566 I tch.android.ap: jiacheng RegionSpace::Debug() Begin()= 0x12c00000 End()= 0x52c00000 launch_region_num= 0 working_set_region_num= 0 cold_region_num= 0 none_region_num= 112 new_region_num= 42
11-29 00:18:14.370  3553  3566 I tch.android.ap: jiacheng MallocSpace::Debug() Begin()= 0x71d59000 End()= 0x71da3000
11-29 00:18:14.370  3553  3566 I tch.android.ap: jiacheng LargeObjectSpace::Debug() Begin()= 0x75b65000 End()= 0x95b65000
11-29 00:18:14.370  3553  3566 I tch.android.ap: jiacheng ConcurrentCopying::Runphases() End NanoTime()= 349735729785 GetGcType()= GcTypePartial current_iteration->GetGcCause()= Background current_iteration->GetClearSoftReferences()= 0 force_evacuate_all_= 0 background_gen_= 0 young_gen_= 0 current_iteration->GetFreedObjects()= 249675 current_iteration->GetFreedLargeObjects()= 199 current_iteration->GetFreedBytes()(MB)= 36 region_space->GetObjectsAllocated()= 434435 region_space->GetBytesAllocated()= 32 mark_num_= 1104886 mark_from_read_barrier_num_= 0 scan_num_= 206301 copy_num_= 40003 copy_from_barrier_num_= 1319 push_on_mark_stack_num_= 83217 read_barrier_num_= 70435 copy_launch_object_num_= 0 copy_cold_object_num_= 0 depth_= 0
11-29 00:18:14.370  3553  3566 I tch.android.ap: jiacheng LogGC() Background concurrent copying GC freed 249675(36MB) AllocSpace objects, 199(5000KB) LOS objects, 40% free, 35MB/59MB, paused 284us total 1.915s
11-29 00:18:17.162  3553  3574 I tch.android.ap: jiacheng MutatorWS= 175569 GcWS= 170308
11-29 00:18:17.584  3553  3566 I tch.android.ap: jiacheng ConcurrentCopying::Runphases() Start NanoTime()= 352949670678 GetGcType()= GcTypePartial current_iteration->GetGcCause()= Background current_iteration->GetClearSoftReferences()= 0 force_evacuate_all_= 0 background_gen_= 0 young_gen_= 0 current_iteration->GetFreedObjects()= 0 current_iteration->GetFreedLargeObjects()= 0 current_iteration->GetFreedBytes()(MB)= 0 region_space->GetObjectsAllocated()= 621013 region_space->GetBytesAllocated()= 49 mark_num_= 0 mark_from_read_barrier_num_= 0 scan_num_= 0 copy_num_= 0 copy_from_barrier_num_= 0 push_on_mark_stack_num_= 0 read_barrier_num_= 0 copy_launch_object_num_= 0 copy_cold_object_num_= 0 depth_= 0
11-29 00:18:17.584  3553  3566 I tch.android.ap: jiacheng RegionSpace::Debug() Begin()= 0x12c00000 End()= 0x52c00000 launch_region_num= 0 working_set_region_num= 0 cold_region_num= 0 none_region_num= 112 new_region_num= 130
11-29 00:18:17.584  3553  3566 I tch.android.ap: jiacheng MallocSpace::Debug() Begin()= 0x71d59000 End()= 0x71da3000
11-29 00:18:17.584  3553  3566 I tch.android.ap: jiacheng LargeObjectSpace::Debug() Begin()= 0x75b65000 End()= 0x95b65000
11-29 00:18:17.584  3553  3566 I tch.android.ap: jiacheng force_evacuate_all_= 0
11-29 00:18:17.585  3553  3566 I tch.android.ap: jiacheng ConcurrentCopying::MarkingPhase() GetPerceptibleFlag()= 1
11-29 00:18:18.409  3553  3566 I tch.android.ap: jiacheng CopyingPhase() card_scan_num1= 3140
11-29 00:18:18.779  3553  3566 I tch.android.ap: jiacheng CopyingPhase() card_scan_num1= 18
11-29 00:18:19.417  3553  3566 I tch.android.ap: jiacheng RegionSpace::Debug() Begin()= 0x12c00000 End()= 0x52c00000 launch_region_num= 0 working_set_region_num= 0 cold_region_num= 0 none_region_num= 111 new_region_num= 44
11-29 00:18:19.417  3553  3566 I tch.android.ap: jiacheng MallocSpace::Debug() Begin()= 0x71d59000 End()= 0x71da3000
11-29 00:18:19.417  3553  3566 I tch.android.ap: jiacheng LargeObjectSpace::Debug() Begin()= 0x75b65000 End()= 0x95b65000
11-29 00:18:19.417  3553  3566 I tch.android.ap: jiacheng ConcurrentCopying::Runphases() End NanoTime()= 354782498465 GetGcType()= GcTypePartial current_iteration->GetGcCause()= Background current_iteration->GetClearSoftReferences()= 0 force_evacuate_all_= 0 background_gen_= 0 young_gen_= 0 current_iteration->GetFreedObjects()= 314952 current_iteration->GetFreedLargeObjects()= 405 current_iteration->GetFreedBytes()(MB)= 25 region_space->GetObjectsAllocated()= 425198 region_space->GetBytesAllocated()= 31 mark_num_= 1117028 mark_from_read_barrier_num_= 0 scan_num_= 210069 copy_num_= 52644 copy_from_barrier_num_= 1529 push_on_mark_stack_num_= 91891 read_barrier_num_= 78569 copy_launch_object_num_= 0 copy_cold_object_num_= 0 depth_= 0
11-29 00:18:19.417  3553  3566 I tch.android.ap: jiacheng LogGC() Background concurrent copying GC freed 314952(25MB) AllocSpace objects, 405(10MB) LOS objects, 40% free, 35MB/59MB, paused 422us total 1.833s
11-29 00:18:20.203  3553  3574 I tch.android.ap: jiacheng MutatorWS= 200176 GcWS= 433772
11-29 00:18:23.187  3553  3566 I tch.android.ap: jiacheng ConcurrentCopying::Runphases() Start NanoTime()= 358552398788 GetGcType()= GcTypePartial current_iteration->GetGcCause()= Background current_iteration->GetClearSoftReferences()= 0 force_evacuate_all_= 0 background_gen_= 0 young_gen_= 0 current_iteration->GetFreedObjects()= 0 current_iteration->GetFreedLargeObjects()= 0 current_iteration->GetFreedBytes()(MB)= 0 region_space->GetObjectsAllocated()= 623602 region_space->GetBytesAllocated()= 48 mark_num_= 0 mark_from_read_barrier_num_= 0 scan_num_= 0 copy_num_= 0 copy_from_barrier_num_= 0 push_on_mark_stack_num_= 0 read_barrier_num_= 0 copy_launch_object_num_= 0 copy_cold_object_num_= 0 depth_= 0
11-29 00:18:23.187  3553  3566 I tch.android.ap: jiacheng RegionSpace::Debug() Begin()= 0x12c00000 End()= 0x52c00000 launch_region_num= 0 working_set_region_num= 0 cold_region_num= 0 none_region_num= 111 new_region_num= 128
11-29 00:18:23.187  3553  3566 I tch.android.ap: jiacheng MallocSpace::Debug() Begin()= 0x71d59000 End()= 0x71da3000
11-29 00:18:23.187  3553  3566 I tch.android.ap: jiacheng LargeObjectSpace::Debug() Begin()= 0x75b65000 End()= 0x95b65000
11-29 00:18:23.187  3553  3566 I tch.android.ap: jiacheng force_evacuate_all_= 0
11-29 00:18:23.188  3553  3566 I tch.android.ap: jiacheng ConcurrentCopying::MarkingPhase() GetPerceptibleFlag()= 1
11-29 00:18:23.284  3553  3574 I tch.android.ap: jiacheng MutatorWS= 185380 GcWS= 46123
11-29 00:18:24.026  3553  3566 I tch.android.ap: jiacheng CopyingPhase() card_scan_num1= 1407
11-29 00:18:24.474  3553  3566 I tch.android.ap: jiacheng CopyingPhase() card_scan_num1= 8
11-29 00:18:24.493  3553  7455 I tch.android.ap: jiacheng Heap::ForeToBack()
11-29 00:18:24.493  3553  7455 I tch.android.ap: jiacheng RequestRelocateHotness() delta_time= 10000000000
11-29 00:18:25.968  3553  3566 I tch.android.ap: jiacheng RegionSpace::Debug() Begin()= 0x12c00000 End()= 0x52c00000 launch_region_num= 0 working_set_region_num= 0 cold_region_num= 0 none_region_num= 113 new_region_num= 26
11-29 00:18:25.968  3553  3566 I tch.android.ap: jiacheng MallocSpace::Debug() Begin()= 0x71d59000 End()= 0x71da3000
11-29 00:18:25.968  3553  3566 I tch.android.ap: jiacheng LargeObjectSpace::Debug() Begin()= 0x75b65000 End()= 0x95b65000
11-29 00:18:25.968  3553  3566 I tch.android.ap: jiacheng ConcurrentCopying::Runphases() End NanoTime()= 361333620836 GetGcType()= GcTypePartial current_iteration->GetGcCause()= Background current_iteration->GetClearSoftReferences()= 0 force_evacuate_all_= 0 background_gen_= 0 young_gen_= 0 current_iteration->GetFreedObjects()= 280432 current_iteration->GetFreedLargeObjects()= 342 current_iteration->GetFreedBytes()(MB)= 22 region_space->GetObjectsAllocated()= 410355 region_space->GetBytesAllocated()= 29 mark_num_= 1249658 mark_from_read_barrier_num_= 0 scan_num_= 215675 copy_num_= 59909 copy_from_barrier_num_= 1963 push_on_mark_stack_num_= 99331 read_barrier_num_= 190579 copy_launch_object_num_= 0 copy_cold_object_num_= 0 depth_= 0
11-29 00:18:25.969  3553  3566 I tch.android.ap: jiacheng LogGC() Background concurrent copying GC freed 280432(22MB) AllocSpace objects, 342(8864KB) LOS objects, 19% free, 32MB/40MB, paused 535us total 2.782s
11-29 00:18:26.315  3553  3574 I tch.android.ap: jiacheng MutatorWS= 56492 GcWS= 441000
11-29 00:18:29.481  3553  3574 I tch.android.ap: jiacheng MutatorWS= 34202 GcWS= 0
11-29 00:18:32.519  3553  3574 I tch.android.ap: jiacheng MutatorWS= 13238 GcWS= 0
11-29 00:18:34.499  3553  3566 I tch.android.ap: jiacheng Heap::DoRelocateHotness()
11-29 00:18:34.500  3553  3566 I tch.android.ap: jiacheng ConcurrentCopying::Runphases() Start NanoTime()= 369865088353 GetGcType()= GcTypePartial current_iteration->GetGcCause()= RelocateHotness current_iteration->GetClearSoftReferences()= 0 force_evacuate_all_= 0 background_gen_= 0 young_gen_= 0 current_iteration->GetFreedObjects()= 0 current_iteration->GetFreedLargeObjects()= 0 current_iteration->GetFreedBytes()(MB)= 0 region_space->GetObjectsAllocated()= 444158 region_space->GetBytesAllocated()= 32 mark_num_= 0 mark_from_read_barrier_num_= 0 scan_num_= 0 copy_num_= 0 copy_from_barrier_num_= 0 push_on_mark_stack_num_= 0 read_barrier_num_= 0 copy_launch_object_num_= 0 copy_cold_object_num_= 0 depth_= 0
11-29 00:18:34.500  3553  3566 I tch.android.ap: jiacheng RegionSpace::Debug() Begin()= 0x12c00000 End()= 0x52c00000 launch_region_num= 0 working_set_region_num= 0 cold_region_num= 0 none_region_num= 113 new_region_num= 37
11-29 00:18:34.500  3553  3566 I tch.android.ap: jiacheng MallocSpace::Debug() Begin()= 0x71d59000 End()= 0x71da2000
11-29 00:18:34.500  3553  3566 I tch.android.ap: jiacheng LargeObjectSpace::Debug() Begin()= 0x75b65000 End()= 0x95b65000
11-29 00:18:34.500  3553  3566 I tch.android.ap: jiacheng force_evacuate_all_= 1
11-29 00:18:34.596  3553  3566 I tch.android.ap: jiacheng CopyingPhase() card_scan_num1= 5
11-29 00:18:34.596  3553  3566 I tch.android.ap: jiacheng CopyingPhase() card_scan_num1= 0
11-29 00:18:34.744  3553  3566 I tch.android.ap: jiacheng ProcessMarkStackOnce() Before push_on_mark_stack_num_= 20126 depth= 0
11-29 00:18:35.019  3553  3566 I tch.android.ap: jiacheng ProcessMarkStackOnce() kMarkStackModeThreadLocal push_on_mark_stack_num_= 40127 depth= 1
11-29 00:18:35.278  3553  3566 I tch.android.ap: jiacheng ProcessMarkStackOnce() kMarkStackModeThreadLocal push_on_mark_stack_num_= 55679 depth= 2
11-29 00:18:35.420  3553  3566 I tch.android.ap: jiacheng ProcessMarkStackOnce() kMarkStackModeThreadLocal push_on_mark_stack_num_= 66101 depth= 3
11-29 00:18:35.514  3553  3566 I tch.android.ap: jiacheng ProcessMarkStackOnce() kMarkStackModeThreadLocal push_on_mark_stack_num_= 72504 depth= 4
11-29 00:18:35.581  3553  3574 I tch.android.ap: jiacheng MutatorWS= 13422 GcWS= 162230
11-29 00:18:35.636  3553  3566 I tch.android.ap: jiacheng ProcessMarkStackOnce() kMarkStackModeThreadLocal push_on_mark_stack_num_= 78746 depth= 5
11-29 00:18:35.707  3553  3566 I tch.android.ap: jiacheng ProcessMarkStackOnce() kMarkStackModeThreadLocal push_on_mark_stack_num_= 84727 depth= 6
11-29 00:18:35.798  3553  3566 I tch.android.ap: jiacheng ProcessMarkStackOnce() kMarkStackModeThreadLocal push_on_mark_stack_num_= 93251 depth= 7
11-29 00:18:35.903  3553  3566 I tch.android.ap: jiacheng ProcessMarkStackOnce() kMarkStackModeThreadLocal push_on_mark_stack_num_= 102523 depth= 8
11-29 00:18:36.100  3553  3566 I tch.android.ap: jiacheng ProcessMarkStackOnce() kMarkStackModeThreadLocal push_on_mark_stack_num_= 124718 depth= 9
11-29 00:18:36.416  3553  3566 I tch.android.ap: jiacheng ProcessMarkStackOnce() kMarkStackModeThreadLocal push_on_mark_stack_num_= 155084 depth= 10
11-29 00:18:36.695  3553  3566 I tch.android.ap: jiacheng ProcessMarkStackOnce() kMarkStackModeThreadLocal push_on_mark_stack_num_= 177284 depth= 11
11-29 00:18:36.930  3553  3566 I tch.android.ap: jiacheng ProcessMarkStackOnce() kMarkStackModeThreadLocal push_on_mark_stack_num_= 197043 depth= 12
11-29 00:18:37.183  3553  3566 I tch.android.ap: jiacheng ProcessMarkStackOnce() kMarkStackModeThreadLocal push_on_mark_stack_num_= 219600 depth= 13
11-29 00:18:37.460  3553  3566 I tch.android.ap: jiacheng ProcessMarkStackOnce() kMarkStackModeThreadLocal push_on_mark_stack_num_= 244260 depth= 14
11-29 00:18:37.639  3553  3566 I tch.android.ap: jiacheng ProcessMarkStackOnce() kMarkStackModeThreadLocal push_on_mark_stack_num_= 255167 depth= 15
11-29 00:18:37.764  3553  3566 I tch.android.ap: jiacheng ProcessMarkStackOnce() kMarkStackModeThreadLocal push_on_mark_stack_num_= 263942 depth= 16
11-29 00:18:37.902  3553  3566 I tch.android.ap: jiacheng ProcessMarkStackOnce() kMarkStackModeThreadLocal push_on_mark_stack_num_= 275055 depth= 17
11-29 00:18:38.058  3553  3566 I tch.android.ap: jiacheng ProcessMarkStackOnce() kMarkStackModeThreadLocal push_on_mark_stack_num_= 286425 depth= 18
11-29 00:18:38.209  3553  3566 I tch.android.ap: jiacheng ProcessMarkStackOnce() kMarkStackModeThreadLocal push_on_mark_stack_num_= 297312 depth= 19
11-29 00:18:38.370  3553  3566 I tch.android.ap: jiacheng ProcessMarkStackOnce() kMarkStackModeThreadLocal push_on_mark_stack_num_= 308990 depth= 20
11-29 00:18:38.504  3553  3566 I tch.android.ap: jiacheng ProcessMarkStackOnce() kMarkStackModeThreadLocal push_on_mark_stack_num_= 319195 depth= 21
11-29 00:18:38.606  3553  3566 I tch.android.ap: jiacheng ProcessMarkStackOnce() kMarkStackModeThreadLocal push_on_mark_stack_num_= 325713 depth= 22
11-29 00:18:38.673  3553  3574 I tch.android.ap: jiacheng MutatorWS= 11453 GcWS= 519774
11-29 00:18:38.879  3553  3566 I tch.android.ap: jiacheng ProcessMarkStackOnce() kMarkStackModeThreadLocal push_on_mark_stack_num_= 331297 depth= 23
11-29 00:18:38.913  3553  3566 I tch.android.ap: jiacheng ProcessMarkStackOnce() kMarkStackModeThreadLocal push_on_mark_stack_num_= 332950 depth= 24
11-29 00:18:38.932  3553  3566 I tch.android.ap: jiacheng ProcessMarkStackOnce() kMarkStackModeThreadLocal push_on_mark_stack_num_= 334396 depth= 25
11-29 00:18:38.961  3553  3566 I tch.android.ap: jiacheng ProcessMarkStackOnce() kMarkStackModeThreadLocal push_on_mark_stack_num_= 337565 depth= 26
11-29 00:18:38.993  3553  3566 I tch.android.ap: jiacheng ProcessMarkStackOnce() kMarkStackModeThreadLocal push_on_mark_stack_num_= 339749 depth= 27
11-29 00:18:39.029  3553  3566 I tch.android.ap: jiacheng ProcessMarkStackOnce() kMarkStackModeThreadLocal push_on_mark_stack_num_= 342935 depth= 28
11-29 00:18:39.058  3553  3566 I tch.android.ap: jiacheng ProcessMarkStackOnce() kMarkStackModeThreadLocal push_on_mark_stack_num_= 344971 depth= 29
11-29 00:18:39.088  3553  3566 I tch.android.ap: jiacheng ProcessMarkStackOnce() kMarkStackModeThreadLocal push_on_mark_stack_num_= 347704 depth= 30
11-29 00:18:39.117  3553  3566 I tch.android.ap: jiacheng ProcessMarkStackOnce() kMarkStackModeThreadLocal push_on_mark_stack_num_= 350023 depth= 31
11-29 00:18:39.137  3553  3566 I tch.android.ap: jiacheng ProcessMarkStackOnce() kMarkStackModeThreadLocal push_on_mark_stack_num_= 351378 depth= 32
11-29 00:18:39.147  3553  3566 I tch.android.ap: jiacheng ProcessMarkStackOnce() kMarkStackModeThreadLocal push_on_mark_stack_num_= 351611 depth= 33
11-29 00:18:39.150  3553  3566 I tch.android.ap: jiacheng ProcessMarkStackOnce() kMarkStackModeThreadLocal push_on_mark_stack_num_= 351777 depth= 34
11-29 00:18:39.151  3553  3566 I tch.android.ap: jiacheng ProcessMarkStackOnce() kMarkStackModeThreadLocal push_on_mark_stack_num_= 351942 depth= 35
11-29 00:18:39.152  3553  3566 I tch.android.ap: jiacheng ProcessMarkStackOnce() kMarkStackModeThreadLocal push_on_mark_stack_num_= 352031 depth= 36
11-29 00:18:39.154  3553  3566 I tch.android.ap: jiacheng ProcessMarkStackOnce() kMarkStackModeThreadLocal push_on_mark_stack_num_= 352201 depth= 37
11-29 00:18:39.155  3553  3566 I tch.android.ap: jiacheng ProcessMarkStackOnce() kMarkStackModeThreadLocal push_on_mark_stack_num_= 352333 depth= 38
11-29 00:18:39.156  3553  3566 I tch.android.ap: jiacheng ProcessMarkStackOnce() kMarkStackModeThreadLocal push_on_mark_stack_num_= 352448 depth= 39
11-29 00:18:39.157  3553  3566 I tch.android.ap: jiacheng ProcessMarkStackOnce() kMarkStackModeThreadLocal push_on_mark_stack_num_= 352539 depth= 40
11-29 00:18:39.158  3553  3566 I tch.android.ap: jiacheng ProcessMarkStackOnce() kMarkStackModeThreadLocal push_on_mark_stack_num_= 352598 depth= 41
11-29 00:18:39.159  3553  3566 I tch.android.ap: jiacheng ProcessMarkStackOnce() kMarkStackModeThreadLocal push_on_mark_stack_num_= 352657 depth= 42
11-29 00:18:39.160  3553  3566 I tch.android.ap: jiacheng ProcessMarkStackOnce() kMarkStackModeThreadLocal push_on_mark_stack_num_= 352716 depth= 43
11-29 00:18:39.161  3553  3566 I tch.android.ap: jiacheng ProcessMarkStackOnce() kMarkStackModeThreadLocal push_on_mark_stack_num_= 352775 depth= 44
11-29 00:18:39.161  3553  3566 I tch.android.ap: jiacheng ProcessMarkStackOnce() kMarkStackModeThreadLocal push_on_mark_stack_num_= 352834 depth= 45
11-29 00:18:39.162  3553  3566 I tch.android.ap: jiacheng ProcessMarkStackOnce() kMarkStackModeThreadLocal push_on_mark_stack_num_= 352892 depth= 46
11-29 00:18:39.163  3553  3566 I tch.android.ap: jiacheng ProcessMarkStackOnce() kMarkStackModeThreadLocal push_on_mark_stack_num_= 352950 depth= 47
11-29 00:18:39.164  3553  3566 I tch.android.ap: jiacheng ProcessMarkStackOnce() kMarkStackModeThreadLocal push_on_mark_stack_num_= 353008 depth= 48
11-29 00:18:39.165  3553  3566 I tch.android.ap: jiacheng ProcessMarkStackOnce() kMarkStackModeThreadLocal push_on_mark_stack_num_= 353066 depth= 49
11-29 00:18:39.165  3553  3566 I tch.android.ap: jiacheng ProcessMarkStackOnce() kMarkStackModeThreadLocal push_on_mark_stack_num_= 353123 depth= 50
11-29 00:18:39.167  3553  3566 I tch.android.ap: jiacheng ProcessMarkStackOnce() kMarkStackModeThreadLocal push_on_mark_stack_num_= 353177 depth= 51
11-29 00:18:39.168  3553  3566 I tch.android.ap: jiacheng ProcessMarkStackOnce() kMarkStackModeThreadLocal push_on_mark_stack_num_= 353228 depth= 52
11-29 00:18:39.169  3553  3566 I tch.android.ap: jiacheng ProcessMarkStackOnce() kMarkStackModeThreadLocal push_on_mark_stack_num_= 353278 depth= 53
11-29 00:18:39.169  3553  3566 I tch.android.ap: jiacheng ProcessMarkStackOnce() kMarkStackModeThreadLocal push_on_mark_stack_num_= 353326 depth= 54
11-29 00:18:39.170  3553  3566 I tch.android.ap: jiacheng ProcessMarkStackOnce() kMarkStackModeThreadLocal push_on_mark_stack_num_= 353372 depth= 55
11-29 00:18:39.170  3553  3566 I tch.android.ap: jiacheng ProcessMarkStackOnce() kMarkStackModeThreadLocal push_on_mark_stack_num_= 353418 depth= 56
11-29 00:18:39.171  3553  3566 I tch.android.ap: jiacheng ProcessMarkStackOnce() kMarkStackModeThreadLocal push_on_mark_stack_num_= 353464 depth= 57
11-29 00:18:39.172  3553  3566 I tch.android.ap: jiacheng ProcessMarkStackOnce() kMarkStackModeThreadLocal push_on_mark_stack_num_= 353511 depth= 58
11-29 00:18:39.172  3553  3566 I tch.android.ap: jiacheng ProcessMarkStackOnce() kMarkStackModeThreadLocal push_on_mark_stack_num_= 353557 depth= 59
11-29 00:18:39.173  3553  3566 I tch.android.ap: jiacheng ProcessMarkStackOnce() kMarkStackModeThreadLocal push_on_mark_stack_num_= 353603 depth= 60
11-29 00:18:39.173  3553  3566 I tch.android.ap: jiacheng ProcessMarkStackOnce() kMarkStackModeThreadLocal push_on_mark_stack_num_= 353649 depth= 61
11-29 00:18:39.174  3553  3566 I tch.android.ap: jiacheng ProcessMarkStackOnce() kMarkStackModeThreadLocal push_on_mark_stack_num_= 353695 depth= 62
11-29 00:18:39.174  3553  3566 I tch.android.ap: jiacheng ProcessMarkStackOnce() kMarkStackModeThreadLocal push_on_mark_stack_num_= 353741 depth= 63
11-29 00:18:39.175  3553  3566 I tch.android.ap: jiacheng ProcessMarkStackOnce() kMarkStackModeThreadLocal push_on_mark_stack_num_= 353787 depth= 64
11-29 00:18:39.176  3553  3566 I tch.android.ap: jiacheng ProcessMarkStackOnce() kMarkStackModeThreadLocal push_on_mark_stack_num_= 353829 depth= 65
11-29 00:18:39.176  3553  3566 I tch.android.ap: jiacheng ProcessMarkStackOnce() kMarkStackModeThreadLocal push_on_mark_stack_num_= 353865 depth= 66
11-29 00:18:39.177  3553  3566 I tch.android.ap: jiacheng ProcessMarkStackOnce() kMarkStackModeThreadLocal push_on_mark_stack_num_= 353899 depth= 67
11-29 00:18:39.177  3553  3566 I tch.android.ap: jiacheng ProcessMarkStackOnce() kMarkStackModeThreadLocal push_on_mark_stack_num_= 353933 depth= 68
11-29 00:18:39.178  3553  3566 I tch.android.ap: jiacheng ProcessMarkStackOnce() kMarkStackModeThreadLocal push_on_mark_stack_num_= 353967 depth= 69
11-29 00:18:39.178  3553  3566 I tch.android.ap: jiacheng ProcessMarkStackOnce() kMarkStackModeThreadLocal push_on_mark_stack_num_= 354001 depth= 70
11-29 00:18:39.179  3553  3566 I tch.android.ap: jiacheng ProcessMarkStackOnce() kMarkStackModeThreadLocal push_on_mark_stack_num_= 354035 depth= 71
11-29 00:18:39.179  3553  3566 I tch.android.ap: jiacheng ProcessMarkStackOnce() kMarkStackModeThreadLocal push_on_mark_stack_num_= 354067 depth= 72
11-29 00:18:39.180  3553  3566 I tch.android.ap: jiacheng ProcessMarkStackOnce() kMarkStackModeThreadLocal push_on_mark_stack_num_= 354097 depth= 73
11-29 00:18:39.180  3553  3566 I tch.android.ap: jiacheng ProcessMarkStackOnce() kMarkStackModeThreadLocal push_on_mark_stack_num_= 354127 depth= 74
11-29 00:18:39.181  3553  3566 I tch.android.ap: jiacheng ProcessMarkStackOnce() kMarkStackModeThreadLocal push_on_mark_stack_num_= 354155 depth= 75
11-29 00:18:39.181  3553  3566 I tch.android.ap: jiacheng ProcessMarkStackOnce() kMarkStackModeThreadLocal push_on_mark_stack_num_= 354181 depth= 76
11-29 00:18:39.182  3553  3566 I tch.android.ap: jiacheng ProcessMarkStackOnce() kMarkStackModeThreadLocal push_on_mark_stack_num_= 354207 depth= 77
11-29 00:18:39.182  3553  3566 I tch.android.ap: jiacheng ProcessMarkStackOnce() kMarkStackModeThreadLocal push_on_mark_stack_num_= 354233 depth= 78
11-29 00:18:39.182  3553  3566 I tch.android.ap: jiacheng ProcessMarkStackOnce() kMarkStackModeThreadLocal push_on_mark_stack_num_= 354259 depth= 79
11-29 00:18:39.183  3553  3566 I tch.android.ap: jiacheng ProcessMarkStackOnce() kMarkStackModeThreadLocal push_on_mark_stack_num_= 354285 depth= 80
11-29 00:18:39.183  3553  3566 I tch.android.ap: jiacheng ProcessMarkStackOnce() kMarkStackModeThreadLocal push_on_mark_stack_num_= 354311 depth= 81
11-29 00:18:39.183  3553  3566 I tch.android.ap: jiacheng ProcessMarkStackOnce() kMarkStackModeThreadLocal push_on_mark_stack_num_= 354335 depth= 82
11-29 00:18:39.184  3553  3566 I tch.android.ap: jiacheng ProcessMarkStackOnce() kMarkStackModeThreadLocal push_on_mark_stack_num_= 354357 depth= 83
11-29 00:18:39.184  3553  3566 I tch.android.ap: jiacheng ProcessMarkStackOnce() kMarkStackModeThreadLocal push_on_mark_stack_num_= 354379 depth= 84
11-29 00:18:39.184  3553  3566 I tch.android.ap: jiacheng ProcessMarkStackOnce() kMarkStackModeThreadLocal push_on_mark_stack_num_= 354401 depth= 85
11-29 00:18:39.184  3553  3566 I tch.android.ap: jiacheng ProcessMarkStackOnce() kMarkStackModeThreadLocal push_on_mark_stack_num_= 354423 depth= 86
11-29 00:18:39.185  3553  3566 I tch.android.ap: jiacheng ProcessMarkStackOnce() kMarkStackModeThreadLocal push_on_mark_stack_num_= 354445 depth= 87
11-29 00:18:39.185  3553  3566 I tch.android.ap: jiacheng ProcessMarkStackOnce() kMarkStackModeThreadLocal push_on_mark_stack_num_= 354467 depth= 88
11-29 00:18:39.185  3553  3566 I tch.android.ap: jiacheng ProcessMarkStackOnce() kMarkStackModeThreadLocal push_on_mark_stack_num_= 354489 depth= 89
11-29 00:18:39.186  3553  3566 I tch.android.ap: jiacheng ProcessMarkStackOnce() kMarkStackModeThreadLocal push_on_mark_stack_num_= 354511 depth= 90
11-29 00:18:39.186  3553  3566 I tch.android.ap: jiacheng ProcessMarkStackOnce() kMarkStackModeThreadLocal push_on_mark_stack_num_= 354531 depth= 91
11-29 00:18:39.186  3553  3566 I tch.android.ap: jiacheng ProcessMarkStackOnce() kMarkStackModeThreadLocal push_on_mark_stack_num_= 354549 depth= 92
11-29 00:18:39.186  3553  3566 I tch.android.ap: jiacheng ProcessMarkStackOnce() kMarkStackModeThreadLocal push_on_mark_stack_num_= 354567 depth= 93
11-29 00:18:39.187  3553  3566 I tch.android.ap: jiacheng ProcessMarkStackOnce() kMarkStackModeThreadLocal push_on_mark_stack_num_= 354585 depth= 94
11-29 00:18:39.187  3553  3566 I tch.android.ap: jiacheng ProcessMarkStackOnce() kMarkStackModeThreadLocal push_on_mark_stack_num_= 354603 depth= 95
11-29 00:18:39.187  3553  3566 I tch.android.ap: jiacheng ProcessMarkStackOnce() kMarkStackModeThreadLocal push_on_mark_stack_num_= 354621 depth= 96
11-29 00:18:39.188  3553  3566 I tch.android.ap: jiacheng ProcessMarkStackOnce() kMarkStackModeThreadLocal push_on_mark_stack_num_= 354639 depth= 97
11-29 00:18:39.188  3553  3566 I tch.android.ap: jiacheng ProcessMarkStackOnce() kMarkStackModeThreadLocal push_on_mark_stack_num_= 354657 depth= 98
11-29 00:18:39.188  3553  3566 I tch.android.ap: jiacheng ProcessMarkStackOnce() kMarkStackModeThreadLocal push_on_mark_stack_num_= 354675 depth= 99
11-29 00:18:39.189  3553  3566 I tch.android.ap: jiacheng ProcessMarkStackOnce() kMarkStackModeThreadLocal push_on_mark_stack_num_= 354693 depth= 100
11-29 00:18:39.189  3553  3566 I tch.android.ap: jiacheng ProcessMarkStackOnce() kMarkStackModeThreadLocal push_on_mark_stack_num_= 354711 depth= 101
11-29 00:18:39.189  3553  3566 I tch.android.ap: jiacheng ProcessMarkStackOnce() kMarkStackModeThreadLocal push_on_mark_stack_num_= 354730 depth= 102
11-29 00:18:39.189  3553  3566 I tch.android.ap: jiacheng ProcessMarkStackOnce() kMarkStackModeThreadLocal push_on_mark_stack_num_= 354748 depth= 103
11-29 00:18:39.190  3553  3566 I tch.android.ap: jiacheng ProcessMarkStackOnce() kMarkStackModeThreadLocal push_on_mark_stack_num_= 354766 depth= 104
11-29 00:18:39.190  3553  3566 I tch.android.ap: jiacheng ProcessMarkStackOnce() kMarkStackModeThreadLocal push_on_mark_stack_num_= 354784 depth= 105
11-29 00:18:39.191  3553  3566 I tch.android.ap: jiacheng ProcessMarkStackOnce() kMarkStackModeThreadLocal push_on_mark_stack_num_= 354802 depth= 106
11-29 00:18:39.191  3553  3566 I tch.android.ap: jiacheng ProcessMarkStackOnce() kMarkStackModeThreadLocal push_on_mark_stack_num_= 354821 depth= 107
11-29 00:18:39.191  3553  3566 I tch.android.ap: jiacheng ProcessMarkStackOnce() kMarkStackModeThreadLocal push_on_mark_stack_num_= 354837 depth= 108
11-29 00:18:39.191  3553  3566 I tch.android.ap: jiacheng ProcessMarkStackOnce() kMarkStackModeThreadLocal push_on_mark_stack_num_= 354851 depth= 109
11-29 00:18:39.192  3553  3566 I tch.android.ap: jiacheng ProcessMarkStackOnce() kMarkStackModeThreadLocal push_on_mark_stack_num_= 354865 depth= 110
11-29 00:18:39.192  3553  3566 I tch.android.ap: jiacheng ProcessMarkStackOnce() kMarkStackModeThreadLocal push_on_mark_stack_num_= 354879 depth= 111
11-29 00:18:39.192  3553  3566 I tch.android.ap: jiacheng ProcessMarkStackOnce() kMarkStackModeThreadLocal push_on_mark_stack_num_= 354893 depth= 112
11-29 00:18:39.192  3553  3566 I tch.android.ap: jiacheng ProcessMarkStackOnce() kMarkStackModeThreadLocal push_on_mark_stack_num_= 354907 depth= 113
11-29 00:18:39.192  3553  3566 I tch.android.ap: jiacheng ProcessMarkStackOnce() kMarkStackModeThreadLocal push_on_mark_stack_num_= 354921 depth= 114
11-29 00:18:39.193  3553  3566 I tch.android.ap: jiacheng ProcessMarkStackOnce() kMarkStackModeThreadLocal push_on_mark_stack_num_= 354935 depth= 115
11-29 00:18:39.193  3553  3566 I tch.android.ap: jiacheng ProcessMarkStackOnce() kMarkStackModeThreadLocal push_on_mark_stack_num_= 354949 depth= 116
11-29 00:18:39.193  3553  3566 I tch.android.ap: jiacheng ProcessMarkStackOnce() kMarkStackModeThreadLocal push_on_mark_stack_num_= 354963 depth= 117
11-29 00:18:39.193  3553  3566 I tch.android.ap: jiacheng ProcessMarkStackOnce() kMarkStackModeThreadLocal push_on_mark_stack_num_= 354977 depth= 118
11-29 00:18:39.194  3553  3566 I tch.android.ap: jiacheng ProcessMarkStackOnce() kMarkStackModeThreadLocal push_on_mark_stack_num_= 354991 depth= 119
11-29 00:18:39.194  3553  3566 I tch.android.ap: jiacheng ProcessMarkStackOnce() kMarkStackModeThreadLocal push_on_mark_stack_num_= 355005 depth= 120
11-29 00:18:39.194  3553  3566 I tch.android.ap: jiacheng ProcessMarkStackOnce() kMarkStackModeThreadLocal push_on_mark_stack_num_= 355019 depth= 121
11-29 00:18:39.194  3553  3566 I tch.android.ap: jiacheng ProcessMarkStackOnce() kMarkStackModeThreadLocal push_on_mark_stack_num_= 355033 depth= 122
11-29 00:18:39.195  3553  3566 I tch.android.ap: jiacheng ProcessMarkStackOnce() kMarkStackModeThreadLocal push_on_mark_stack_num_= 355047 depth= 123
11-29 00:18:39.195  3553  3566 I tch.android.ap: jiacheng ProcessMarkStackOnce() kMarkStackModeThreadLocal push_on_mark_stack_num_= 355061 depth= 124
11-29 00:18:39.195  3553  3566 I tch.android.ap: jiacheng ProcessMarkStackOnce() kMarkStackModeThreadLocal push_on_mark_stack_num_= 355075 depth= 125
11-29 00:18:39.195  3553  3566 I tch.android.ap: jiacheng ProcessMarkStackOnce() kMarkStackModeThreadLocal push_on_mark_stack_num_= 355089 depth= 126
11-29 00:18:39.196  3553  3566 I tch.android.ap: jiacheng ProcessMarkStackOnce() kMarkStackModeThreadLocal push_on_mark_stack_num_= 355103 depth= 127
11-29 00:18:39.196  3553  3566 I tch.android.ap: jiacheng ProcessMarkStackOnce() kMarkStackModeThreadLocal push_on_mark_stack_num_= 355117 depth= 128
11-29 00:18:39.196  3553  3566 I tch.android.ap: jiacheng ProcessMarkStackOnce() kMarkStackModeThreadLocal push_on_mark_stack_num_= 355131 depth= 129
11-29 00:18:39.196  3553  3566 I tch.android.ap: jiacheng ProcessMarkStackOnce() kMarkStackModeThreadLocal push_on_mark_stack_num_= 355145 depth= 130
11-29 00:18:39.197  3553  3566 I tch.android.ap: jiacheng ProcessMarkStackOnce() kMarkStackModeThreadLocal push_on_mark_stack_num_= 355159 depth= 131
11-29 00:18:39.197  3553  3566 I tch.android.ap: jiacheng ProcessMarkStackOnce() kMarkStackModeThreadLocal push_on_mark_stack_num_= 355173 depth= 132
11-29 00:18:39.197  3553  3566 I tch.android.ap: jiacheng ProcessMarkStackOnce() kMarkStackModeThreadLocal push_on_mark_stack_num_= 355187 depth= 133
11-29 00:18:39.197  3553  3566 I tch.android.ap: jiacheng ProcessMarkStackOnce() kMarkStackModeThreadLocal push_on_mark_stack_num_= 355201 depth= 134
11-29 00:18:39.198  3553  3566 I tch.android.ap: jiacheng ProcessMarkStackOnce() kMarkStackModeThreadLocal push_on_mark_stack_num_= 355215 depth= 135
11-29 00:18:39.198  3553  3566 I tch.android.ap: jiacheng ProcessMarkStackOnce() kMarkStackModeThreadLocal push_on_mark_stack_num_= 355229 depth= 136
11-29 00:18:39.198  3553  3566 I tch.android.ap: jiacheng ProcessMarkStackOnce() kMarkStackModeThreadLocal push_on_mark_stack_num_= 355243 depth= 137
11-29 00:18:39.198  3553  3566 I tch.android.ap: jiacheng ProcessMarkStackOnce() kMarkStackModeThreadLocal push_on_mark_stack_num_= 355257 depth= 138
11-29 00:18:39.199  3553  3566 I tch.android.ap: jiacheng ProcessMarkStackOnce() kMarkStackModeThreadLocal push_on_mark_stack_num_= 355271 depth= 139
11-29 00:18:39.199  3553  3566 I tch.android.ap: jiacheng ProcessMarkStackOnce() kMarkStackModeThreadLocal push_on_mark_stack_num_= 355285 depth= 140
11-29 00:18:39.199  3553  3566 I tch.android.ap: jiacheng ProcessMarkStackOnce() kMarkStackModeThreadLocal push_on_mark_stack_num_= 355299 depth= 141
11-29 00:18:39.199  3553  3566 I tch.android.ap: jiacheng ProcessMarkStackOnce() kMarkStackModeThreadLocal push_on_mark_stack_num_= 355313 depth= 142
11-29 00:18:39.199  3553  3566 I tch.android.ap: jiacheng ProcessMarkStackOnce() kMarkStackModeThreadLocal push_on_mark_stack_num_= 355327 depth= 143
11-29 00:18:39.200  3553  3566 I tch.android.ap: jiacheng ProcessMarkStackOnce() kMarkStackModeThreadLocal push_on_mark_stack_num_= 355341 depth= 144
11-29 00:18:39.200  3553  3566 I tch.android.ap: jiacheng ProcessMarkStackOnce() kMarkStackModeThreadLocal push_on_mark_stack_num_= 355355 depth= 145
11-29 00:18:39.200  3553  3566 I tch.android.ap: jiacheng ProcessMarkStackOnce() kMarkStackModeThreadLocal push_on_mark_stack_num_= 355369 depth= 146
11-29 00:18:39.200  3553  3566 I tch.android.ap: jiacheng ProcessMarkStackOnce() kMarkStackModeThreadLocal push_on_mark_stack_num_= 355383 depth= 147
11-29 00:18:39.201  3553  3566 I tch.android.ap: jiacheng ProcessMarkStackOnce() kMarkStackModeThreadLocal push_on_mark_stack_num_= 355397 depth= 148
11-29 00:18:39.201  3553  3566 I tch.android.ap: jiacheng ProcessMarkStackOnce() kMarkStackModeThreadLocal push_on_mark_stack_num_= 355411 depth= 149
11-29 00:18:39.201  3553  3566 I tch.android.ap: jiacheng ProcessMarkStackOnce() kMarkStackModeThreadLocal push_on_mark_stack_num_= 355425 depth= 150
11-29 00:18:39.202  3553  3566 I tch.android.ap: jiacheng ProcessMarkStackOnce() kMarkStackModeThreadLocal push_on_mark_stack_num_= 355439 depth= 151
11-29 00:18:39.202  3553  3566 I tch.android.ap: jiacheng ProcessMarkStackOnce() kMarkStackModeThreadLocal push_on_mark_stack_num_= 355453 depth= 152
11-29 00:18:39.202  3553  3566 I tch.android.ap: jiacheng ProcessMarkStackOnce() kMarkStackModeThreadLocal push_on_mark_stack_num_= 355467 depth= 153
11-29 00:18:39.202  3553  3566 I tch.android.ap: jiacheng ProcessMarkStackOnce() kMarkStackModeThreadLocal push_on_mark_stack_num_= 355481 depth= 154
11-29 00:18:39.202  3553  3566 I tch.android.ap: jiacheng ProcessMarkStackOnce() kMarkStackModeThreadLocal push_on_mark_stack_num_= 355495 depth= 155
11-29 00:18:39.203  3553  3566 I tch.android.ap: jiacheng ProcessMarkStackOnce() kMarkStackModeThreadLocal push_on_mark_stack_num_= 355509 depth= 156
11-29 00:18:39.203  3553  3566 I tch.android.ap: jiacheng ProcessMarkStackOnce() kMarkStackModeThreadLocal push_on_mark_stack_num_= 355523 depth= 157
11-29 00:18:39.203  3553  3566 I tch.android.ap: jiacheng ProcessMarkStackOnce() kMarkStackModeThreadLocal push_on_mark_stack_num_= 355537 depth= 158
11-29 00:18:39.203  3553  3566 I tch.android.ap: jiacheng ProcessMarkStackOnce() kMarkStackModeThreadLocal push_on_mark_stack_num_= 355551 depth= 159
11-29 00:18:39.204  3553  3566 I tch.android.ap: jiacheng ProcessMarkStackOnce() kMarkStackModeThreadLocal push_on_mark_stack_num_= 355565 depth= 160
11-29 00:18:39.204  3553  3566 I tch.android.ap: jiacheng ProcessMarkStackOnce() kMarkStackModeThreadLocal push_on_mark_stack_num_= 355579 depth= 161
11-29 00:18:39.204  3553  3566 I tch.android.ap: jiacheng ProcessMarkStackOnce() kMarkStackModeThreadLocal push_on_mark_stack_num_= 355593 depth= 162
11-29 00:18:39.204  3553  3566 I tch.android.ap: jiacheng ProcessMarkStackOnce() kMarkStackModeThreadLocal push_on_mark_stack_num_= 355607 depth= 163
11-29 00:18:39.205  3553  3566 I tch.android.ap: jiacheng ProcessMarkStackOnce() kMarkStackModeThreadLocal push_on_mark_stack_num_= 355621 depth= 164
11-29 00:18:39.205  3553  3566 I tch.android.ap: jiacheng ProcessMarkStackOnce() kMarkStackModeThreadLocal push_on_mark_stack_num_= 355635 depth= 165
11-29 00:18:39.205  3553  3566 I tch.android.ap: jiacheng ProcessMarkStackOnce() kMarkStackModeThreadLocal push_on_mark_stack_num_= 355649 depth= 166
11-29 00:18:39.205  3553  3566 I tch.android.ap: jiacheng ProcessMarkStackOnce() kMarkStackModeThreadLocal push_on_mark_stack_num_= 355663 depth= 167
11-29 00:18:39.206  3553  3566 I tch.android.ap: jiacheng ProcessMarkStackOnce() kMarkStackModeThreadLocal push_on_mark_stack_num_= 355677 depth= 168
11-29 00:18:39.206  3553  3566 I tch.android.ap: jiacheng ProcessMarkStackOnce() kMarkStackModeThreadLocal push_on_mark_stack_num_= 355691 depth= 169
11-29 00:18:39.206  3553  3566 I tch.android.ap: jiacheng ProcessMarkStackOnce() kMarkStackModeThreadLocal push_on_mark_stack_num_= 355705 depth= 170
11-29 00:18:39.206  3553  3566 I tch.android.ap: jiacheng ProcessMarkStackOnce() kMarkStackModeThreadLocal push_on_mark_stack_num_= 355719 depth= 171
11-29 00:18:39.207  3553  3566 I tch.android.ap: jiacheng ProcessMarkStackOnce() kMarkStackModeThreadLocal push_on_mark_stack_num_= 355733 depth= 172
11-29 00:18:39.207  3553  3566 I tch.android.ap: jiacheng ProcessMarkStackOnce() kMarkStackModeThreadLocal push_on_mark_stack_num_= 355745 depth= 173
11-29 00:18:39.207  3553  3566 I tch.android.ap: jiacheng ProcessMarkStackOnce() kMarkStackModeThreadLocal push_on_mark_stack_num_= 355755 depth= 174
11-29 00:18:39.207  3553  3566 I tch.android.ap: jiacheng ProcessMarkStackOnce() kMarkStackModeThreadLocal push_on_mark_stack_num_= 355765 depth= 175
11-29 00:18:39.207  3553  3566 I tch.android.ap: jiacheng ProcessMarkStackOnce() kMarkStackModeThreadLocal push_on_mark_stack_num_= 355775 depth= 176
11-29 00:18:39.208  3553  3566 I tch.android.ap: jiacheng ProcessMarkStackOnce() kMarkStackModeThreadLocal push_on_mark_stack_num_= 355785 depth= 177
11-29 00:18:39.208  3553  3566 I tch.android.ap: jiacheng ProcessMarkStackOnce() kMarkStackModeThreadLocal push_on_mark_stack_num_= 355795 depth= 178
11-29 00:18:39.208  3553  3566 I tch.android.ap: jiacheng ProcessMarkStackOnce() kMarkStackModeThreadLocal push_on_mark_stack_num_= 355805 depth= 179
11-29 00:18:39.208  3553  3566 I tch.android.ap: jiacheng ProcessMarkStackOnce() kMarkStackModeThreadLocal push_on_mark_stack_num_= 355815 depth= 180
11-29 00:18:39.209  3553  3566 I tch.android.ap: jiacheng ProcessMarkStackOnce() kMarkStackModeThreadLocal push_on_mark_stack_num_= 355825 depth= 181
11-29 00:18:39.209  3553  3566 I tch.android.ap: jiacheng ProcessMarkStackOnce() kMarkStackModeThreadLocal push_on_mark_stack_num_= 355835 depth= 182
11-29 00:18:39.209  3553  3566 I tch.android.ap: jiacheng ProcessMarkStackOnce() kMarkStackModeThreadLocal push_on_mark_stack_num_= 355845 depth= 183
11-29 00:18:39.209  3553  3566 I tch.android.ap: jiacheng ProcessMarkStackOnce() kMarkStackModeThreadLocal push_on_mark_stack_num_= 355855 depth= 184
11-29 00:18:39.209  3553  3566 I tch.android.ap: jiacheng ProcessMarkStackOnce() kMarkStackModeThreadLocal push_on_mark_stack_num_= 355865 depth= 185
11-29 00:18:39.210  3553  3566 I tch.android.ap: jiacheng ProcessMarkStackOnce() kMarkStackModeThreadLocal push_on_mark_stack_num_= 355875 depth= 186
11-29 00:18:39.210  3553  3566 I tch.android.ap: jiacheng ProcessMarkStackOnce() kMarkStackModeThreadLocal push_on_mark_stack_num_= 355885 depth= 187
11-29 00:18:39.210  3553  3566 I tch.android.ap: jiacheng ProcessMarkStackOnce() kMarkStackModeThreadLocal push_on_mark_stack_num_= 355895 depth= 188
11-29 00:18:39.210  3553  3566 I tch.android.ap: jiacheng ProcessMarkStackOnce() kMarkStackModeThreadLocal push_on_mark_stack_num_= 355905 depth= 189
11-29 00:18:39.210  3553  3566 I tch.android.ap: jiacheng ProcessMarkStackOnce() kMarkStackModeThreadLocal push_on_mark_stack_num_= 355915 depth= 190
11-29 00:18:39.210  3553  3566 I tch.android.ap: jiacheng ProcessMarkStackOnce() kMarkStackModeThreadLocal push_on_mark_stack_num_= 355925 depth= 191
11-29 00:18:39.210  3553  3566 I tch.android.ap: jiacheng ProcessMarkStackOnce() kMarkStackModeThreadLocal push_on_mark_stack_num_= 355935 depth= 192
11-29 00:18:39.211  3553  3566 I tch.android.ap: jiacheng ProcessMarkStackOnce() kMarkStackModeThreadLocal push_on_mark_stack_num_= 355945 depth= 193
11-29 00:18:39.211  3553  3566 I tch.android.ap: jiacheng ProcessMarkStackOnce() kMarkStackModeThreadLocal push_on_mark_stack_num_= 355955 depth= 194
11-29 00:18:39.211  3553  3566 I tch.android.ap: jiacheng ProcessMarkStackOnce() kMarkStackModeThreadLocal push_on_mark_stack_num_= 355965 depth= 195
11-29 00:18:39.211  3553  3566 I tch.android.ap: jiacheng ProcessMarkStackOnce() kMarkStackModeThreadLocal push_on_mark_stack_num_= 355975 depth= 196
11-29 00:18:39.211  3553  3566 I tch.android.ap: jiacheng ProcessMarkStackOnce() kMarkStackModeThreadLocal push_on_mark_stack_num_= 355985 depth= 197
11-29 00:18:39.211  3553  3566 I tch.android.ap: jiacheng ProcessMarkStackOnce() kMarkStackModeThreadLocal push_on_mark_stack_num_= 355995 depth= 198
11-29 00:18:39.212  3553  3566 I tch.android.ap: jiacheng ProcessMarkStackOnce() kMarkStackModeThreadLocal push_on_mark_stack_num_= 356005 depth= 199
11-29 00:18:39.212  3553  3566 I tch.android.ap: jiacheng ProcessMarkStackOnce() kMarkStackModeThreadLocal push_on_mark_stack_num_= 356015 depth= 200
11-29 00:18:39.212  3553  3566 I tch.android.ap: jiacheng ProcessMarkStackOnce() kMarkStackModeThreadLocal push_on_mark_stack_num_= 356025 depth= 201
11-29 00:18:39.212  3553  3566 I tch.android.ap: jiacheng ProcessMarkStackOnce() kMarkStackModeThreadLocal push_on_mark_stack_num_= 356035 depth= 202
11-29 00:18:39.212  3553  3566 I tch.android.ap: jiacheng ProcessMarkStackOnce() kMarkStackModeThreadLocal push_on_mark_stack_num_= 356045 depth= 203
11-29 00:18:39.212  3553  3566 I tch.android.ap: jiacheng ProcessMarkStackOnce() kMarkStackModeThreadLocal push_on_mark_stack_num_= 356055 depth= 204
11-29 00:18:39.213  3553  3566 I tch.android.ap: jiacheng ProcessMarkStackOnce() kMarkStackModeThreadLocal push_on_mark_stack_num_= 356065 depth= 205
11-29 00:18:39.213  3553  3566 I tch.android.ap: jiacheng ProcessMarkStackOnce() kMarkStackModeThreadLocal push_on_mark_stack_num_= 356075 depth= 206
11-29 00:18:39.213  3553  3566 I tch.android.ap: jiacheng ProcessMarkStackOnce() kMarkStackModeThreadLocal push_on_mark_stack_num_= 356085 depth= 207
11-29 00:18:39.213  3553  3566 I tch.android.ap: jiacheng ProcessMarkStackOnce() kMarkStackModeThreadLocal push_on_mark_stack_num_= 356095 depth= 208
11-29 00:18:39.213  3553  3566 I tch.android.ap: jiacheng ProcessMarkStackOnce() kMarkStackModeThreadLocal push_on_mark_stack_num_= 356105 depth= 209
11-29 00:18:39.214  3553  3566 I tch.android.ap: jiacheng ProcessMarkStackOnce() kMarkStackModeThreadLocal push_on_mark_stack_num_= 356115 depth= 210
11-29 00:18:39.214  3553  3566 I tch.android.ap: jiacheng ProcessMarkStackOnce() kMarkStackModeThreadLocal push_on_mark_stack_num_= 356125 depth= 211
11-29 00:18:39.214  3553  3566 I tch.android.ap: jiacheng ProcessMarkStackOnce() kMarkStackModeThreadLocal push_on_mark_stack_num_= 356135 depth= 212
11-29 00:18:39.214  3553  3566 I tch.android.ap: jiacheng ProcessMarkStackOnce() kMarkStackModeThreadLocal push_on_mark_stack_num_= 356145 depth= 213
11-29 00:18:39.214  3553  3566 I tch.android.ap: jiacheng ProcessMarkStackOnce() kMarkStackModeThreadLocal push_on_mark_stack_num_= 356155 depth= 214
11-29 00:18:39.215  3553  3566 I tch.android.ap: jiacheng ProcessMarkStackOnce() kMarkStackModeThreadLocal push_on_mark_stack_num_= 356165 depth= 215
11-29 00:18:39.215  3553  3566 I tch.android.ap: jiacheng ProcessMarkStackOnce() kMarkStackModeThreadLocal push_on_mark_stack_num_= 356175 depth= 216
11-29 00:18:39.215  3553  3566 I tch.android.ap: jiacheng ProcessMarkStackOnce() kMarkStackModeThreadLocal push_on_mark_stack_num_= 356185 depth= 217
11-29 00:18:39.215  3553  3566 I tch.android.ap: jiacheng ProcessMarkStackOnce() kMarkStackModeThreadLocal push_on_mark_stack_num_= 356195 depth= 218
11-29 00:18:39.215  3553  3566 I tch.android.ap: jiacheng ProcessMarkStackOnce() kMarkStackModeThreadLocal push_on_mark_stack_num_= 356205 depth= 219
11-29 00:18:39.215  3553  3566 I tch.android.ap: jiacheng ProcessMarkStackOnce() kMarkStackModeThreadLocal push_on_mark_stack_num_= 356215 depth= 220
11-29 00:18:39.216  3553  3566 I tch.android.ap: jiacheng ProcessMarkStackOnce() kMarkStackModeThreadLocal push_on_mark_stack_num_= 356225 depth= 221
11-29 00:18:39.216  3553  3566 I tch.android.ap: jiacheng ProcessMarkStackOnce() kMarkStackModeThreadLocal push_on_mark_stack_num_= 356235 depth= 222
11-29 00:18:39.216  3553  3566 I tch.android.ap: jiacheng ProcessMarkStackOnce() kMarkStackModeThreadLocal push_on_mark_stack_num_= 356245 depth= 223
11-29 00:18:39.216  3553  3566 I tch.android.ap: jiacheng ProcessMarkStackOnce() kMarkStackModeThreadLocal push_on_mark_stack_num_= 356255 depth= 224
11-29 00:18:39.216  3553  3566 I tch.android.ap: jiacheng ProcessMarkStackOnce() kMarkStackModeThreadLocal push_on_mark_stack_num_= 356265 depth= 225
11-29 00:18:39.217  3553  3566 I tch.android.ap: jiacheng ProcessMarkStackOnce() kMarkStackModeThreadLocal push_on_mark_stack_num_= 356275 depth= 226
11-29 00:18:39.217  3553  3566 I tch.android.ap: jiacheng ProcessMarkStackOnce() kMarkStackModeThreadLocal push_on_mark_stack_num_= 356285 depth= 227
11-29 00:18:39.217  3553  3566 I tch.android.ap: jiacheng ProcessMarkStackOnce() kMarkStackModeThreadLocal push_on_mark_stack_num_= 356295 depth= 228
11-29 00:18:39.217  3553  3566 I tch.android.ap: jiacheng ProcessMarkStackOnce() kMarkStackModeThreadLocal push_on_mark_stack_num_= 356305 depth= 229
11-29 00:18:39.217  3553  3566 I tch.android.ap: jiacheng ProcessMarkStackOnce() kMarkStackModeThreadLocal push_on_mark_stack_num_= 356315 depth= 230
11-29 00:18:39.218  3553  3566 I tch.android.ap: jiacheng ProcessMarkStackOnce() kMarkStackModeThreadLocal push_on_mark_stack_num_= 356325 depth= 231
11-29 00:18:39.218  3553  3566 I tch.android.ap: jiacheng ProcessMarkStackOnce() kMarkStackModeThreadLocal push_on_mark_stack_num_= 356335 depth= 232
11-29 00:18:39.218  3553  3566 I tch.android.ap: jiacheng ProcessMarkStackOnce() kMarkStackModeThreadLocal push_on_mark_stack_num_= 356345 depth= 233
11-29 00:18:39.218  3553  3566 I tch.android.ap: jiacheng ProcessMarkStackOnce() kMarkStackModeThreadLocal push_on_mark_stack_num_= 356355 depth= 234
11-29 00:18:39.218  3553  3566 I tch.android.ap: jiacheng ProcessMarkStackOnce() kMarkStackModeThreadLocal push_on_mark_stack_num_= 356365 depth= 235
11-29 00:18:39.219  3553  3566 I tch.android.ap: jiacheng ProcessMarkStackOnce() kMarkStackModeThreadLocal push_on_mark_stack_num_= 356375 depth= 236
11-29 00:18:39.219  3553  3566 I tch.android.ap: jiacheng ProcessMarkStackOnce() kMarkStackModeThreadLocal push_on_mark_stack_num_= 356385 depth= 237
11-29 00:18:39.219  3553  3566 I tch.android.ap: jiacheng ProcessMarkStackOnce() kMarkStackModeThreadLocal push_on_mark_stack_num_= 356395 depth= 238
11-29 00:18:39.219  3553  3566 I tch.android.ap: jiacheng ProcessMarkStackOnce() kMarkStackModeThreadLocal push_on_mark_stack_num_= 356405 depth= 239
11-29 00:18:39.219  3553  3566 I tch.android.ap: jiacheng ProcessMarkStackOnce() kMarkStackModeThreadLocal push_on_mark_stack_num_= 356415 depth= 240
11-29 00:18:39.220  3553  3566 I tch.android.ap: jiacheng ProcessMarkStackOnce() kMarkStackModeThreadLocal push_on_mark_stack_num_= 356425 depth= 241
11-29 00:18:39.220  3553  3566 I tch.android.ap: jiacheng ProcessMarkStackOnce() kMarkStackModeThreadLocal push_on_mark_stack_num_= 356435 depth= 242
11-29 00:18:39.221  3553  3566 I tch.android.ap: jiacheng ProcessMarkStackOnce() kMarkStackModeThreadLocal push_on_mark_stack_num_= 356445 depth= 243
11-29 00:18:39.221  3553  3566 I tch.android.ap: jiacheng ProcessMarkStackOnce() kMarkStackModeThreadLocal push_on_mark_stack_num_= 356455 depth= 244
11-29 00:18:39.221  3553  3566 I tch.android.ap: jiacheng ProcessMarkStackOnce() kMarkStackModeThreadLocal push_on_mark_stack_num_= 356465 depth= 245
11-29 00:18:39.222  3553  3566 I tch.android.ap: jiacheng ProcessMarkStackOnce() kMarkStackModeThreadLocal push_on_mark_stack_num_= 356475 depth= 246
11-29 00:18:39.222  3553  3566 I tch.android.ap: jiacheng ProcessMarkStackOnce() kMarkStackModeThreadLocal push_on_mark_stack_num_= 356485 depth= 247
11-29 00:18:39.222  3553  3566 I tch.android.ap: jiacheng ProcessMarkStackOnce() kMarkStackModeThreadLocal push_on_mark_stack_num_= 356495 depth= 248
11-29 00:18:39.222  3553  3566 I tch.android.ap: jiacheng ProcessMarkStackOnce() kMarkStackModeThreadLocal push_on_mark_stack_num_= 356505 depth= 249
11-29 00:18:39.222  3553  3566 I tch.android.ap: jiacheng ProcessMarkStackOnce() kMarkStackModeThreadLocal push_on_mark_stack_num_= 356515 depth= 250
