11-29 00:15:21.836  3553  3574 I tch.android.ap: jiacheng MutatorWS= 18018 GcWS= 0
11-29 00:15:24.553  3553  3566 I tch.android.ap: jiacheng ConcurrentCopying::Runphases() Start NanoTime()= 179918142295 GetGcType()= GcTypePartial current_iteration->GetGcCause()= Background current_iteration->GetClearSoftReferences()= 0 force_evacuate_all_= 0 background_gen_= 0 young_gen_= 0 current_iteration->GetFreedObjects()= 0 current_iteration->GetFreedLargeObjects()= 0 current_iteration->GetFreedBytes()(MB)= 0 region_space->GetObjectsAllocated()= 518783 region_space->GetBytesAllocated()= 56 mark_num_= 0 mark_from_read_barrier_num_= 0 scan_num_= 0 copy_num_= 0 copy_from_barrier_num_= 0 push_on_mark_stack_num_= 0 read_barrier_num_= 0 copy_launch_object_num_= 0 copy_cold_object_num_= 0 depth_= 0
11-29 00:15:24.553  3553  3566 I tch.android.ap: jiacheng RegionSpace::Debug() Begin()= 0x12c00000 End()= 0x52c00000 launch_region_num= 0 working_set_region_num= 0 cold_region_num= 0 none_region_num= 78 new_region_num= 190
11-29 00:15:24.553  3553  3566 I tch.android.ap: jiacheng MallocSpace::Debug() Begin()= 0x71d59000 End()= 0x71da3000
11-29 00:15:24.553  3553  3566 I tch.android.ap: jiacheng LargeObjectSpace::Debug() Begin()= 0x75b65000 End()= 0x95b65000
11-29 00:15:24.553  3553  3566 I tch.android.ap: jiacheng force_evacuate_all_= 0
11-29 00:15:24.553  3553  3566 I tch.android.ap: jiacheng ConcurrentCopying::MarkingPhase() GetPerceptibleFlag()= 1
11-29 00:15:24.849  3553  3574 I tch.android.ap: jiacheng MutatorWS= 107237 GcWS= 159004
11-29 00:15:25.026  3553  3566 I tch.android.ap: jiacheng CopyingPhase() card_scan_num1= 2638
11-29 00:15:25.253  3553  3566 I tch.android.ap: jiacheng CopyingPhase() card_scan_num1= 14
11-29 00:15:25.656  3553  3566 I tch.android.ap: jiacheng RegionSpace::Debug() Begin()= 0x12c00000 End()= 0x52c00000 launch_region_num= 0 working_set_region_num= 0 cold_region_num= 0 none_region_num= 78 new_region_num= 35
11-29 00:15:25.656  3553  3566 I tch.android.ap: jiacheng MallocSpace::Debug() Begin()= 0x71d59000 End()= 0x71da3000
11-29 00:15:25.656  3553  3566 I tch.android.ap: jiacheng LargeObjectSpace::Debug() Begin()= 0x75b65000 End()= 0x95b65000
11-29 00:15:25.656  3553  3566 I tch.android.ap: jiacheng ConcurrentCopying::Runphases() End NanoTime()= 181021447197 GetGcType()= GcTypePartial current_iteration->GetGcCause()= Background current_iteration->GetClearSoftReferences()= 0 force_evacuate_all_= 0 background_gen_= 0 young_gen_= 0 current_iteration->GetFreedObjects()= 313286 current_iteration->GetFreedLargeObjects()= 363 current_iteration->GetFreedBytes()(MB)= 39 region_space->GetObjectsAllocated()= 282127 region_space->GetBytesAllocated()= 21 mark_num_= 901490 mark_from_read_barrier_num_= 0 scan_num_= 145298 copy_num_= 51633 copy_from_barrier_num_= 2731 push_on_mark_stack_num_= 79590 read_barrier_num_= 150191 copy_launch_object_num_= 0 copy_cold_object_num_= 0 depth_= 0
11-29 00:15:25.656  3553  3566 I tch.android.ap: jiacheng LogGC() Background concurrent copying GC freed 313286(39MB) AllocSpace objects, 363(9140KB) LOS objects, 50% free, 23MB/47MB, paused 199us total 1.103s
11-29 00:15:27.874  3553  3574 I tch.android.ap: jiacheng MutatorWS= 200399 GcWS= 284950
11-29 00:15:28.618  3553  3566 I tch.android.ap: jiacheng ConcurrentCopying::Runphases() Start NanoTime()= 183983711346 GetGcType()= GcTypePartial current_iteration->GetGcCause()= Background current_iteration->GetClearSoftReferences()= 0 force_evacuate_all_= 0 background_gen_= 0 young_gen_= 0 current_iteration->GetFreedObjects()= 0 current_iteration->GetFreedLargeObjects()= 0 current_iteration->GetFreedBytes()(MB)= 0 region_space->GetObjectsAllocated()= 440297 region_space->GetBytesAllocated()= 38 mark_num_= 0 mark_from_read_barrier_num_= 0 scan_num_= 0 copy_num_= 0 copy_from_barrier_num_= 0 push_on_mark_stack_num_= 0 read_barrier_num_= 0 copy_launch_object_num_= 0 copy_cold_object_num_= 0 depth_= 0
11-29 00:15:28.618  3553  3566 I tch.android.ap: jiacheng RegionSpace::Debug() Begin()= 0x12c00000 End()= 0x52c00000 launch_region_num= 0 working_set_region_num= 0 cold_region_num= 0 none_region_num= 78 new_region_num= 115
11-29 00:15:28.618  3553  3566 I tch.android.ap: jiacheng MallocSpace::Debug() Begin()= 0x71d59000 End()= 0x71da3000
11-29 00:15:28.618  3553  3566 I tch.android.ap: jiacheng LargeObjectSpace::Debug() Begin()= 0x75b65000 End()= 0x95b65000
11-29 00:15:28.618  3553  3566 I tch.android.ap: jiacheng force_evacuate_all_= 0
11-29 00:15:28.619  3553  3566 I tch.android.ap: jiacheng ConcurrentCopying::MarkingPhase() GetPerceptibleFlag()= 1
11-29 00:15:29.067  3553  3566 I tch.android.ap: jiacheng CopyingPhase() card_scan_num1= 8883
11-29 00:15:29.234  3553  3566 I tch.android.ap: jiacheng CopyingPhase() card_scan_num1= 7
11-29 00:15:29.648  3553  3566 I tch.android.ap: jiacheng RegionSpace::Debug() Begin()= 0x12c00000 End()= 0x52c00000 launch_region_num= 0 working_set_region_num= 0 cold_region_num= 0 none_region_num= 76 new_region_num= 34
11-29 00:15:29.648  3553  3566 I tch.android.ap: jiacheng MallocSpace::Debug() Begin()= 0x71d59000 End()= 0x71da3000
11-29 00:15:29.648  3553  3566 I tch.android.ap: jiacheng LargeObjectSpace::Debug() Begin()= 0x75b65000 End()= 0x95b65000
11-29 00:15:29.649  3553  3566 I tch.android.ap: jiacheng ConcurrentCopying::Runphases() End NanoTime()= 185014046188 GetGcType()= GcTypePartial current_iteration->GetGcCause()= Background current_iteration->GetClearSoftReferences()= 0 force_evacuate_all_= 0 background_gen_= 0 young_gen_= 0 current_iteration->GetFreedObjects()= 330777 current_iteration->GetFreedLargeObjects()= 249 current_iteration->GetFreedBytes()(MB)= 40 region_space->GetObjectsAllocated()= 292149 region_space->GetBytesAllocated()= 21 mark_num_= 855580 mark_from_read_barrier_num_= 0 scan_num_= 146267 copy_num_= 58940 copy_from_barrier_num_= 2868 push_on_mark_stack_num_= 83342 read_barrier_num_= 106695 copy_launch_object_num_= 0 copy_cold_object_num_= 0 depth_= 0
11-29 00:15:29.649  3553  3566 I tch.android.ap: jiacheng LogGC() Background concurrent copying GC freed 330777(40MB) AllocSpace objects, 249(7244KB) LOS objects, 49% free, 24MB/48MB, paused 93us total 1.030s
11-29 00:15:30.345  3553  3566 I tch.android.ap: jiacheng ConcurrentCopying::Runphases() Start NanoTime()= 185710907820 GetGcType()= GcTypePartial current_iteration->GetGcCause()= Background current_iteration->GetClearSoftReferences()= 0 force_evacuate_all_= 0 background_gen_= 0 young_gen_= 0 current_iteration->GetFreedObjects()= 0 current_iteration->GetFreedLargeObjects()= 0 current_iteration->GetFreedBytes()(MB)= 0 region_space->GetObjectsAllocated()= 408980 region_space->GetBytesAllocated()= 44 mark_num_= 0 mark_from_read_barrier_num_= 0 scan_num_= 0 copy_num_= 0 copy_from_barrier_num_= 0 push_on_mark_stack_num_= 0 read_barrier_num_= 0 copy_launch_object_num_= 0 copy_cold_object_num_= 0 depth_= 0
11-29 00:15:30.345  3553  3566 I tch.android.ap: jiacheng RegionSpace::Debug() Begin()= 0x12c00000 End()= 0x52c00000 launch_region_num= 0 working_set_region_num= 0 cold_region_num= 0 none_region_num= 76 new_region_num= 128
11-29 00:15:30.345  3553  3566 I tch.android.ap: jiacheng MallocSpace::Debug() Begin()= 0x71d59000 End()= 0x71da3000
11-29 00:15:30.346  3553  3566 I tch.android.ap: jiacheng LargeObjectSpace::Debug() Begin()= 0x75b65000 End()= 0x95b65000
11-29 00:15:30.346  3553  3566 I tch.android.ap: jiacheng force_evacuate_all_= 0
11-29 00:15:30.346  3553  3566 I tch.android.ap: jiacheng ConcurrentCopying::MarkingPhase() GetPerceptibleFlag()= 1
11-29 00:15:30.921  3553  3574 I tch.android.ap: jiacheng MutatorWS= 376763 GcWS= 356560
11-29 00:15:30.938  3553  3566 I tch.android.ap: jiacheng CopyingPhase() card_scan_num1= 3304
11-29 00:15:31.165  3553  3566 I tch.android.ap: jiacheng CopyingPhase() card_scan_num1= 34
11-29 00:15:31.569  3553  3566 I tch.android.ap: jiacheng RegionSpace::Debug() Begin()= 0x12c00000 End()= 0x52c00000 launch_region_num= 0 working_set_region_num= 0 cold_region_num= 0 none_region_num= 79 new_region_num= 37
11-29 00:15:31.569  3553  3566 I tch.android.ap: jiacheng MallocSpace::Debug() Begin()= 0x71d59000 End()= 0x71da3000
11-29 00:15:31.569  3553  3566 I tch.android.ap: jiacheng LargeObjectSpace::Debug() Begin()= 0x75b65000 End()= 0x95b65000
11-29 00:15:31.569  3553  3566 I tch.android.ap: jiacheng ConcurrentCopying::Runphases() End NanoTime()= 186934169452 GetGcType()= GcTypePartial current_iteration->GetGcCause()= Background current_iteration->GetClearSoftReferences()= 0 force_evacuate_all_= 0 background_gen_= 0 young_gen_= 0 current_iteration->GetFreedObjects()= 193461 current_iteration->GetFreedLargeObjects()= 112 current_iteration->GetFreedBytes()(MB)= 27 region_space->GetObjectsAllocated()= 288985 region_space->GetBytesAllocated()= 22 mark_num_= 882137 mark_from_read_barrier_num_= 0 scan_num_= 146026 copy_num_= 46243 copy_from_barrier_num_= 4671 push_on_mark_stack_num_= 77916 read_barrier_num_= 120594 copy_launch_object_num_= 0 copy_cold_object_num_= 0 depth_= 0
11-29 00:15:31.569  3553  3566 I tch.android.ap: jiacheng LogGC() Background concurrent copying GC freed 193461(27MB) AllocSpace objects, 112(2988KB) LOS objects, 48% free, 25MB/49MB, paused 183us total 1.223s
11-29 00:15:33.838  3553  3566 I tch.android.ap: jiacheng ConcurrentCopying::Runphases() Start NanoTime()= 189203621189 GetGcType()= GcTypePartial current_iteration->GetGcCause()= Background current_iteration->GetClearSoftReferences()= 0 force_evacuate_all_= 0 background_gen_= 0 young_gen_= 0 current_iteration->GetFreedObjects()= 0 current_iteration->GetFreedLargeObjects()= 0 current_iteration->GetFreedBytes()(MB)= 0 region_space->GetObjectsAllocated()= 445664 region_space->GetBytesAllocated()= 38 mark_num_= 0 mark_from_read_barrier_num_= 0 scan_num_= 0 copy_num_= 0 copy_from_barrier_num_= 0 push_on_mark_stack_num_= 0 read_barrier_num_= 0 copy_launch_object_num_= 0 copy_cold_object_num_= 0 depth_= 0
11-29 00:15:33.838  3553  3566 I tch.android.ap: jiacheng RegionSpace::Debug() Begin()= 0x12c00000 End()= 0x52c00000 launch_region_num= 0 working_set_region_num= 0 cold_region_num= 0 none_region_num= 79 new_region_num= 118
11-29 00:15:33.838  3553  3566 I tch.android.ap: jiacheng MallocSpace::Debug() Begin()= 0x71d59000 End()= 0x71da3000
11-29 00:15:33.838  3553  3566 I tch.android.ap: jiacheng LargeObjectSpace::Debug() Begin()= 0x75b65000 End()= 0x95b65000
11-29 00:15:33.838  3553  3566 I tch.android.ap: jiacheng force_evacuate_all_= 0
11-29 00:15:33.839  3553  3566 I tch.android.ap: jiacheng ConcurrentCopying::MarkingPhase() GetPerceptibleFlag()= 1
11-29 00:15:33.990  3553  3574 I tch.android.ap: jiacheng MutatorWS= 239619 GcWS= 294272
11-29 00:15:34.397  3553  3566 I tch.android.ap: jiacheng CopyingPhase() card_scan_num1= 2564
11-29 00:15:34.577  3553  3566 I tch.android.ap: jiacheng CopyingPhase() card_scan_num1= 11
11-29 00:15:35.019  3553  3566 I tch.android.ap: jiacheng RegionSpace::Debug() Begin()= 0x12c00000 End()= 0x52c00000 launch_region_num= 0 working_set_region_num= 0 cold_region_num= 0 none_region_num= 80 new_region_num= 43
11-29 00:15:35.019  3553  3566 I tch.android.ap: jiacheng MallocSpace::Debug() Begin()= 0x71d59000 End()= 0x71da3000
11-29 00:15:35.019  3553  3566 I tch.android.ap: jiacheng LargeObjectSpace::Debug() Begin()= 0x75b65000 End()= 0x95b65000
11-29 00:15:35.019  3553  3566 I tch.android.ap: jiacheng ConcurrentCopying::Runphases() End NanoTime()= 190384217869 GetGcType()= GcTypePartial current_iteration->GetGcCause()= Background current_iteration->GetClearSoftReferences()= 0 force_evacuate_all_= 0 background_gen_= 0 young_gen_= 0 current_iteration->GetFreedObjects()= 241092 current_iteration->GetFreedLargeObjects()= 343 current_iteration->GetFreedBytes()(MB)= 21 region_space->GetObjectsAllocated()= 301352 region_space->GetBytesAllocated()= 22 mark_num_= 902516 mark_from_read_barrier_num_= 0 scan_num_= 153345 copy_num_= 60417 copy_from_barrier_num_= 1693 push_on_mark_stack_num_= 89392 read_barrier_num_= 131262 copy_launch_object_num_= 0 copy_cold_object_num_= 0 depth_= 0
11-29 00:15:35.019  3553  3566 I tch.android.ap: jiacheng LogGC() Background concurrent copying GC freed 241092(21MB) AllocSpace objects, 343(9780KB) LOS objects, 48% free, 25MB/49MB, paused 185us total 1.180s
11-29 00:15:36.959  3553  3566 I tch.android.ap: jiacheng ConcurrentCopying::Runphases() Start NanoTime()= 192324004520 GetGcType()= GcTypePartial current_iteration->GetGcCause()= Background current_iteration->GetClearSoftReferences()= 0 force_evacuate_all_= 0 background_gen_= 0 young_gen_= 0 current_iteration->GetFreedObjects()= 0 current_iteration->GetFreedLargeObjects()= 0 current_iteration->GetFreedBytes()(MB)= 0 region_space->GetObjectsAllocated()= 459452 region_space->GetBytesAllocated()= 39 mark_num_= 0 mark_from_read_barrier_num_= 0 scan_num_= 0 copy_num_= 0 copy_from_barrier_num_= 0 push_on_mark_stack_num_= 0 read_barrier_num_= 0 copy_launch_object_num_= 0 copy_cold_object_num_= 0 depth_= 0
11-29 00:15:36.959  3553  3566 I tch.android.ap: jiacheng RegionSpace::Debug() Begin()= 0x12c00000 End()= 0x52c00000 launch_region_num= 0 working_set_region_num= 0 cold_region_num= 0 none_region_num= 80 new_region_num= 124
11-29 00:15:36.959  3553  3566 I tch.android.ap: jiacheng MallocSpace::Debug() Begin()= 0x71d59000 End()= 0x71da3000
11-29 00:15:36.959  3553  3566 I tch.android.ap: jiacheng LargeObjectSpace::Debug() Begin()= 0x75b65000 End()= 0x95b65000
11-29 00:15:36.959  3553  3566 I tch.android.ap: jiacheng force_evacuate_all_= 0
11-29 00:15:36.959  3553  3566 I tch.android.ap: jiacheng ConcurrentCopying::MarkingPhase() GetPerceptibleFlag()= 1
11-29 00:15:37.041  3553  3574 I tch.android.ap: jiacheng MutatorWS= 276916 GcWS= 332960
11-29 00:15:37.462  3553  3566 I tch.android.ap: jiacheng CopyingPhase() card_scan_num1= 2612
11-29 00:15:37.670  3553  3566 I tch.android.ap: jiacheng CopyingPhase() card_scan_num1= 18
11-29 00:15:38.143  3553  3566 I tch.android.ap: jiacheng RegionSpace::Debug() Begin()= 0x12c00000 End()= 0x52c00000 launch_region_num= 0 working_set_region_num= 0 cold_region_num= 0 none_region_num= 83 new_region_num= 40
11-29 00:15:38.143  3553  3566 I tch.android.ap: jiacheng MallocSpace::Debug() Begin()= 0x71d59000 End()= 0x71da3000
11-29 00:15:38.143  3553  3566 I tch.android.ap: jiacheng LargeObjectSpace::Debug() Begin()= 0x75b65000 End()= 0x95b65000
11-29 00:15:38.143  3553  3566 I tch.android.ap: jiacheng ConcurrentCopying::Runphases() End NanoTime()= 193508636982 GetGcType()= GcTypePartial current_iteration->GetGcCause()= Background current_iteration->GetClearSoftReferences()= 0 force_evacuate_all_= 0 background_gen_= 0 young_gen_= 0 current_iteration->GetFreedObjects()= 253690 current_iteration->GetFreedLargeObjects()= 362 current_iteration->GetFreedBytes()(MB)= 22 region_space->GetObjectsAllocated()= 314157 region_space->GetBytesAllocated()= 24 mark_num_= 933801 mark_from_read_barrier_num_= 0 scan_num_= 153871 copy_num_= 54772 copy_from_barrier_num_= 2849 push_on_mark_stack_num_= 84959 read_barrier_num_= 144101 copy_launch_object_num_= 0 copy_cold_object_num_= 0 depth_= 0
11-29 00:15:38.143  3553  3566 I tch.android.ap: jiacheng LogGC() Background concurrent copying GC freed 253690(22MB) AllocSpace objects, 362(9612KB) LOS objects, 46% free, 27MB/51MB, paused 1.028ms total 1.184s
11-29 00:15:40.102  3553  3574 I tch.android.ap: jiacheng MutatorWS= 269071 GcWS= 336611
11-29 00:15:42.219  3553  3566 I tch.android.ap: jiacheng ConcurrentCopying::Runphases() Start NanoTime()= 197584175253 GetGcType()= GcTypePartial current_iteration->GetGcCause()= Background current_iteration->GetClearSoftReferences()= 0 force_evacuate_all_= 0 background_gen_= 0 young_gen_= 0 current_iteration->GetFreedObjects()= 0 current_iteration->GetFreedLargeObjects()= 0 current_iteration->GetFreedBytes()(MB)= 0 region_space->GetObjectsAllocated()= 493754 region_space->GetBytesAllocated()= 40 mark_num_= 0 mark_from_read_barrier_num_= 0 scan_num_= 0 copy_num_= 0 copy_from_barrier_num_= 0 push_on_mark_stack_num_= 0 read_barrier_num_= 0 copy_launch_object_num_= 0 copy_cold_object_num_= 0 depth_= 0
11-29 00:15:42.219  3553  3566 I tch.android.ap: jiacheng RegionSpace::Debug() Begin()= 0x12c00000 End()= 0x52c00000 launch_region_num= 0 working_set_region_num= 0 cold_region_num= 0 none_region_num= 83 new_region_num= 126
11-29 00:15:42.219  3553  3566 I tch.android.ap: jiacheng MallocSpace::Debug() Begin()= 0x71d59000 End()= 0x71da3000
11-29 00:15:42.219  3553  3566 I tch.android.ap: jiacheng LargeObjectSpace::Debug() Begin()= 0x75b65000 End()= 0x95b65000
11-29 00:15:42.219  3553  3566 I tch.android.ap: jiacheng force_evacuate_all_= 0
11-29 00:15:42.219  3553  3566 I tch.android.ap: jiacheng ConcurrentCopying::MarkingPhase() GetPerceptibleFlag()= 1
11-29 00:15:42.635  3553  3566 I tch.android.ap: jiacheng CopyingPhase() card_scan_num1= 3845
11-29 00:15:42.784  3553  3566 I tch.android.ap: jiacheng CopyingPhase() card_scan_num1= 15
11-29 00:15:43.164  3553  3574 I tch.android.ap: jiacheng MutatorWS= 206718 GcWS= 366222
11-29 00:15:43.312  3553  3566 I tch.android.ap: jiacheng RegionSpace::Debug() Begin()= 0x12c00000 End()= 0x52c00000 launch_region_num= 0 working_set_region_num= 0 cold_region_num= 0 none_region_num= 78 new_region_num= 78
11-29 00:15:43.312  3553  3566 I tch.android.ap: jiacheng MallocSpace::Debug() Begin()= 0x71d59000 End()= 0x71da3000
11-29 00:15:43.312  3553  3566 I tch.android.ap: jiacheng LargeObjectSpace::Debug() Begin()= 0x75b65000 End()= 0x95b65000
11-29 00:15:43.312  3553  3566 I tch.android.ap: jiacheng ConcurrentCopying::Runphases() End NanoTime()= 198677911820 GetGcType()= GcTypePartial current_iteration->GetGcCause()= Background current_iteration->GetClearSoftReferences()= 0 force_evacuate_all_= 0 background_gen_= 0 young_gen_= 0 current_iteration->GetFreedObjects()= 298723 current_iteration->GetFreedLargeObjects()= 325 current_iteration->GetFreedBytes()(MB)= 25 region_space->GetObjectsAllocated()= 382495 region_space->GetBytesAllocated()= 35 mark_num_= 949225 mark_from_read_barrier_num_= 0 scan_num_= 167166 copy_num_= 89446 copy_from_barrier_num_= 5325 push_on_mark_stack_num_= 114207 read_barrier_num_= 153401 copy_launch_object_num_= 0 copy_cold_object_num_= 0 depth_= 0
11-29 00:15:43.313  3553  3566 I tch.android.ap: jiacheng LogGC() Background concurrent copying GC freed 298723(25MB) AllocSpace objects, 325(8332KB) LOS objects, 38% free, 38MB/62MB, paused 138us total 1.093s
11-29 00:15:46.217  3553  3574 I tch.android.ap: jiacheng MutatorWS= 171572 GcWS= 103137
11-29 00:15:46.856  3553  3566 I tch.android.ap: jiacheng ConcurrentCopying::Runphases() Start NanoTime()= 202221808684 GetGcType()= GcTypePartial current_iteration->GetGcCause()= Background current_iteration->GetClearSoftReferences()= 0 force_evacuate_all_= 0 background_gen_= 0 young_gen_= 0 current_iteration->GetFreedObjects()= 0 current_iteration->GetFreedLargeObjects()= 0 current_iteration->GetFreedBytes()(MB)= 0 region_space->GetObjectsAllocated()= 565166 region_space->GetBytesAllocated()= 51 mark_num_= 0 mark_from_read_barrier_num_= 0 scan_num_= 0 copy_num_= 0 copy_from_barrier_num_= 0 push_on_mark_stack_num_= 0 read_barrier_num_= 0 copy_launch_object_num_= 0 copy_cold_object_num_= 0 depth_= 0
11-29 00:15:46.856  3553  3566 I tch.android.ap: jiacheng RegionSpace::Debug() Begin()= 0x12c00000 End()= 0x52c00000 launch_region_num= 0 working_set_region_num= 0 cold_region_num= 0 none_region_num= 78 new_region_num= 161
11-29 00:15:46.856  3553  3566 I tch.android.ap: jiacheng MallocSpace::Debug() Begin()= 0x71d59000 End()= 0x71da3000
11-29 00:15:46.856  3553  3566 I tch.android.ap: jiacheng LargeObjectSpace::Debug() Begin()= 0x75b65000 End()= 0x95b65000
11-29 00:15:46.856  3553  3566 I tch.android.ap: jiacheng force_evacuate_all_= 0
11-29 00:15:46.857  3553  3566 I tch.android.ap: jiacheng ConcurrentCopying::MarkingPhase() GetPerceptibleFlag()= 1
11-29 00:15:47.351  3553  3566 I tch.android.ap: jiacheng CopyingPhase() card_scan_num1= 9584
11-29 00:15:47.547  3553  3566 I tch.android.ap: jiacheng CopyingPhase() card_scan_num1= 16
11-29 00:15:48.032  3553  3566 I tch.android.ap: jiacheng RegionSpace::Debug() Begin()= 0x12c00000 End()= 0x52c00000 launch_region_num= 0 working_set_region_num= 0 cold_region_num= 0 none_region_num= 85 new_region_num= 26
11-29 00:15:48.032  3553  3566 I tch.android.ap: jiacheng MallocSpace::Debug() Begin()= 0x71d59000 End()= 0x71da3000
11-29 00:15:48.032  3553  3566 I tch.android.ap: jiacheng LargeObjectSpace::Debug() Begin()= 0x75b65000 End()= 0x95b65000
11-29 00:15:48.032  3553  3566 I tch.android.ap: jiacheng ConcurrentCopying::Runphases() End NanoTime()= 203397707290 GetGcType()= GcTypePartial current_iteration->GetGcCause()= Background current_iteration->GetClearSoftReferences()= 0 force_evacuate_all_= 0 background_gen_= 0 young_gen_= 0 current_iteration->GetFreedObjects()= 411892 current_iteration->GetFreedLargeObjects()= 211 current_iteration->GetFreedBytes()(MB)= 51 region_space->GetObjectsAllocated()= 313795 region_space->GetBytesAllocated()= 23 mark_num_= 925862 mark_from_read_barrier_num_= 0 scan_num_= 166389 copy_num_= 67669 copy_from_barrier_num_= 3074 push_on_mark_stack_num_= 95129 read_barrier_num_= 100563 copy_launch_object_num_= 0 copy_cold_object_num_= 0 depth_= 0
11-29 00:15:48.032  3553  3566 I tch.android.ap: jiacheng LogGC() Background concurrent copying GC freed 411892(51MB) AllocSpace objects, 211(8876KB) LOS objects, 48% free, 25MB/49MB, paused 895us total 1.176s
11-29 00:15:49.245  3553  3574 I tch.android.ap: jiacheng MutatorWS= 325329 GcWS= 376431
11-29 00:15:49.731  3553  3566 I tch.android.ap: jiacheng ConcurrentCopying::Runphases() Start NanoTime()= 205096911522 GetGcType()= GcTypePartial current_iteration->GetGcCause()= Background current_iteration->GetClearSoftReferences()= 0 force_evacuate_all_= 0 background_gen_= 0 young_gen_= 0 current_iteration->GetFreedObjects()= 0 current_iteration->GetFreedLargeObjects()= 0 current_iteration->GetFreedBytes()(MB)= 0 region_space->GetObjectsAllocated()= 476022 region_space->GetBytesAllocated()= 39 mark_num_= 0 mark_from_read_barrier_num_= 0 scan_num_= 0 copy_num_= 0 copy_from_barrier_num_= 0 push_on_mark_stack_num_= 0 read_barrier_num_= 0 copy_launch_object_num_= 0 copy_cold_object_num_= 0 depth_= 0
11-29 00:15:49.731  3553  3566 I tch.android.ap: jiacheng RegionSpace::Debug() Begin()= 0x12c00000 End()= 0x52c00000 launch_region_num= 0 working_set_region_num= 0 cold_region_num= 0 none_region_num= 85 new_region_num= 106
11-29 00:15:49.731  3553  3566 I tch.android.ap: jiacheng MallocSpace::Debug() Begin()= 0x71d59000 End()= 0x71da3000
11-29 00:15:49.732  3553  3566 I tch.android.ap: jiacheng LargeObjectSpace::Debug() Begin()= 0x75b65000 End()= 0x95b65000
11-29 00:15:49.732  3553  3566 I tch.android.ap: jiacheng force_evacuate_all_= 0
11-29 00:15:49.732  3553  3566 I tch.android.ap: jiacheng ConcurrentCopying::MarkingPhase() GetPerceptibleFlag()= 1
11-29 00:15:50.273  3553  3566 I tch.android.ap: jiacheng CopyingPhase() card_scan_num1= 3040
11-29 00:15:50.536  3553  3566 I tch.android.ap: jiacheng CopyingPhase() card_scan_num1= 21
11-29 00:15:51.083  3553  3566 I tch.android.ap: jiacheng RegionSpace::Debug() Begin()= 0x12c00000 End()= 0x52c00000 launch_region_num= 0 working_set_region_num= 0 cold_region_num= 0 none_region_num= 84 new_region_num= 47
11-29 00:15:51.083  3553  3566 I tch.android.ap: jiacheng MallocSpace::Debug() Begin()= 0x71d59000 End()= 0x71da3000
11-29 00:15:51.083  3553  3566 I tch.android.ap: jiacheng LargeObjectSpace::Debug() Begin()= 0x75b65000 End()= 0x95b65000
11-29 00:15:51.083  3553  3566 I tch.android.ap: jiacheng ConcurrentCopying::Runphases() End NanoTime()= 206448778167 GetGcType()= GcTypePartial current_iteration->GetGcCause()= Background current_iteration->GetClearSoftReferences()= 0 force_evacuate_all_= 0 background_gen_= 0 young_gen_= 0 current_iteration->GetFreedObjects()= 259316 current_iteration->GetFreedLargeObjects()= 388 current_iteration->GetFreedBytes()(MB)= 22 region_space->GetObjectsAllocated()= 330851 region_space->GetBytesAllocated()= 25 mark_num_= 965609 mark_from_read_barrier_num_= 0 scan_num_= 162184 copy_num_= 60266 copy_from_barrier_num_= 2429 push_on_mark_stack_num_= 90776 read_barrier_num_= 154275 copy_launch_object_num_= 0 copy_cold_object_num_= 0 depth_= 0
11-29 00:15:51.083  3553  3566 I tch.android.ap: jiacheng LogGC() Background concurrent copying GC freed 259316(22MB) AllocSpace objects, 388(10148KB) LOS objects, 45% free, 28MB/52MB, paused 184us total 1.352s
11-29 00:15:52.321  3553  3574 I tch.android.ap: jiacheng MutatorWS= 290974 GcWS= 358584
11-29 00:15:53.246  3553  3566 I tch.android.ap: jiacheng ConcurrentCopying::Runphases() Start NanoTime()= 208611153383 GetGcType()= GcTypePartial current_iteration->GetGcCause()= Background current_iteration->GetClearSoftReferences()= 0 force_evacuate_all_= 0 background_gen_= 0 young_gen_= 0 current_iteration->GetFreedObjects()= 0 current_iteration->GetFreedLargeObjects()= 0 current_iteration->GetFreedBytes()(MB)= 0 region_space->GetObjectsAllocated()= 496847 region_space->GetBytesAllocated()= 41 mark_num_= 0 mark_from_read_barrier_num_= 0 scan_num_= 0 copy_num_= 0 copy_from_barrier_num_= 0 push_on_mark_stack_num_= 0 read_barrier_num_= 0 copy_launch_object_num_= 0 copy_cold_object_num_= 0 depth_= 0
11-29 00:15:53.246  3553  3566 I tch.android.ap: jiacheng RegionSpace::Debug() Begin()= 0x12c00000 End()= 0x52c00000 launch_region_num= 0 working_set_region_num= 0 cold_region_num= 0 none_region_num= 84 new_region_num= 132
11-29 00:15:53.246  3553  3566 I tch.android.ap: jiacheng MallocSpace::Debug() Begin()= 0x71d59000 End()= 0x71da3000
11-29 00:15:53.246  3553  3566 I tch.android.ap: jiacheng LargeObjectSpace::Debug() Begin()= 0x75b65000 End()= 0x95b65000
11-29 00:15:53.246  3553  3566 I tch.android.ap: jiacheng force_evacuate_all_= 0
11-29 00:15:53.246  3553  3566 I tch.android.ap: jiacheng ConcurrentCopying::MarkingPhase() GetPerceptibleFlag()= 1
11-29 00:15:53.780  3553  3566 I tch.android.ap: jiacheng CopyingPhase() card_scan_num1= 3709
11-29 00:15:53.987  3553  3566 I tch.android.ap: jiacheng CopyingPhase() card_scan_num1= 19
11-29 00:15:54.464  3553  3566 I tch.android.ap: jiacheng RegionSpace::Debug() Begin()= 0x12c00000 End()= 0x52c00000 launch_region_num= 0 working_set_region_num= 0 cold_region_num= 0 none_region_num= 88 new_region_num= 35
11-29 00:15:54.464  3553  3566 I tch.android.ap: jiacheng MallocSpace::Debug() Begin()= 0x71d59000 End()= 0x71da3000
11-29 00:15:54.464  3553  3566 I tch.android.ap: jiacheng LargeObjectSpace::Debug() Begin()= 0x75b65000 End()= 0x95b65000
11-29 00:15:54.465  3553  3566 I tch.android.ap: jiacheng ConcurrentCopying::Runphases() End NanoTime()= 209829978296 GetGcType()= GcTypePartial current_iteration->GetGcCause()= Background current_iteration->GetClearSoftReferences()= 0 force_evacuate_all_= 0 background_gen_= 0 young_gen_= 0 current_iteration->GetFreedObjects()= 291602 current_iteration->GetFreedLargeObjects()= 429 current_iteration->GetFreedBytes()(MB)= 24 region_space->GetObjectsAllocated()= 339270 region_space->GetBytesAllocated()= 25 mark_num_= 963230 mark_from_read_barrier_num_= 0 scan_num_= 166443 copy_num_= 58532 copy_from_barrier_num_= 4248 push_on_mark_stack_num_= 88680 read_barrier_num_= 129484 copy_launch_object_num_= 0 copy_cold_object_num_= 0 depth_= 0
11-29 00:15:54.465  3553  3566 I tch.android.ap: jiacheng LogGC() Background concurrent copying GC freed 291602(24MB) AllocSpace objects, 429(10MB) LOS objects, 44% free, 29MB/53MB, paused 253us total 1.219s
11-29 00:15:55.389  3553  3574 I tch.android.ap: jiacheng MutatorWS= 302160 GcWS= 364427
11-29 00:15:56.019  3553  3566 I tch.android.ap: jiacheng ConcurrentCopying::Runphases() Start NanoTime()= 211384836940 GetGcType()= GcTypePartial current_iteration->GetGcCause()= Background current_iteration->GetClearSoftReferences()= 0 force_evacuate_all_= 0 background_gen_= 0 young_gen_= 0 current_iteration->GetFreedObjects()= 0 current_iteration->GetFreedLargeObjects()= 0 current_iteration->GetFreedBytes()(MB)= 0 region_space->GetObjectsAllocated()= 523080 region_space->GetBytesAllocated()= 43 mark_num_= 0 mark_from_read_barrier_num_= 0 scan_num_= 0 copy_num_= 0 copy_from_barrier_num_= 0 push_on_mark_stack_num_= 0 read_barrier_num_= 0 copy_launch_object_num_= 0 copy_cold_object_num_= 0 depth_= 0
11-29 00:15:56.019  3553  3566 I tch.android.ap: jiacheng RegionSpace::Debug() Begin()= 0x12c00000 End()= 0x52c00000 launch_region_num= 0 working_set_region_num= 0 cold_region_num= 0 none_region_num= 88 new_region_num= 119
11-29 00:15:56.019  3553  3566 I tch.android.ap: jiacheng MallocSpace::Debug() Begin()= 0x71d59000 End()= 0x71da3000
11-29 00:15:56.019  3553  3566 I tch.android.ap: jiacheng LargeObjectSpace::Debug() Begin()= 0x75b65000 End()= 0x95b65000
11-29 00:15:56.019  3553  3566 I tch.android.ap: jiacheng force_evacuate_all_= 0
11-29 00:15:56.020  3553  3566 I tch.android.ap: jiacheng ConcurrentCopying::MarkingPhase() GetPerceptibleFlag()= 1
11-29 00:15:56.540  3553  3566 I tch.android.ap: jiacheng CopyingPhase() card_scan_num1= 7970
11-29 00:15:56.747  3553  3566 I tch.android.ap: jiacheng CopyingPhase() card_scan_num1= 16
11-29 00:15:57.196  3553  3566 I tch.android.ap: jiacheng RegionSpace::Debug() Begin()= 0x12c00000 End()= 0x52c00000 launch_region_num= 0 working_set_region_num= 0 cold_region_num= 0 none_region_num= 86 new_region_num= 38
11-29 00:15:57.196  3553  3566 I tch.android.ap: jiacheng MallocSpace::Debug() Begin()= 0x71d59000 End()= 0x71da3000
11-29 00:15:57.196  3553  3566 I tch.android.ap: jiacheng LargeObjectSpace::Debug() Begin()= 0x75b65000 End()= 0x95b65000
11-29 00:15:57.196  3553  3566 I tch.android.ap: jiacheng ConcurrentCopying::Runphases() End NanoTime()= 212561293255 GetGcType()= GcTypePartial current_iteration->GetGcCause()= Background current_iteration->GetClearSoftReferences()= 0 force_evacuate_all_= 0 background_gen_= 0 young_gen_= 0 current_iteration->GetFreedObjects()= 325671 current_iteration->GetFreedLargeObjects()= 298 current_iteration->GetFreedBytes()(MB)= 39 region_space->GetObjectsAllocated()= 326014 region_space->GetBytesAllocated()= 24 mark_num_= 924434 mark_from_read_barrier_num_= 0 scan_num_= 158634 copy_num_= 48812 copy_from_barrier_num_= 2509 push_on_mark_stack_num_= 80896 read_barrier_num_= 112324 copy_launch_object_num_= 0 copy_cold_object_num_= 0 depth_= 0
11-29 00:15:57.196  3553  3566 I tch.android.ap: jiacheng LogGC() Background concurrent copying GC freed 325671(39MB) AllocSpace objects, 298(8036KB) LOS objects, 45% free, 28MB/52MB, paused 903us total 1.176s
11-29 00:15:58.454  3553  3574 I tch.android.ap: jiacheng MutatorWS= 368869 GcWS= 355160
11-29 00:15:59.135  3553  3566 I tch.android.ap: jiacheng ConcurrentCopying::Runphases() Start NanoTime()= 214500623917 GetGcType()= GcTypePartial current_iteration->GetGcCause()= Background current_iteration->GetClearSoftReferences()= 0 force_evacuate_all_= 0 background_gen_= 0 young_gen_= 0 current_iteration->GetFreedObjects()= 0 current_iteration->GetFreedLargeObjects()= 0 current_iteration->GetFreedBytes()(MB)= 0 region_space->GetObjectsAllocated()= 495392 region_space->GetBytesAllocated()= 40 mark_num_= 0 mark_from_read_barrier_num_= 0 scan_num_= 0 copy_num_= 0 copy_from_barrier_num_= 0 push_on_mark_stack_num_= 0 read_barrier_num_= 0 copy_launch_object_num_= 0 copy_cold_object_num_= 0 depth_= 0
11-29 00:15:59.135  3553  3566 I tch.android.ap: jiacheng RegionSpace::Debug() Begin()= 0x12c00000 End()= 0x52c00000 launch_region_num= 0 working_set_region_num= 0 cold_region_num= 0 none_region_num= 86 new_region_num= 123
11-29 00:15:59.135  3553  3566 I tch.android.ap: jiacheng MallocSpace::Debug() Begin()= 0x71d59000 End()= 0x71da3000
11-29 00:15:59.135  3553  3566 I tch.android.ap: jiacheng LargeObjectSpace::Debug() Begin()= 0x75b65000 End()= 0x95b65000
11-29 00:15:59.135  3553  3566 I tch.android.ap: jiacheng force_evacuate_all_= 0
11-29 00:15:59.136  3553  3566 I tch.android.ap: jiacheng ConcurrentCopying::MarkingPhase() GetPerceptibleFlag()= 1
11-29 00:15:59.641  3553  3566 I tch.android.ap: jiacheng CopyingPhase() card_scan_num1= 3137
11-29 00:15:59.879  3553  3566 I tch.android.ap: jiacheng CopyingPhase() card_scan_num1= 14
11-29 00:16:00.282  3553  3566 I tch.android.ap: jiacheng RegionSpace::Debug() Begin()= 0x12c00000 End()= 0x52c00000 launch_region_num= 0 working_set_region_num= 0 cold_region_num= 0 none_region_num= 87 new_region_num= 41
11-29 00:16:00.282  3553  3566 I tch.android.ap: jiacheng MallocSpace::Debug() Begin()= 0x71d59000 End()= 0x71da3000
11-29 00:16:00.282  3553  3566 I tch.android.ap: jiacheng LargeObjectSpace::Debug() Begin()= 0x75b65000 End()= 0x95b65000
11-29 00:16:00.282  3553  3566 I tch.android.ap: jiacheng ConcurrentCopying::Runphases() End NanoTime()= 215647505959 GetGcType()= GcTypePartial current_iteration->GetGcCause()= Background current_iteration->GetClearSoftReferences()= 0 force_evacuate_all_= 0 background_gen_= 0 young_gen_= 0 current_iteration->GetFreedObjects()= 269585 current_iteration->GetFreedLargeObjects()= 403 current_iteration->GetFreedBytes()(MB)= 22 region_space->GetObjectsAllocated()= 346400 region_space->GetBytesAllocated()= 26 mark_num_= 935485 mark_from_read_barrier_num_= 0 scan_num_= 158349 copy_num_= 45226 copy_from_barrier_num_= 1989 push_on_mark_stack_num_= 78150 read_barrier_num_= 120596 copy_launch_object_num_= 0 copy_cold_object_num_= 0 depth_= 0
11-29 00:16:00.282  3553  3566 I tch.android.ap: jiacheng LogGC() Background concurrent copying GC freed 269585(22MB) AllocSpace objects, 403(10MB) LOS objects, 44% free, 29MB/53MB, paused 920us total 1.147s
11-29 00:16:01.529  3553  3574 I tch.android.ap: jiacheng MutatorWS= 274081 GcWS= 345366
11-29 00:16:02.572  3553  3566 I tch.android.ap: jiacheng ConcurrentCopying::Runphases() Start NanoTime()= 217937629051 GetGcType()= GcTypePartial current_iteration->GetGcCause()= Background current_iteration->GetClearSoftReferences()= 0 force_evacuate_all_= 0 background_gen_= 0 young_gen_= 0 current_iteration->GetFreedObjects()= 0 current_iteration->GetFreedLargeObjects()= 0 current_iteration->GetFreedBytes()(MB)= 0 region_space->GetObjectsAllocated()= 513131 region_space->GetBytesAllocated()= 42 mark_num_= 0 mark_from_read_barrier_num_= 0 scan_num_= 0 copy_num_= 0 copy_from_barrier_num_= 0 push_on_mark_stack_num_= 0 read_barrier_num_= 0 copy_launch_object_num_= 0 copy_cold_object_num_= 0 depth_= 0
11-29 00:16:02.572  3553  3566 I tch.android.ap: jiacheng RegionSpace::Debug() Begin()= 0x12c00000 End()= 0x52c00000 launch_region_num= 0 working_set_region_num= 0 cold_region_num= 0 none_region_num= 87 new_region_num= 128
11-29 00:16:02.572  3553  3566 I tch.android.ap: jiacheng MallocSpace::Debug() Begin()= 0x71d59000 End()= 0x71da3000
11-29 00:16:02.572  3553  3566 I tch.android.ap: jiacheng LargeObjectSpace::Debug() Begin()= 0x75b65000 End()= 0x95b65000
11-29 00:16:02.572  3553  3566 I tch.android.ap: jiacheng force_evacuate_all_= 0
11-29 00:16:02.573  3553  3566 I tch.android.ap: jiacheng ConcurrentCopying::MarkingPhase() GetPerceptibleFlag()= 1
11-29 00:16:03.128  3553  3566 I tch.android.ap: jiacheng CopyingPhase() card_scan_num1= 3092
11-29 00:16:03.353  3553  3566 I tch.android.ap: jiacheng CopyingPhase() card_scan_num1= 17
11-29 00:16:03.816  3553  3566 I tch.android.ap: jiacheng RegionSpace::Debug() Begin()= 0x12c00000 End()= 0x52c00000 launch_region_num= 0 working_set_region_num= 0 cold_region_num= 0 none_region_num= 89 new_region_num= 45
11-29 00:16:03.816  3553  3566 I tch.android.ap: jiacheng MallocSpace::Debug() Begin()= 0x71d59000 End()= 0x71da3000
11-29 00:16:03.816  3553  3566 I tch.android.ap: jiacheng LargeObjectSpace::Debug() Begin()= 0x75b65000 End()= 0x95b65000
11-29 00:16:03.816  3553  3566 I tch.android.ap: jiacheng ConcurrentCopying::Runphases() End NanoTime()= 219181845998 GetGcType()= GcTypePartial current_iteration->GetGcCause()= Background current_iteration->GetClearSoftReferences()= 0 force_evacuate_all_= 0 background_gen_= 0 young_gen_= 0 current_iteration->GetFreedObjects()= 289406 current_iteration->GetFreedLargeObjects()= 413 current_iteration->GetFreedBytes()(MB)= 24 region_space->GetObjectsAllocated()= 346213 region_space->GetBytesAllocated()= 26 mark_num_= 965039 mark_from_read_barrier_num_= 0 scan_num_= 165106 copy_num_= 50734 copy_from_barrier_num_= 1043 push_on_mark_stack_num_= 84143 read_barrier_num_= 127154 copy_launch_object_num_= 0 copy_cold_object_num_= 0 depth_= 0
11-29 00:16:03.816  3553  3566 I tch.android.ap: jiacheng LogGC() Background concurrent copying GC freed 289406(24MB) AllocSpace objects, 413(10MB) LOS objects, 44% free, 29MB/53MB, paused 145us total 1.244s
11-29 00:16:04.592  3553  3574 I tch.android.ap: jiacheng MutatorWS= 280784 GcWS= 358670
11-29 00:16:05.736  3553  3566 I tch.android.ap: jiacheng ConcurrentCopying::Runphases() Start NanoTime()= 221101802856 GetGcType()= GcTypePartial current_iteration->GetGcCause()= Background current_iteration->GetClearSoftReferences()= 0 force_evacuate_all_= 0 background_gen_= 0 young_gen_= 0 current_iteration->GetFreedObjects()= 0 current_iteration->GetFreedLargeObjects()= 0 current_iteration->GetFreedBytes()(MB)= 0 region_space->GetObjectsAllocated()= 515266 region_space->GetBytesAllocated()= 43 mark_num_= 0 mark_from_read_barrier_num_= 0 scan_num_= 0 copy_num_= 0 copy_from_barrier_num_= 0 push_on_mark_stack_num_= 0 read_barrier_num_= 0 copy_launch_object_num_= 0 copy_cold_object_num_= 0 depth_= 0
11-29 00:16:05.736  3553  3566 I tch.android.ap: jiacheng RegionSpace::Debug() Begin()= 0x12c00000 End()= 0x52c00000 launch_region_num= 0 working_set_region_num= 0 cold_region_num= 0 none_region_num= 89 new_region_num= 127
11-29 00:16:05.736  3553  3566 I tch.android.ap: jiacheng MallocSpace::Debug() Begin()= 0x71d59000 End()= 0x71da3000
11-29 00:16:05.736  3553  3566 I tch.android.ap: jiacheng LargeObjectSpace::Debug() Begin()= 0x75b65000 End()= 0x95b65000
11-29 00:16:05.736  3553  3566 I tch.android.ap: jiacheng force_evacuate_all_= 0
11-29 00:16:05.737  3553  3566 I tch.android.ap: jiacheng ConcurrentCopying::MarkingPhase() GetPerceptibleFlag()= 1
11-29 00:16:06.328  3553  3566 I tch.android.ap: jiacheng CopyingPhase() card_scan_num1= 4061
11-29 00:16:06.552  3553  3566 I tch.android.ap: jiacheng CopyingPhase() card_scan_num1= 14
11-29 00:16:07.084  3553  3566 I tch.android.ap: jiacheng RegionSpace::Debug() Begin()= 0x12c00000 End()= 0x52c00000 launch_region_num= 0 working_set_region_num= 0 cold_region_num= 0 none_region_num= 91 new_region_num= 69
11-29 00:16:07.084  3553  3566 I tch.android.ap: jiacheng MallocSpace::Debug() Begin()= 0x71d59000 End()= 0x71da3000
11-29 00:16:07.084  3553  3566 I tch.android.ap: jiacheng LargeObjectSpace::Debug() Begin()= 0x75b65000 End()= 0x95b65000
11-29 00:16:07.084  3553  3566 I tch.android.ap: jiacheng ConcurrentCopying::Runphases() End NanoTime()= 222449388407 GetGcType()= GcTypePartial current_iteration->GetGcCause()= Background current_iteration->GetClearSoftReferences()= 0 force_evacuate_all_= 0 background_gen_= 0 young_gen_= 0 current_iteration->GetFreedObjects()= 297261 current_iteration->GetFreedLargeObjects()= 371 current_iteration->GetFreedBytes()(MB)= 25 region_space->GetObjectsAllocated()= 388433 region_space->GetBytesAllocated()= 33 mark_num_= 985158 mark_from_read_barrier_num_= 0 scan_num_= 179793 copy_num_= 70967 copy_from_barrier_num_= 6144 push_on_mark_stack_num_= 99085 read_barrier_num_= 108789 copy_launch_object_num_= 0 copy_cold_object_num_= 0 depth_= 0
11-29 00:16:07.084  3553  3566 I tch.android.ap: jiacheng LogGC() Background concurrent copying GC freed 297261(25MB) AllocSpace objects, 371(9276KB) LOS objects, 39% free, 36MB/60MB, paused 214us total 1.347s
11-29 00:16:07.657  3553  3574 I tch.android.ap: jiacheng MutatorWS= 360191 GcWS= 390843
11-29 00:16:08.090  3553  3566 I tch.android.ap: jiacheng ConcurrentCopying::Runphases() Start NanoTime()= 223455869861 GetGcType()= GcTypePartial current_iteration->GetGcCause()= Background current_iteration->GetClearSoftReferences()= 0 force_evacuate_all_= 0 background_gen_= 0 young_gen_= 0 current_iteration->GetFreedObjects()= 0 current_iteration->GetFreedLargeObjects()= 0 current_iteration->GetFreedBytes()(MB)= 0 region_space->GetObjectsAllocated()= 492231 region_space->GetBytesAllocated()= 53 mark_num_= 0 mark_from_read_barrier_num_= 0 scan_num_= 0 copy_num_= 0 copy_from_barrier_num_= 0 push_on_mark_stack_num_= 0 read_barrier_num_= 0 copy_launch_object_num_= 0 copy_cold_object_num_= 0 depth_= 0
11-29 00:16:08.090  3553  3566 I tch.android.ap: jiacheng RegionSpace::Debug() Begin()= 0x12c00000 End()= 0x52c00000 launch_region_num= 0 working_set_region_num= 0 cold_region_num= 0 none_region_num= 91 new_region_num= 155
11-29 00:16:08.090  3553  3566 I tch.android.ap: jiacheng MallocSpace::Debug() Begin()= 0x71d59000 End()= 0x71da3000
11-29 00:16:08.090  3553  3566 I tch.android.ap: jiacheng LargeObjectSpace::Debug() Begin()= 0x75b65000 End()= 0x95b65000
11-29 00:16:08.090  3553  3566 I tch.android.ap: jiacheng force_evacuate_all_= 0
11-29 00:16:08.091  3553  3566 I tch.android.ap: jiacheng ConcurrentCopying::MarkingPhase() GetPerceptibleFlag()= 1
11-29 00:16:08.629  3553  3566 I tch.android.ap: jiacheng CopyingPhase() card_scan_num1= 4356
11-29 00:16:08.990  3553  3566 I tch.android.ap: jiacheng CopyingPhase() card_scan_num1= 24
11-29 00:16:09.566  3553  3566 I tch.android.ap: jiacheng RegionSpace::Debug() Begin()= 0x12c00000 End()= 0x52c00000 launch_region_num= 0 working_set_region_num= 0 cold_region_num= 0 none_region_num= 93 new_region_num= 75
11-29 00:16:09.566  3553  3566 I tch.android.ap: jiacheng MallocSpace::Debug() Begin()= 0x71d59000 End()= 0x71da3000
11-29 00:16:09.567  3553  3566 I tch.android.ap: jiacheng LargeObjectSpace::Debug() Begin()= 0x75b65000 End()= 0x95b65000
11-29 00:16:09.567  3553  3566 I tch.android.ap: jiacheng ConcurrentCopying::Runphases() End NanoTime()= 224932086675 GetGcType()= GcTypePartial current_iteration->GetGcCause()= Background current_iteration->GetClearSoftReferences()= 0 force_evacuate_all_= 0 background_gen_= 0 young_gen_= 0 current_iteration->GetFreedObjects()= 265141 current_iteration->GetFreedLargeObjects()= 214 current_iteration->GetFreedBytes()(MB)= 35 region_space->GetObjectsAllocated()= 402247 region_space->GetBytesAllocated()= 36 mark_num_= 1031892 mark_from_read_barrier_num_= 0 scan_num_= 177171 copy_num_= 63556 copy_from_barrier_num_= 6127 push_on_mark_stack_num_= 95677 read_barrier_num_= 156948 copy_launch_object_num_= 0 copy_cold_object_num_= 0 depth_= 0
11-29 00:16:09.567  3553  3566 I tch.android.ap: jiacheng LogGC() Background concurrent copying GC freed 265141(35MB) AllocSpace objects, 214(5756KB) LOS objects, 37% free, 39MB/63MB, paused 255us total 1.476s
11-29 00:16:10.733  3553  3574 I tch.android.ap: jiacheng MutatorWS= 351294 GcWS= 384696
11-29 00:16:10.920  3553  3566 I tch.android.ap: jiacheng ConcurrentCopying::Runphases() Start NanoTime()= 226285583372 GetGcType()= GcTypePartial current_iteration->GetGcCause()= Background current_iteration->GetClearSoftReferences()= 0 force_evacuate_all_= 0 background_gen_= 0 young_gen_= 0 current_iteration->GetFreedObjects()= 0 current_iteration->GetFreedLargeObjects()= 0 current_iteration->GetFreedBytes()(MB)= 0 region_space->GetObjectsAllocated()= 517582 region_space->GetBytesAllocated()= 56 mark_num_= 0 mark_from_read_barrier_num_= 0 scan_num_= 0 copy_num_= 0 copy_from_barrier_num_= 0 push_on_mark_stack_num_= 0 read_barrier_num_= 0 copy_launch_object_num_= 0 copy_cold_object_num_= 0 depth_= 0
11-29 00:16:10.920  3553  3566 I tch.android.ap: jiacheng RegionSpace::Debug() Begin()= 0x12c00000 End()= 0x52c00000 launch_region_num= 0 working_set_region_num= 0 cold_region_num= 0 none_region_num= 93 new_region_num= 166
11-29 00:16:10.920  3553  3566 I tch.android.ap: jiacheng MallocSpace::Debug() Begin()= 0x71d59000 End()= 0x71da3000
11-29 00:16:10.920  3553  3566 I tch.android.ap: jiacheng LargeObjectSpace::Debug() Begin()= 0x75b65000 End()= 0x95b65000
11-29 00:16:10.920  3553  3566 I tch.android.ap: jiacheng force_evacuate_all_= 0
11-29 00:16:10.921  3553  3566 I tch.android.ap: jiacheng ConcurrentCopying::MarkingPhase() GetPerceptibleFlag()= 1
11-29 00:16:11.469  3553  3566 I tch.android.ap: jiacheng CopyingPhase() card_scan_num1= 3839
11-29 00:16:11.685  3553  3566 I tch.android.ap: jiacheng CopyingPhase() card_scan_num1= 23
11-29 00:16:12.171  3553  3566 I tch.android.ap: jiacheng RegionSpace::Debug() Begin()= 0x12c00000 End()= 0x52c00000 launch_region_num= 0 working_set_region_num= 0 cold_region_num= 0 none_region_num= 93 new_region_num= 46
11-29 00:16:12.171  3553  3566 I tch.android.ap: jiacheng MallocSpace::Debug() Begin()= 0x71d59000 End()= 0x71da3000
11-29 00:16:12.171  3553  3566 I tch.android.ap: jiacheng LargeObjectSpace::Debug() Begin()= 0x75b65000 End()= 0x95b65000
11-29 00:16:12.171  3553  3566 I tch.android.ap: jiacheng ConcurrentCopying::Runphases() End NanoTime()= 227536633601 GetGcType()= GcTypePartial current_iteration->GetGcCause()= Background current_iteration->GetClearSoftReferences()= 0 force_evacuate_all_= 0 background_gen_= 0 young_gen_= 0 current_iteration->GetFreedObjects()= 294872 current_iteration->GetFreedLargeObjects()= 299 current_iteration->GetFreedBytes()(MB)= 38 region_space->GetObjectsAllocated()= 364462 region_space->GetBytesAllocated()= 27 mark_num_= 998209 mark_from_read_barrier_num_= 0 scan_num_= 170233 copy_num_= 50743 copy_from_barrier_num_= 1775 push_on_mark_stack_num_= 83997 read_barrier_num_= 137145 copy_launch_object_num_= 0 copy_cold_object_num_= 0 depth_= 0
11-29 00:16:12.171  3553  3566 I tch.android.ap: jiacheng LogGC() Background concurrent copying GC freed 294872(38MB) AllocSpace objects, 299(7956KB) LOS objects, 43% free, 30MB/54MB, paused 255us total 1.251s
11-29 00:16:13.785  3553  3566 I tch.android.ap: jiacheng ConcurrentCopying::Runphases() Start NanoTime()= 229150762356 GetGcType()= GcTypePartial current_iteration->GetGcCause()= Background current_iteration->GetClearSoftReferences()= 0 force_evacuate_all_= 0 background_gen_= 0 young_gen_= 0 current_iteration->GetFreedObjects()= 0 current_iteration->GetFreedLargeObjects()= 0 current_iteration->GetFreedBytes()(MB)= 0 region_space->GetObjectsAllocated()= 533869 region_space->GetBytesAllocated()= 43 mark_num_= 0 mark_from_read_barrier_num_= 0 scan_num_= 0 copy_num_= 0 copy_from_barrier_num_= 0 push_on_mark_stack_num_= 0 read_barrier_num_= 0 copy_launch_object_num_= 0 copy_cold_object_num_= 0 depth_= 0
11-29 00:16:13.785  3553  3566 I tch.android.ap: jiacheng RegionSpace::Debug() Begin()= 0x12c00000 End()= 0x52c00000 launch_region_num= 0 working_set_region_num= 0 cold_region_num= 0 none_region_num= 93 new_region_num= 124
11-29 00:16:13.785  3553  3566 I tch.android.ap: jiacheng MallocSpace::Debug() Begin()= 0x71d59000 End()= 0x71da3000
11-29 00:16:13.785  3553  3566 I tch.android.ap: jiacheng LargeObjectSpace::Debug() Begin()= 0x75b65000 End()= 0x95b65000
11-29 00:16:13.785  3553  3566 I tch.android.ap: jiacheng force_evacuate_all_= 0
11-29 00:16:13.786  3553  3566 I tch.android.ap: jiacheng ConcurrentCopying::MarkingPhase() GetPerceptibleFlag()= 1
11-29 00:16:13.815  3553  3574 I tch.android.ap: jiacheng MutatorWS= 330264 GcWS= 372512
11-29 00:16:14.453  3553  3566 I tch.android.ap: jiacheng CopyingPhase() card_scan_num1= 4706
11-29 00:16:14.712  3553  3566 I tch.android.ap: jiacheng CopyingPhase() card_scan_num1= 21
11-29 00:16:15.235  3553  3566 I tch.android.ap: jiacheng RegionSpace::Debug() Begin()= 0x12c00000 End()= 0x52c00000 launch_region_num= 0 working_set_region_num= 0 cold_region_num= 0 none_region_num= 92 new_region_num= 48
11-29 00:16:15.235  3553  3566 I tch.android.ap: jiacheng MallocSpace::Debug() Begin()= 0x71d59000 End()= 0x71da3000
11-29 00:16:15.235  3553  3566 I tch.android.ap: jiacheng LargeObjectSpace::Debug() Begin()= 0x75b65000 End()= 0x95b65000
11-29 00:16:15.235  3553  3566 I tch.android.ap: jiacheng ConcurrentCopying::Runphases() End NanoTime()= 230600566615 GetGcType()= GcTypePartial current_iteration->GetGcCause()= Background current_iteration->GetClearSoftReferences()= 0 force_evacuate_all_= 0 background_gen_= 0 young_gen_= 0 current_iteration->GetFreedObjects()= 304940 current_iteration->GetFreedLargeObjects()= 422 current_iteration->GetFreedBytes()(MB)= 26 region_space->GetObjectsAllocated()= 357111 region_space->GetBytesAllocated()= 27 mark_num_= 1010635 mark_from_read_barrier_num_= 0 scan_num_= 174853 copy_num_= 60464 copy_from_barrier_num_= 2457 push_on_mark_stack_num_= 92783 read_barrier_num_= 142718 copy_launch_object_num_= 0 copy_cold_object_num_= 0 depth_= 0
11-29 00:16:15.235  3553  3566 I tch.android.ap: jiacheng LogGC() Background concurrent copying GC freed 304940(26MB) AllocSpace objects, 422(10MB) LOS objects, 43% free, 31MB/55MB, paused 1.008ms total 1.450s
11-29 00:16:16.891  3553  3574 I tch.android.ap: jiacheng MutatorWS= 310042 GcWS= 380385
11-29 00:16:17.042  3553  3566 I tch.android.ap: jiacheng ConcurrentCopying::Runphases() Start NanoTime()= 232407933826 GetGcType()= GcTypePartial current_iteration->GetGcCause()= Background current_iteration->GetClearSoftReferences()= 0 force_evacuate_all_= 0 background_gen_= 0 young_gen_= 0 current_iteration->GetFreedObjects()= 0 current_iteration->GetFreedLargeObjects()= 0 current_iteration->GetFreedBytes()(MB)= 0 region_space->GetObjectsAllocated()= 527784 region_space->GetBytesAllocated()= 43 mark_num_= 0 mark_from_read_barrier_num_= 0 scan_num_= 0 copy_num_= 0 copy_from_barrier_num_= 0 push_on_mark_stack_num_= 0 read_barrier_num_= 0 copy_launch_object_num_= 0 copy_cold_object_num_= 0 depth_= 0
