11-29 01:34:52.670  3631  3652 I tch.android.ap: jiacheng MutatorWS= 71301 GcWS= 0
11-29 01:34:54.580  3631  3644 I tch.android.ap: jiacheng ConcurrentCopying::Runphases() Start NanoTime()= 236966225738 GetGcType()= GcTypePartial current_iteration->GetGcCause()= Background current_iteration->GetClearSoftReferences()= 0 force_evacuate_all_= 0 background_gen_= 0 young_gen_= 0 current_iteration->GetFreedObjects()= 0 current_iteration->GetFreedLargeObjects()= 0 current_iteration->GetFreedBytes()(MB)= 0 region_space->GetObjectsAllocated()= 372830 region_space->GetBytesAllocated()= 33 mark_num_= 0 mark_from_read_barrier_num_= 0 scan_num_= 0 copy_num_= 0 copy_from_barrier_num_= 0 push_on_mark_stack_num_= 0 read_barrier_num_= 0 copy_launch_object_num_= 0 copy_cold_object_num_= 0 depth_= 0
11-29 01:34:54.580  3631  3644 I tch.android.ap: jiacheng RegionSpace::Debug() Begin()= 0x12c00000 End()= 0x52c00000 launch_region_num= 0 working_set_region_num= 0 cold_region_num= 0 none_region_num= 66 new_region_num= 114
11-29 01:34:54.580  3631  3644 I tch.android.ap: jiacheng MallocSpace::Debug() Begin()= 0x7226b000 End()= 0x722b5000
11-29 01:34:54.580  3631  3644 I tch.android.ap: jiacheng LargeObjectSpace::Debug() Begin()= 0x76077000 End()= 0x96077000
11-29 01:34:54.580  3631  3644 I tch.android.ap: jiacheng force_evacuate_all_= 0
11-29 01:34:54.580  3631  3644 I tch.android.ap: jiacheng ConcurrentCopying::MarkingPhase() GetPerceptibleFlag()= 1
11-29 01:34:55.023  3631  3644 I tch.android.ap: jiacheng CopyingPhase() card_scan_num1= 1983
11-29 01:34:55.173  3631  3644 I tch.android.ap: jiacheng CopyingPhase() card_scan_num1= 7
11-29 01:34:55.555  3631  3644 I tch.android.ap: jiacheng RegionSpace::Debug() Begin()= 0x12c00000 End()= 0x52c00000 launch_region_num= 0 working_set_region_num= 0 cold_region_num= 0 none_region_num= 70 new_region_num= 32
11-29 01:34:55.555  3631  3644 I tch.android.ap: jiacheng MallocSpace::Debug() Begin()= 0x7226b000 End()= 0x722b5000
11-29 01:34:55.555  3631  3644 I tch.android.ap: jiacheng LargeObjectSpace::Debug() Begin()= 0x76077000 End()= 0x96077000
11-29 01:34:55.555  3631  3644 I tch.android.ap: jiacheng ConcurrentCopying::Runphases() End NanoTime()= 237941623544 GetGcType()= GcTypePartial current_iteration->GetGcCause()= Background current_iteration->GetClearSoftReferences()= 0 force_evacuate_all_= 0 background_gen_= 0 young_gen_= 0 current_iteration->GetFreedObjects()= 193283 current_iteration->GetFreedLargeObjects()= 357 current_iteration->GetFreedBytes()(MB)= 17 region_space->GetObjectsAllocated()= 259443 region_space->GetBytesAllocated()= 19 mark_num_= 841286 mark_from_read_barrier_num_= 0 scan_num_= 138638 copy_num_= 58454 copy_from_barrier_num_= 3628 push_on_mark_stack_num_= 85324 read_barrier_num_= 138024 copy_launch_object_num_= 0 copy_cold_object_num_= 0 depth_= 0
11-29 01:34:55.555  3631  3644 I tch.android.ap: jiacheng LogGC() Background concurrent copying GC freed 193283(17MB) AllocSpace objects, 357(8792KB) LOS objects, 49% free, 22MB/45MB, paused 160us total 975.579ms
11-29 01:34:55.689  3631  3652 I tch.android.ap: jiacheng MutatorWS= 198347 GcWS= 303640
11-29 01:34:58.755  3631  3652 I tch.android.ap: jiacheng MutatorWS= 144700 GcWS= 0
11-29 01:34:59.312  3631  3644 I tch.android.ap: jiacheng ConcurrentCopying::Runphases() Start NanoTime()= 241698370428 GetGcType()= GcTypePartial current_iteration->GetGcCause()= Background current_iteration->GetClearSoftReferences()= 0 force_evacuate_all_= 0 background_gen_= 0 young_gen_= 0 current_iteration->GetFreedObjects()= 0 current_iteration->GetFreedLargeObjects()= 0 current_iteration->GetFreedBytes()(MB)= 0 region_space->GetObjectsAllocated()= 407368 region_space->GetBytesAllocated()= 35 mark_num_= 0 mark_from_read_barrier_num_= 0 scan_num_= 0 copy_num_= 0 copy_from_barrier_num_= 0 push_on_mark_stack_num_= 0 read_barrier_num_= 0 copy_launch_object_num_= 0 copy_cold_object_num_= 0 depth_= 0
11-29 01:34:59.312  3631  3644 I tch.android.ap: jiacheng RegionSpace::Debug() Begin()= 0x12c00000 End()= 0x52c00000 launch_region_num= 0 working_set_region_num= 0 cold_region_num= 0 none_region_num= 70 new_region_num= 112
11-29 01:34:59.312  3631  3644 I tch.android.ap: jiacheng MallocSpace::Debug() Begin()= 0x7226b000 End()= 0x722b5000
11-29 01:34:59.312  3631  3644 I tch.android.ap: jiacheng LargeObjectSpace::Debug() Begin()= 0x76077000 End()= 0x96077000
11-29 01:34:59.312  3631  3644 I tch.android.ap: jiacheng force_evacuate_all_= 0
11-29 01:34:59.312  3631  3644 I tch.android.ap: jiacheng ConcurrentCopying::MarkingPhase() GetPerceptibleFlag()= 1
11-29 01:34:59.820  3631  3644 I tch.android.ap: jiacheng CopyingPhase() card_scan_num1= 2235
11-29 01:35:00.041  3631  3644 I tch.android.ap: jiacheng CopyingPhase() card_scan_num1= 15
11-29 01:35:00.455  3631  3644 I tch.android.ap: jiacheng RegionSpace::Debug() Begin()= 0x12c00000 End()= 0x52c00000 launch_region_num= 0 working_set_region_num= 0 cold_region_num= 0 none_region_num= 72 new_region_num= 35
11-29 01:35:00.455  3631  3644 I tch.android.ap: jiacheng MallocSpace::Debug() Begin()= 0x7226b000 End()= 0x722b5000
11-29 01:35:00.455  3631  3644 I tch.android.ap: jiacheng LargeObjectSpace::Debug() Begin()= 0x76077000 End()= 0x96077000
11-29 01:35:00.455  3631  3644 I tch.android.ap: jiacheng ConcurrentCopying::Runphases() End NanoTime()= 242842109657 GetGcType()= GcTypePartial current_iteration->GetGcCause()= Background current_iteration->GetClearSoftReferences()= 0 force_evacuate_all_= 0 background_gen_= 0 young_gen_= 0 current_iteration->GetFreedObjects()= 231677 current_iteration->GetFreedLargeObjects()= 310 current_iteration->GetFreedBytes()(MB)= 20 region_space->GetObjectsAllocated()= 255663 region_space->GetBytesAllocated()= 19 mark_num_= 871498 mark_from_read_barrier_num_= 0 scan_num_= 145841 copy_num_= 68103 copy_from_barrier_num_= 4304 push_on_mark_stack_num_= 93762 read_barrier_num_= 148778 copy_launch_object_num_= 0 copy_cold_object_num_= 0 depth_= 0
11-29 01:35:00.455  3631  3644 I tch.android.ap: jiacheng LogGC() Background concurrent copying GC freed 231677(20MB) AllocSpace objects, 310(8888KB) LOS objects, 49% free, 22MB/44MB, paused 247us total 1.143s
11-29 01:35:01.769  3631  3652 I tch.android.ap: jiacheng MutatorWS= 196212 GcWS= 317937
11-29 01:35:02.379  3631  3644 I tch.android.ap: jiacheng ConcurrentCopying::Runphases() Start NanoTime()= 244766178234 GetGcType()= GcTypePartial current_iteration->GetGcCause()= Background current_iteration->GetClearSoftReferences()= 0 force_evacuate_all_= 0 background_gen_= 0 young_gen_= 0 current_iteration->GetFreedObjects()= 0 current_iteration->GetFreedLargeObjects()= 0 current_iteration->GetFreedBytes()(MB)= 0 region_space->GetObjectsAllocated()= 389928 region_space->GetBytesAllocated()= 38 mark_num_= 0 mark_from_read_barrier_num_= 0 scan_num_= 0 copy_num_= 0 copy_from_barrier_num_= 0 push_on_mark_stack_num_= 0 read_barrier_num_= 0 copy_launch_object_num_= 0 copy_cold_object_num_= 0 depth_= 0
11-29 01:35:02.380  3631  3644 I tch.android.ap: jiacheng RegionSpace::Debug() Begin()= 0x12c00000 End()= 0x52c00000 launch_region_num= 0 working_set_region_num= 0 cold_region_num= 0 none_region_num= 72 new_region_num= 119
11-29 01:35:02.380  3631  3644 I tch.android.ap: jiacheng MallocSpace::Debug() Begin()= 0x7226b000 End()= 0x722b5000
11-29 01:35:02.380  3631  3644 I tch.android.ap: jiacheng LargeObjectSpace::Debug() Begin()= 0x76077000 End()= 0x96077000
11-29 01:35:02.380  3631  3644 I tch.android.ap: jiacheng force_evacuate_all_= 0
11-29 01:35:02.380  3631  3644 I tch.android.ap: jiacheng ConcurrentCopying::MarkingPhase() GetPerceptibleFlag()= 1
11-29 01:35:02.835  3631  3644 I tch.android.ap: jiacheng CopyingPhase() card_scan_num1= 4954
11-29 01:35:03.003  3631  3644 I tch.android.ap: jiacheng CopyingPhase() card_scan_num1= 19
11-29 01:35:03.359  3631  3644 I tch.android.ap: jiacheng RegionSpace::Debug() Begin()= 0x12c00000 End()= 0x52c00000 launch_region_num= 0 working_set_region_num= 0 cold_region_num= 0 none_region_num= 71 new_region_num= 31
11-29 01:35:03.359  3631  3644 I tch.android.ap: jiacheng MallocSpace::Debug() Begin()= 0x7226b000 End()= 0x722b5000
11-29 01:35:03.360  3631  3644 I tch.android.ap: jiacheng LargeObjectSpace::Debug() Begin()= 0x76077000 End()= 0x96077000
11-29 01:35:03.360  3631  3644 I tch.android.ap: jiacheng ConcurrentCopying::Runphases() End NanoTime()= 245746286925 GetGcType()= GcTypePartial current_iteration->GetGcCause()= Background current_iteration->GetClearSoftReferences()= 0 force_evacuate_all_= 0 background_gen_= 0 young_gen_= 0 current_iteration->GetFreedObjects()= 229139 current_iteration->GetFreedLargeObjects()= 120 current_iteration->GetFreedBytes()(MB)= 31 region_space->GetObjectsAllocated()= 266483 region_space->GetBytesAllocated()= 20 mark_num_= 812349 mark_from_read_barrier_num_= 0 scan_num_= 131561 copy_num_= 44668 copy_from_barrier_num_= 2343 push_on_mark_stack_num_= 74517 read_barrier_num_= 118819 copy_launch_object_num_= 0 copy_cold_object_num_= 0 depth_= 0
11-29 01:35:03.360  3631  3644 I tch.android.ap: jiacheng LogGC() Background concurrent copying GC freed 229139(31MB) AllocSpace objects, 120(3924KB) LOS objects, 50% free, 23MB/47MB, paused 174us total 980.307ms
11-29 01:35:04.830  3631  3652 I tch.android.ap: jiacheng MutatorWS= 271354 GcWS= 295678
11-29 01:35:05.231  3631  3644 I tch.android.ap: jiacheng ConcurrentCopying::Runphases() Start NanoTime()= 247617962060 GetGcType()= GcTypePartial current_iteration->GetGcCause()= Background current_iteration->GetClearSoftReferences()= 0 force_evacuate_all_= 0 background_gen_= 0 young_gen_= 0 current_iteration->GetFreedObjects()= 0 current_iteration->GetFreedLargeObjects()= 0 current_iteration->GetFreedBytes()(MB)= 0 region_space->GetObjectsAllocated()= 408074 region_space->GetBytesAllocated()= 39 mark_num_= 0 mark_from_read_barrier_num_= 0 scan_num_= 0 copy_num_= 0 copy_from_barrier_num_= 0 push_on_mark_stack_num_= 0 read_barrier_num_= 0 copy_launch_object_num_= 0 copy_cold_object_num_= 0 depth_= 0
11-29 01:35:05.231  3631  3644 I tch.android.ap: jiacheng RegionSpace::Debug() Begin()= 0x12c00000 End()= 0x52c00000 launch_region_num= 0 working_set_region_num= 0 cold_region_num= 0 none_region_num= 71 new_region_num= 126
11-29 01:35:05.231  3631  3644 I tch.android.ap: jiacheng MallocSpace::Debug() Begin()= 0x7226b000 End()= 0x722b5000
11-29 01:35:05.231  3631  3644 I tch.android.ap: jiacheng LargeObjectSpace::Debug() Begin()= 0x76077000 End()= 0x96077000
11-29 01:35:05.231  3631  3644 I tch.android.ap: jiacheng force_evacuate_all_= 0
11-29 01:35:05.232  3631  3644 I tch.android.ap: jiacheng ConcurrentCopying::MarkingPhase() GetPerceptibleFlag()= 1
11-29 01:35:05.838  3631  3644 I tch.android.ap: jiacheng CopyingPhase() card_scan_num1= 5429
11-29 01:35:06.011  3631  3644 I tch.android.ap: jiacheng CopyingPhase() card_scan_num1= 11
11-29 01:35:06.366  3631  3644 I tch.android.ap: jiacheng RegionSpace::Debug() Begin()= 0x12c00000 End()= 0x52c00000 launch_region_num= 0 working_set_region_num= 0 cold_region_num= 0 none_region_num= 70 new_region_num= 17
11-29 01:35:06.366  3631  3644 I tch.android.ap: jiacheng MallocSpace::Debug() Begin()= 0x7226b000 End()= 0x722b5000
11-29 01:35:06.367  3631  3644 I tch.android.ap: jiacheng LargeObjectSpace::Debug() Begin()= 0x76077000 End()= 0x96077000
11-29 01:35:06.367  3631  3644 I tch.android.ap: jiacheng ConcurrentCopying::Runphases() End NanoTime()= 248753292485 GetGcType()= GcTypePartial current_iteration->GetGcCause()= Background current_iteration->GetClearSoftReferences()= 0 force_evacuate_all_= 0 background_gen_= 0 young_gen_= 0 current_iteration->GetFreedObjects()= 255421 current_iteration->GetFreedLargeObjects()= 232 current_iteration->GetFreedBytes()(MB)= 34 region_space->GetObjectsAllocated()= 242758 region_space->GetBytesAllocated()= 18 mark_num_= 776111 mark_from_read_barrier_num_= 0 scan_num_= 130810 copy_num_= 45995 copy_from_barrier_num_= 1521 push_on_mark_stack_num_= 74182 read_barrier_num_= 87697 copy_launch_object_num_= 0 copy_cold_object_num_= 0 depth_= 0
11-29 01:35:06.367  3631  3644 I tch.android.ap: jiacheng LogGC() Background concurrent copying GC freed 255421(34MB) AllocSpace objects, 232(5712KB) LOS objects, 50% free, 20MB/40MB, paused 832us total 1.135s
11-29 01:35:07.898  3631  3652 I tch.android.ap: jiacheng MutatorWS= 235313 GcWS= 293861
11-29 01:35:08.772  3631  3644 I tch.android.ap: jiacheng ConcurrentCopying::Runphases() Start NanoTime()= 251158226787 GetGcType()= GcTypePartial current_iteration->GetGcCause()= Background current_iteration->GetClearSoftReferences()= 0 force_evacuate_all_= 0 background_gen_= 0 young_gen_= 0 current_iteration->GetFreedObjects()= 0 current_iteration->GetFreedLargeObjects()= 0 current_iteration->GetFreedBytes()(MB)= 0 region_space->GetObjectsAllocated()= 381669 region_space->GetBytesAllocated()= 32 mark_num_= 0 mark_from_read_barrier_num_= 0 scan_num_= 0 copy_num_= 0 copy_from_barrier_num_= 0 push_on_mark_stack_num_= 0 read_barrier_num_= 0 copy_launch_object_num_= 0 copy_cold_object_num_= 0 depth_= 0
11-29 01:35:08.772  3631  3644 I tch.android.ap: jiacheng RegionSpace::Debug() Begin()= 0x12c00000 End()= 0x52c00000 launch_region_num= 0 working_set_region_num= 0 cold_region_num= 0 none_region_num= 70 new_region_num= 97
11-29 01:35:08.772  3631  3644 I tch.android.ap: jiacheng MallocSpace::Debug() Begin()= 0x7226b000 End()= 0x722b5000
11-29 01:35:08.772  3631  3644 I tch.android.ap: jiacheng LargeObjectSpace::Debug() Begin()= 0x76077000 End()= 0x96077000
11-29 01:35:08.772  3631  3644 I tch.android.ap: jiacheng force_evacuate_all_= 0
11-29 01:35:08.772  3631  3644 I tch.android.ap: jiacheng ConcurrentCopying::MarkingPhase() GetPerceptibleFlag()= 1
11-29 01:35:09.190  3631  3644 I tch.android.ap: jiacheng CopyingPhase() card_scan_num1= 1946
11-29 01:35:09.352  3631  3644 I tch.android.ap: jiacheng CopyingPhase() card_scan_num1= 6
11-29 01:35:09.757  3631  3644 I tch.android.ap: jiacheng RegionSpace::Debug() Begin()= 0x12c00000 End()= 0x52c00000 launch_region_num= 0 working_set_region_num= 0 cold_region_num= 0 none_region_num= 72 new_region_num= 31
11-29 01:35:09.757  3631  3644 I tch.android.ap: jiacheng MallocSpace::Debug() Begin()= 0x7226b000 End()= 0x722b5000
11-29 01:35:09.757  3631  3644 I tch.android.ap: jiacheng LargeObjectSpace::Debug() Begin()= 0x76077000 End()= 0x96077000
11-29 01:35:09.757  3631  3644 I tch.android.ap: jiacheng ConcurrentCopying::Runphases() End NanoTime()= 252143951157 GetGcType()= GcTypePartial current_iteration->GetGcCause()= Background current_iteration->GetClearSoftReferences()= 0 force_evacuate_all_= 0 background_gen_= 0 young_gen_= 0 current_iteration->GetFreedObjects()= 193390 current_iteration->GetFreedLargeObjects()= 270 current_iteration->GetFreedBytes()(MB)= 16 region_space->GetObjectsAllocated()= 260853 region_space->GetBytesAllocated()= 20 mark_num_= 834400 mark_from_read_barrier_num_= 0 scan_num_= 138385 copy_num_= 54505 copy_from_barrier_num_= 2891 push_on_mark_stack_num_= 79953 read_barrier_num_= 121941 copy_launch_object_num_= 0 copy_cold_object_num_= 0 depth_= 0
11-29 01:35:09.757  3631  3644 I tch.android.ap: jiacheng LogGC() Background concurrent copying GC freed 193390(16MB) AllocSpace objects, 270(7164KB) LOS objects, 49% free, 23MB/46MB, paused 178us total 985.905ms
11-29 01:35:10.962  3631  3652 I tch.android.ap: jiacheng MutatorWS= 238983 GcWS= 302706
11-29 01:35:11.920  3631  3644 I tch.android.ap: jiacheng ConcurrentCopying::Runphases() Start NanoTime()= 254306361737 GetGcType()= GcTypePartial current_iteration->GetGcCause()= Background current_iteration->GetClearSoftReferences()= 0 force_evacuate_all_= 0 background_gen_= 0 young_gen_= 0 current_iteration->GetFreedObjects()= 0 current_iteration->GetFreedLargeObjects()= 0 current_iteration->GetFreedBytes()(MB)= 0 region_space->GetObjectsAllocated()= 416393 region_space->GetBytesAllocated()= 35 mark_num_= 0 mark_from_read_barrier_num_= 0 scan_num_= 0 copy_num_= 0 copy_from_barrier_num_= 0 push_on_mark_stack_num_= 0 read_barrier_num_= 0 copy_launch_object_num_= 0 copy_cold_object_num_= 0 depth_= 0
11-29 01:35:11.920  3631  3644 I tch.android.ap: jiacheng RegionSpace::Debug() Begin()= 0x12c00000 End()= 0x52c00000 launch_region_num= 0 working_set_region_num= 0 cold_region_num= 0 none_region_num= 72 new_region_num= 111
11-29 01:35:11.920  3631  3644 I tch.android.ap: jiacheng MallocSpace::Debug() Begin()= 0x7226b000 End()= 0x722b5000
11-29 01:35:11.920  3631  3644 I tch.android.ap: jiacheng LargeObjectSpace::Debug() Begin()= 0x76077000 End()= 0x96077000
11-29 01:35:11.920  3631  3644 I tch.android.ap: jiacheng force_evacuate_all_= 0
11-29 01:35:11.920  3631  3644 I tch.android.ap: jiacheng ConcurrentCopying::MarkingPhase() GetPerceptibleFlag()= 1
11-29 01:35:12.403  3631  3644 I tch.android.ap: jiacheng CopyingPhase() card_scan_num1= 2506
11-29 01:35:12.579  3631  3644 I tch.android.ap: jiacheng CopyingPhase() card_scan_num1= 17
11-29 01:35:13.116  3631  3644 I tch.android.ap: jiacheng RegionSpace::Debug() Begin()= 0x12c00000 End()= 0x52c00000 launch_region_num= 0 working_set_region_num= 0 cold_region_num= 0 none_region_num= 73 new_region_num= 38
11-29 01:35:13.116  3631  3644 I tch.android.ap: jiacheng MallocSpace::Debug() Begin()= 0x7226b000 End()= 0x722b5000
11-29 01:35:13.116  3631  3644 I tch.android.ap: jiacheng LargeObjectSpace::Debug() Begin()= 0x76077000 End()= 0x96077000
11-29 01:35:13.116  3631  3644 I tch.android.ap: jiacheng ConcurrentCopying::Runphases() End NanoTime()= 255502769512 GetGcType()= GcTypePartial current_iteration->GetGcCause()= Background current_iteration->GetClearSoftReferences()= 0 force_evacuate_all_= 0 background_gen_= 0 young_gen_= 0 current_iteration->GetFreedObjects()= 234337 current_iteration->GetFreedLargeObjects()= 344 current_iteration->GetFreedBytes()(MB)= 20 region_space->GetObjectsAllocated()= 280951 region_space->GetBytesAllocated()= 21 mark_num_= 869107 mark_from_read_barrier_num_= 0 scan_num_= 145338 copy_num_= 61204 copy_from_barrier_num_= 2669 push_on_mark_stack_num_= 87879 read_barrier_num_= 143534 copy_launch_object_num_= 0 copy_cold_object_num_= 0 depth_= 0
11-29 01:35:13.116  3631  3644 I tch.android.ap: jiacheng LogGC() Background concurrent copying GC freed 234337(20MB) AllocSpace objects, 344(9512KB) LOS objects, 49% free, 24MB/48MB, paused 133us total 1.196s
11-29 01:35:14.026  3631  3652 I tch.android.ap: jiacheng MutatorWS= 261224 GcWS= 316082
11-29 01:35:15.458  3631  3644 I tch.android.ap: jiacheng ConcurrentCopying::Runphases() Start NanoTime()= 257844784693 GetGcType()= GcTypePartial current_iteration->GetGcCause()= Background current_iteration->GetClearSoftReferences()= 0 force_evacuate_all_= 0 background_gen_= 0 young_gen_= 0 current_iteration->GetFreedObjects()= 0 current_iteration->GetFreedLargeObjects()= 0 current_iteration->GetFreedBytes()(MB)= 0 region_space->GetObjectsAllocated()= 455982 region_space->GetBytesAllocated()= 38 mark_num_= 0 mark_from_read_barrier_num_= 0 scan_num_= 0 copy_num_= 0 copy_from_barrier_num_= 0 push_on_mark_stack_num_= 0 read_barrier_num_= 0 copy_launch_object_num_= 0 copy_cold_object_num_= 0 depth_= 0
11-29 01:35:15.458  3631  3644 I tch.android.ap: jiacheng RegionSpace::Debug() Begin()= 0x12c00000 End()= 0x52c00000 launch_region_num= 0 working_set_region_num= 0 cold_region_num= 0 none_region_num= 73 new_region_num= 121
11-29 01:35:15.458  3631  3644 I tch.android.ap: jiacheng MallocSpace::Debug() Begin()= 0x7226b000 End()= 0x722b5000
11-29 01:35:15.458  3631  3644 I tch.android.ap: jiacheng LargeObjectSpace::Debug() Begin()= 0x76077000 End()= 0x96077000
11-29 01:35:15.458  3631  3644 I tch.android.ap: jiacheng force_evacuate_all_= 0
11-29 01:35:15.458  3631  3644 I tch.android.ap: jiacheng ConcurrentCopying::MarkingPhase() GetPerceptibleFlag()= 1
11-29 01:35:16.050  3631  3644 I tch.android.ap: jiacheng CopyingPhase() card_scan_num1= 3141
11-29 01:35:16.320  3631  3644 I tch.android.ap: jiacheng CopyingPhase() card_scan_num1= 9
11-29 01:35:16.800  3631  3644 I tch.android.ap: jiacheng RegionSpace::Debug() Begin()= 0x12c00000 End()= 0x52c00000 launch_region_num= 0 working_set_region_num= 0 cold_region_num= 0 none_region_num= 76 new_region_num= 36
11-29 01:35:16.800  3631  3644 I tch.android.ap: jiacheng MallocSpace::Debug() Begin()= 0x7226b000 End()= 0x722b5000
11-29 01:35:16.800  3631  3644 I tch.android.ap: jiacheng LargeObjectSpace::Debug() Begin()= 0x76077000 End()= 0x96077000
11-29 01:35:16.800  3631  3644 I tch.android.ap: jiacheng ConcurrentCopying::Runphases() End NanoTime()= 259186602171 GetGcType()= GcTypePartial current_iteration->GetGcCause()= Background current_iteration->GetClearSoftReferences()= 0 force_evacuate_all_= 0 background_gen_= 0 young_gen_= 0 current_iteration->GetFreedObjects()= 276302 current_iteration->GetFreedLargeObjects()= 338 current_iteration->GetFreedBytes()(MB)= 22 region_space->GetObjectsAllocated()= 286398 region_space->GetBytesAllocated()= 22 mark_num_= 906825 mark_from_read_barrier_num_= 0 scan_num_= 148808 copy_num_= 57612 copy_from_barrier_num_= 3102 push_on_mark_stack_num_= 87213 read_barrier_num_= 159083 copy_launch_object_num_= 0 copy_cold_object_num_= 0 depth_= 0
11-29 01:35:16.800  3631  3644 I tch.android.ap: jiacheng LogGC() Background concurrent copying GC freed 276302(22MB) AllocSpace objects, 338(8808KB) LOS objects, 48% free, 25MB/49MB, paused 1.048ms total 1.342s
11-29 01:35:17.095  3631  3652 I tch.android.ap: jiacheng MutatorWS= 248137 GcWS= 321232
11-29 01:35:18.967  3631  3644 I tch.android.ap: jiacheng ConcurrentCopying::Runphases() Start NanoTime()= 261353772907 GetGcType()= GcTypePartial current_iteration->GetGcCause()= Background current_iteration->GetClearSoftReferences()= 0 force_evacuate_all_= 0 background_gen_= 0 young_gen_= 0 current_iteration->GetFreedObjects()= 0 current_iteration->GetFreedLargeObjects()= 0 current_iteration->GetFreedBytes()(MB)= 0 region_space->GetObjectsAllocated()= 446795 region_space->GetBytesAllocated()= 38 mark_num_= 0 mark_from_read_barrier_num_= 0 scan_num_= 0 copy_num_= 0 copy_from_barrier_num_= 0 push_on_mark_stack_num_= 0 read_barrier_num_= 0 copy_launch_object_num_= 0 copy_cold_object_num_= 0 depth_= 0
11-29 01:35:18.967  3631  3644 I tch.android.ap: jiacheng RegionSpace::Debug() Begin()= 0x12c00000 End()= 0x52c00000 launch_region_num= 0 working_set_region_num= 0 cold_region_num= 0 none_region_num= 76 new_region_num= 118
11-29 01:35:18.967  3631  3644 I tch.android.ap: jiacheng MallocSpace::Debug() Begin()= 0x7226b000 End()= 0x722b5000
11-29 01:35:18.967  3631  3644 I tch.android.ap: jiacheng LargeObjectSpace::Debug() Begin()= 0x76077000 End()= 0x96077000
11-29 01:35:18.967  3631  3644 I tch.android.ap: jiacheng force_evacuate_all_= 0
11-29 01:35:18.967  3631  3644 I tch.android.ap: jiacheng ConcurrentCopying::MarkingPhase() GetPerceptibleFlag()= 1
11-29 01:35:19.430  3631  3644 I tch.android.ap: jiacheng CopyingPhase() card_scan_num1= 2216
11-29 01:35:19.645  3631  3644 I tch.android.ap: jiacheng CopyingPhase() card_scan_num1= 13
11-29 01:35:20.138  3631  3644 I tch.android.ap: jiacheng RegionSpace::Debug() Begin()= 0x12c00000 End()= 0x52c00000 launch_region_num= 0 working_set_region_num= 0 cold_region_num= 0 none_region_num= 75 new_region_num= 41
11-29 01:35:20.138  3631  3644 I tch.android.ap: jiacheng MallocSpace::Debug() Begin()= 0x7226b000 End()= 0x722b5000
11-29 01:35:20.138  3631  3644 I tch.android.ap: jiacheng LargeObjectSpace::Debug() Begin()= 0x76077000 End()= 0x96077000
11-29 01:35:20.138  3631  3644 I tch.android.ap: jiacheng ConcurrentCopying::Runphases() End NanoTime()= 262524624534 GetGcType()= GcTypePartial current_iteration->GetGcCause()= Background current_iteration->GetClearSoftReferences()= 0 force_evacuate_all_= 0 background_gen_= 0 young_gen_= 0 current_iteration->GetFreedObjects()= 265496 current_iteration->GetFreedLargeObjects()= 402 current_iteration->GetFreedBytes()(MB)= 23 region_space->GetObjectsAllocated()= 283557 region_space->GetBytesAllocated()= 22 mark_num_= 854376 mark_from_read_barrier_num_= 0 scan_num_= 136410 copy_num_= 41361 copy_from_barrier_num_= 2017 push_on_mark_stack_num_= 73286 read_barrier_num_= 136064 copy_launch_object_num_= 0 copy_cold_object_num_= 0 depth_= 0
11-29 01:35:20.138  3631  3644 I tch.android.ap: jiacheng LogGC() Background concurrent copying GC freed 265496(23MB) AllocSpace objects, 402(10MB) LOS objects, 49% free, 24MB/48MB, paused 790us total 1.171s
11-29 01:35:20.168  3631  3652 I tch.android.ap: jiacheng MutatorWS= 254013 GcWS= 298828
11-29 01:35:22.484  3631  3644 I tch.android.ap: jiacheng ConcurrentCopying::Runphases() Start NanoTime()= 264870314456 GetGcType()= GcTypePartial current_iteration->GetGcCause()= Background current_iteration->GetClearSoftReferences()= 0 force_evacuate_all_= 0 background_gen_= 0 young_gen_= 0 current_iteration->GetFreedObjects()= 0 current_iteration->GetFreedLargeObjects()= 0 current_iteration->GetFreedBytes()(MB)= 0 region_space->GetObjectsAllocated()= 454058 region_space->GetBytesAllocated()= 38 mark_num_= 0 mark_from_read_barrier_num_= 0 scan_num_= 0 copy_num_= 0 copy_from_barrier_num_= 0 push_on_mark_stack_num_= 0 read_barrier_num_= 0 copy_launch_object_num_= 0 copy_cold_object_num_= 0 depth_= 0
11-29 01:35:22.484  3631  3644 I tch.android.ap: jiacheng RegionSpace::Debug() Begin()= 0x12c00000 End()= 0x52c00000 launch_region_num= 0 working_set_region_num= 0 cold_region_num= 0 none_region_num= 75 new_region_num= 123
11-29 01:35:22.484  3631  3644 I tch.android.ap: jiacheng MallocSpace::Debug() Begin()= 0x7226b000 End()= 0x722b5000
11-29 01:35:22.484  3631  3644 I tch.android.ap: jiacheng LargeObjectSpace::Debug() Begin()= 0x76077000 End()= 0x96077000
11-29 01:35:22.484  3631  3644 I tch.android.ap: jiacheng force_evacuate_all_= 0
11-29 01:35:22.484  3631  3644 I tch.android.ap: jiacheng ConcurrentCopying::MarkingPhase() GetPerceptibleFlag()= 1
11-29 01:35:23.065  3631  3644 I tch.android.ap: jiacheng CopyingPhase() card_scan_num1= 3098
11-29 01:35:23.240  3631  3652 I tch.android.ap: jiacheng MutatorWS= 266905 GcWS= 258203
11-29 01:35:23.323  3631  3644 I tch.android.ap: jiacheng CopyingPhase() card_scan_num1= 16
11-29 01:35:24.001  3631  3644 I tch.android.ap: jiacheng RegionSpace::Debug() Begin()= 0x12c00000 End()= 0x52c00000 launch_region_num= 0 working_set_region_num= 0 cold_region_num= 0 none_region_num= 81 new_region_num= 48
11-29 01:35:24.002  3631  3644 I tch.android.ap: jiacheng MallocSpace::Debug() Begin()= 0x7226b000 End()= 0x722b5000
11-29 01:35:24.002  3631  3644 I tch.android.ap: jiacheng LargeObjectSpace::Debug() Begin()= 0x76077000 End()= 0x96077000
11-29 01:35:24.002  3631  3644 I tch.android.ap: jiacheng ConcurrentCopying::Runphases() End NanoTime()= 266388343357 GetGcType()= GcTypePartial current_iteration->GetGcCause()= Background current_iteration->GetClearSoftReferences()= 0 force_evacuate_all_= 0 background_gen_= 0 young_gen_= 0 current_iteration->GetFreedObjects()= 259964 current_iteration->GetFreedLargeObjects()= 334 current_iteration->GetFreedBytes()(MB)= 21 region_space->GetObjectsAllocated()= 325258 region_space->GetBytesAllocated()= 25 mark_num_= 960499 mark_from_read_barrier_num_= 0 scan_num_= 167556 copy_num_= 80793 copy_from_barrier_num_= 6737 push_on_mark_stack_num_= 108633 read_barrier_num_= 159155 copy_launch_object_num_= 0 copy_cold_object_num_= 0 depth_= 0
11-29 01:35:24.002  3631  3644 I tch.android.ap: jiacheng LogGC() Background concurrent copying GC freed 259964(21MB) AllocSpace objects, 334(8892KB) LOS objects, 45% free, 28MB/52MB, paused 1.199ms total 1.518s
11-29 01:35:24.776  3631  3644 I tch.android.ap: jiacheng ConcurrentCopying::Runphases() Start NanoTime()= 267163006246 GetGcType()= GcTypePartial current_iteration->GetGcCause()= Background current_iteration->GetClearSoftReferences()= 0 force_evacuate_all_= 0 background_gen_= 0 young_gen_= 0 current_iteration->GetFreedObjects()= 0 current_iteration->GetFreedLargeObjects()= 0 current_iteration->GetFreedBytes()(MB)= 0 region_space->GetObjectsAllocated()= 435091 region_space->GetBytesAllocated()= 47 mark_num_= 0 mark_from_read_barrier_num_= 0 scan_num_= 0 copy_num_= 0 copy_from_barrier_num_= 0 push_on_mark_stack_num_= 0 read_barrier_num_= 0 copy_launch_object_num_= 0 copy_cold_object_num_= 0 depth_= 0
11-29 01:35:24.776  3631  3644 I tch.android.ap: jiacheng RegionSpace::Debug() Begin()= 0x12c00000 End()= 0x52c00000 launch_region_num= 0 working_set_region_num= 0 cold_region_num= 0 none_region_num= 81 new_region_num= 142
11-29 01:35:24.776  3631  3644 I tch.android.ap: jiacheng MallocSpace::Debug() Begin()= 0x7226b000 End()= 0x722b5000
11-29 01:35:24.776  3631  3644 I tch.android.ap: jiacheng LargeObjectSpace::Debug() Begin()= 0x76077000 End()= 0x96077000
11-29 01:35:24.777  3631  3644 I tch.android.ap: jiacheng force_evacuate_all_= 0
11-29 01:35:24.777  3631  3644 I tch.android.ap: jiacheng ConcurrentCopying::MarkingPhase() GetPerceptibleFlag()= 1
11-29 01:35:25.378  3631  3644 I tch.android.ap: jiacheng CopyingPhase() card_scan_num1= 3192
11-29 01:35:25.594  3631  3644 I tch.android.ap: jiacheng CopyingPhase() card_scan_num1= 41
11-29 01:35:26.102  3631  3644 I tch.android.ap: jiacheng RegionSpace::Debug() Begin()= 0x12c00000 End()= 0x52c00000 launch_region_num= 0 working_set_region_num= 0 cold_region_num= 0 none_region_num= 77 new_region_num= 43
11-29 01:35:26.102  3631  3644 I tch.android.ap: jiacheng MallocSpace::Debug() Begin()= 0x7226b000 End()= 0x722b5000
11-29 01:35:26.102  3631  3644 I tch.android.ap: jiacheng LargeObjectSpace::Debug() Begin()= 0x76077000 End()= 0x96077000
11-29 01:35:26.102  3631  3644 I tch.android.ap: jiacheng ConcurrentCopying::Runphases() End NanoTime()= 268489024451 GetGcType()= GcTypePartial current_iteration->GetGcCause()= Background current_iteration->GetClearSoftReferences()= 0 force_evacuate_all_= 0 background_gen_= 0 young_gen_= 0 current_iteration->GetFreedObjects()= 232432 current_iteration->GetFreedLargeObjects()= 145 current_iteration->GetFreedBytes()(MB)= 32 region_space->GetObjectsAllocated()= 290469 region_space->GetBytesAllocated()= 22 mark_num_= 865190 mark_from_read_barrier_num_= 0 scan_num_= 143283 copy_num_= 47068 copy_from_barrier_num_= 3790 push_on_mark_stack_num_= 74838 read_barrier_num_= 121748 copy_launch_object_num_= 0 copy_cold_object_num_= 0 depth_= 0
11-29 01:35:26.102  3631  3644 I tch.android.ap: jiacheng LogGC() Background concurrent copying GC freed 232432(32MB) AllocSpace objects, 145(4148KB) LOS objects, 48% free, 25MB/49MB, paused 453us total 1.326s
11-29 01:35:26.307  3631  3652 I tch.android.ap: jiacheng MutatorWS= 292492 GcWS= 428776
11-29 01:35:27.306  3631  3644 I tch.android.ap: jiacheng ConcurrentCopying::Runphases() Start NanoTime()= 269692711759 GetGcType()= GcTypePartial current_iteration->GetGcCause()= Background current_iteration->GetClearSoftReferences()= 0 force_evacuate_all_= 0 background_gen_= 0 young_gen_= 0 current_iteration->GetFreedObjects()= 0 current_iteration->GetFreedLargeObjects()= 0 current_iteration->GetFreedBytes()(MB)= 0 region_space->GetObjectsAllocated()= 414484 region_space->GetBytesAllocated()= 43 mark_num_= 0 mark_from_read_barrier_num_= 0 scan_num_= 0 copy_num_= 0 copy_from_barrier_num_= 0 push_on_mark_stack_num_= 0 read_barrier_num_= 0 copy_launch_object_num_= 0 copy_cold_object_num_= 0 depth_= 0
11-29 01:35:27.306  3631  3644 I tch.android.ap: jiacheng RegionSpace::Debug() Begin()= 0x12c00000 End()= 0x52c00000 launch_region_num= 0 working_set_region_num= 0 cold_region_num= 0 none_region_num= 77 new_region_num= 132
11-29 01:35:27.306  3631  3644 I tch.android.ap: jiacheng MallocSpace::Debug() Begin()= 0x7226b000 End()= 0x722b5000
11-29 01:35:27.306  3631  3644 I tch.android.ap: jiacheng LargeObjectSpace::Debug() Begin()= 0x76077000 End()= 0x96077000
11-29 01:35:27.306  3631  3644 I tch.android.ap: jiacheng force_evacuate_all_= 0
11-29 01:35:27.307  3631  3644 I tch.android.ap: jiacheng ConcurrentCopying::MarkingPhase() GetPerceptibleFlag()= 1
11-29 01:35:27.870  3631  3644 I tch.android.ap: jiacheng CopyingPhase() card_scan_num1= 4662
11-29 01:35:28.082  3631  3644 I tch.android.ap: jiacheng CopyingPhase() card_scan_num1= 33
11-29 01:35:28.579  3631  3644 I tch.android.ap: jiacheng RegionSpace::Debug() Begin()= 0x12c00000 End()= 0x52c00000 launch_region_num= 0 working_set_region_num= 0 cold_region_num= 0 none_region_num= 78 new_region_num= 38
11-29 01:35:28.579  3631  3644 I tch.android.ap: jiacheng MallocSpace::Debug() Begin()= 0x7226b000 End()= 0x722b5000
11-29 01:35:28.579  3631  3644 I tch.android.ap: jiacheng LargeObjectSpace::Debug() Begin()= 0x76077000 End()= 0x96077000
11-29 01:35:28.579  3631  3644 I tch.android.ap: jiacheng ConcurrentCopying::Runphases() End NanoTime()= 270966060115 GetGcType()= GcTypePartial current_iteration->GetGcCause()= Background current_iteration->GetClearSoftReferences()= 0 force_evacuate_all_= 0 background_gen_= 0 young_gen_= 0 current_iteration->GetFreedObjects()= 235088 current_iteration->GetFreedLargeObjects()= 193 current_iteration->GetFreedBytes()(MB)= 32 region_space->GetObjectsAllocated()= 286984 region_space->GetBytesAllocated()= 22 mark_num_= 875470 mark_from_read_barrier_num_= 0 scan_num_= 152527 copy_num_= 58984 copy_from_barrier_num_= 2461 push_on_mark_stack_num_= 85742 read_barrier_num_= 116919 copy_launch_object_num_= 0 copy_cold_object_num_= 0 depth_= 0
11-29 01:35:28.579  3631  3644 I tch.android.ap: jiacheng LogGC() Background concurrent copying GC freed 235088(32MB) AllocSpace objects, 193(5160KB) LOS objects, 48% free, 25MB/49MB, paused 336us total 1.273s
11-29 01:35:29.434  3631  3652 I tch.android.ap: jiacheng MutatorWS= 296291 GcWS= 334389
11-29 01:35:30.886  3631  3644 I tch.android.ap: jiacheng ConcurrentCopying::Runphases() Start NanoTime()= 273272905501 GetGcType()= GcTypePartial current_iteration->GetGcCause()= Background current_iteration->GetClearSoftReferences()= 0 force_evacuate_all_= 0 background_gen_= 0 young_gen_= 0 current_iteration->GetFreedObjects()= 0 current_iteration->GetFreedLargeObjects()= 0 current_iteration->GetFreedBytes()(MB)= 0 region_space->GetObjectsAllocated()= 460737 region_space->GetBytesAllocated()= 39 mark_num_= 0 mark_from_read_barrier_num_= 0 scan_num_= 0 copy_num_= 0 copy_from_barrier_num_= 0 push_on_mark_stack_num_= 0 read_barrier_num_= 0 copy_launch_object_num_= 0 copy_cold_object_num_= 0 depth_= 0
11-29 01:35:30.886  3631  3644 I tch.android.ap: jiacheng RegionSpace::Debug() Begin()= 0x12c00000 End()= 0x52c00000 launch_region_num= 0 working_set_region_num= 0 cold_region_num= 0 none_region_num= 78 new_region_num= 116
11-29 01:35:30.886  3631  3644 I tch.android.ap: jiacheng MallocSpace::Debug() Begin()= 0x7226b000 End()= 0x722b5000
11-29 01:35:30.886  3631  3644 I tch.android.ap: jiacheng LargeObjectSpace::Debug() Begin()= 0x76077000 End()= 0x96077000
11-29 01:35:30.886  3631  3644 I tch.android.ap: jiacheng force_evacuate_all_= 0
11-29 01:35:30.887  3631  3644 I tch.android.ap: jiacheng ConcurrentCopying::MarkingPhase() GetPerceptibleFlag()= 1
11-29 01:35:31.414  3631  3644 I tch.android.ap: jiacheng CopyingPhase() card_scan_num1= 3085
11-29 01:35:31.617  3631  3644 I tch.android.ap: jiacheng CopyingPhase() card_scan_num1= 15
11-29 01:35:32.100  3631  3644 I tch.android.ap: jiacheng RegionSpace::Debug() Begin()= 0x12c00000 End()= 0x52c00000 launch_region_num= 0 working_set_region_num= 0 cold_region_num= 0 none_region_num= 79 new_region_num= 34
11-29 01:35:32.100  3631  3644 I tch.android.ap: jiacheng MallocSpace::Debug() Begin()= 0x7226b000 End()= 0x722b5000
11-29 01:35:32.100  3631  3644 I tch.android.ap: jiacheng LargeObjectSpace::Debug() Begin()= 0x76077000 End()= 0x96077000
11-29 01:35:32.100  3631  3644 I tch.android.ap: jiacheng ConcurrentCopying::Runphases() End NanoTime()= 274486384216 GetGcType()= GcTypePartial current_iteration->GetGcCause()= Background current_iteration->GetClearSoftReferences()= 0 force_evacuate_all_= 0 background_gen_= 0 young_gen_= 0 current_iteration->GetFreedObjects()= 276100 current_iteration->GetFreedLargeObjects()= 380 current_iteration->GetFreedBytes()(MB)= 23 region_space->GetObjectsAllocated()= 289924 region_space->GetBytesAllocated()= 22 mark_num_= 850622 mark_from_read_barrier_num_= 0 scan_num_= 152824 copy_num_= 58158 copy_from_barrier_num_= 1740 push_on_mark_stack_num_= 85907 read_barrier_num_= 85029 copy_launch_object_num_= 0 copy_cold_object_num_= 0 depth_= 0
11-29 01:35:32.100  3631  3644 I tch.android.ap: jiacheng LogGC() Background concurrent copying GC freed 276100(23MB) AllocSpace objects, 380(9840KB) LOS objects, 49% free, 24MB/48MB, paused 170us total 1.213s
11-29 01:35:32.517  3631  3652 I tch.android.ap: jiacheng MutatorWS= 249676 GcWS= 328085
11-29 01:35:34.750  3631  3644 I tch.android.ap: jiacheng ConcurrentCopying::Runphases() Start NanoTime()= 277136935105 GetGcType()= GcTypePartial current_iteration->GetGcCause()= Background current_iteration->GetClearSoftReferences()= 0 force_evacuate_all_= 0 background_gen_= 0 young_gen_= 0 current_iteration->GetFreedObjects()= 0 current_iteration->GetFreedLargeObjects()= 0 current_iteration->GetFreedBytes()(MB)= 0 region_space->GetObjectsAllocated()= 448340 region_space->GetBytesAllocated()= 38 mark_num_= 0 mark_from_read_barrier_num_= 0 scan_num_= 0 copy_num_= 0 copy_from_barrier_num_= 0 push_on_mark_stack_num_= 0 read_barrier_num_= 0 copy_launch_object_num_= 0 copy_cold_object_num_= 0 depth_= 0
11-29 01:35:34.750  3631  3644 I tch.android.ap: jiacheng RegionSpace::Debug() Begin()= 0x12c00000 End()= 0x52c00000 launch_region_num= 0 working_set_region_num= 0 cold_region_num= 0 none_region_num= 79 new_region_num= 118
11-29 01:35:34.750  3631  3644 I tch.android.ap: jiacheng MallocSpace::Debug() Begin()= 0x7226b000 End()= 0x722b5000
11-29 01:35:34.750  3631  3644 I tch.android.ap: jiacheng LargeObjectSpace::Debug() Begin()= 0x76077000 End()= 0x96077000
11-29 01:35:34.750  3631  3644 I tch.android.ap: jiacheng force_evacuate_all_= 0
11-29 01:35:34.751  3631  3644 I tch.android.ap: jiacheng ConcurrentCopying::MarkingPhase() GetPerceptibleFlag()= 1
11-29 01:35:35.319  3631  3644 I tch.android.ap: jiacheng CopyingPhase() card_scan_num1= 3090
11-29 01:35:35.549  3631  3644 I tch.android.ap: jiacheng CopyingPhase() card_scan_num1= 20
11-29 01:35:35.597  3631  3652 I tch.android.ap: jiacheng MutatorWS= 244799 GcWS= 260864
11-29 01:35:36.081  3631  3644 I tch.android.ap: jiacheng RegionSpace::Debug() Begin()= 0x12c00000 End()= 0x52c00000 launch_region_num= 0 working_set_region_num= 0 cold_region_num= 0 none_region_num= 79 new_region_num= 36
11-29 01:35:36.081  3631  3644 I tch.android.ap: jiacheng MallocSpace::Debug() Begin()= 0x7226b000 End()= 0x722b5000
11-29 01:35:36.081  3631  3644 I tch.android.ap: jiacheng LargeObjectSpace::Debug() Begin()= 0x76077000 End()= 0x96077000
11-29 01:35:36.081  3631  3644 I tch.android.ap: jiacheng ConcurrentCopying::Runphases() End NanoTime()= 278467967321 GetGcType()= GcTypePartial current_iteration->GetGcCause()= Background current_iteration->GetClearSoftReferences()= 0 force_evacuate_all_= 0 background_gen_= 0 young_gen_= 0 current_iteration->GetFreedObjects()= 255640 current_iteration->GetFreedLargeObjects()= 361 current_iteration->GetFreedBytes()(MB)= 22 region_space->GetObjectsAllocated()= 292452 region_space->GetBytesAllocated()= 22 mark_num_= 879351 mark_from_read_barrier_num_= 0 scan_num_= 152169 copy_num_= 55879 copy_from_barrier_num_= 1728 push_on_mark_stack_num_= 87539 read_barrier_num_= 117648 copy_launch_object_num_= 0 copy_cold_object_num_= 0 depth_= 0
11-29 01:35:36.081  3631  3644 I tch.android.ap: jiacheng LogGC() Background concurrent copying GC freed 255640(22MB) AllocSpace objects, 361(9868KB) LOS objects, 48% free, 25MB/49MB, paused 245us total 1.331s
11-29 01:35:38.347  3631  3644 I tch.android.ap: jiacheng ConcurrentCopying::Runphases() Start NanoTime()= 280733593796 GetGcType()= GcTypePartial current_iteration->GetGcCause()= Background current_iteration->GetClearSoftReferences()= 0 force_evacuate_all_= 0 background_gen_= 0 young_gen_= 0 current_iteration->GetFreedObjects()= 0 current_iteration->GetFreedLargeObjects()= 0 current_iteration->GetFreedBytes()(MB)= 0 region_space->GetObjectsAllocated()= 469840 region_space->GetBytesAllocated()= 39 mark_num_= 0 mark_from_read_barrier_num_= 0 scan_num_= 0 copy_num_= 0 copy_from_barrier_num_= 0 push_on_mark_stack_num_= 0 read_barrier_num_= 0 copy_launch_object_num_= 0 copy_cold_object_num_= 0 depth_= 0
11-29 01:35:38.347  3631  3644 I tch.android.ap: jiacheng RegionSpace::Debug() Begin()= 0x12c00000 End()= 0x52c00000 launch_region_num= 0 working_set_region_num= 0 cold_region_num= 0 none_region_num= 79 new_region_num= 117
11-29 01:35:38.347  3631  3644 I tch.android.ap: jiacheng MallocSpace::Debug() Begin()= 0x7226b000 End()= 0x722b5000
11-29 01:35:38.347  3631  3644 I tch.android.ap: jiacheng LargeObjectSpace::Debug() Begin()= 0x76077000 End()= 0x96077000
11-29 01:35:38.347  3631  3644 I tch.android.ap: jiacheng force_evacuate_all_= 0
11-29 01:35:38.348  3631  3644 I tch.android.ap: jiacheng ConcurrentCopying::MarkingPhase() GetPerceptibleFlag()= 1
11-29 01:35:38.669  3631  3652 I tch.android.ap: jiacheng MutatorWS= 241836 GcWS= 263602
11-29 01:35:38.969  3631  3644 I tch.android.ap: jiacheng CopyingPhase() card_scan_num1= 2438
11-29 01:35:39.195  3631  3644 I tch.android.ap: jiacheng CopyingPhase() card_scan_num1= 18
11-29 01:35:39.694  3631  3644 I tch.android.ap: jiacheng RegionSpace::Debug() Begin()= 0x12c00000 End()= 0x52c00000 launch_region_num= 0 working_set_region_num= 0 cold_region_num= 0 none_region_num= 79 new_region_num= 37
11-29 01:35:39.694  3631  3644 I tch.android.ap: jiacheng MallocSpace::Debug() Begin()= 0x7226b000 End()= 0x722b5000
11-29 01:35:39.694  3631  3644 I tch.android.ap: jiacheng LargeObjectSpace::Debug() Begin()= 0x76077000 End()= 0x96077000
11-29 01:35:39.694  3631  3644 I tch.android.ap: jiacheng ConcurrentCopying::Runphases() End NanoTime()= 282080857108 GetGcType()= GcTypePartial current_iteration->GetGcCause()= Background current_iteration->GetClearSoftReferences()= 0 force_evacuate_all_= 0 background_gen_= 0 young_gen_= 0 current_iteration->GetFreedObjects()= 264039 current_iteration->GetFreedLargeObjects()= 370 current_iteration->GetFreedBytes()(MB)= 22 region_space->GetObjectsAllocated()= 303634 region_space->GetBytesAllocated()= 23 mark_num_= 872316 mark_from_read_barrier_num_= 0 scan_num_= 144999 copy_num_= 44513 copy_from_barrier_num_= 1342 push_on_mark_stack_num_= 73979 read_barrier_num_= 121072 copy_launch_object_num_= 0 copy_cold_object_num_= 0 depth_= 0
11-29 01:35:39.694  3631  3644 I tch.android.ap: jiacheng LogGC() Background concurrent copying GC freed 264039(22MB) AllocSpace objects, 370(9100KB) LOS objects, 46% free, 27MB/51MB, paused 1.091ms total 1.347s
11-29 01:35:41.737  3631  3652 I tch.android.ap: jiacheng MutatorWS= 258628 GcWS= 285789
11-29 01:35:41.909  3631  3644 I tch.android.ap: jiacheng ConcurrentCopying::Runphases() Start NanoTime()= 284295551339 GetGcType()= GcTypePartial current_iteration->GetGcCause()= Background current_iteration->GetClearSoftReferences()= 0 force_evacuate_all_= 0 background_gen_= 0 young_gen_= 0 current_iteration->GetFreedObjects()= 0 current_iteration->GetFreedLargeObjects()= 0 current_iteration->GetFreedBytes()(MB)= 0 region_space->GetObjectsAllocated()= 473945 region_space->GetBytesAllocated()= 40 mark_num_= 0 mark_from_read_barrier_num_= 0 scan_num_= 0 copy_num_= 0 copy_from_barrier_num_= 0 push_on_mark_stack_num_= 0 read_barrier_num_= 0 copy_launch_object_num_= 0 copy_cold_object_num_= 0 depth_= 0
11-29 01:35:41.909  3631  3644 I tch.android.ap: jiacheng RegionSpace::Debug() Begin()= 0x12c00000 End()= 0x52c00000 launch_region_num= 0 working_set_region_num= 0 cold_region_num= 0 none_region_num= 79 new_region_num= 120
11-29 01:35:41.909  3631  3644 I tch.android.ap: jiacheng MallocSpace::Debug() Begin()= 0x7226b000 End()= 0x722b5000
11-29 01:35:41.909  3631  3644 I tch.android.ap: jiacheng LargeObjectSpace::Debug() Begin()= 0x76077000 End()= 0x96077000
11-29 01:35:41.909  3631  3644 I tch.android.ap: jiacheng force_evacuate_all_= 0
11-29 01:35:41.910  3631  3644 I tch.android.ap: jiacheng ConcurrentCopying::MarkingPhase() GetPerceptibleFlag()= 1
11-29 01:35:42.530  3631  3644 I tch.android.ap: jiacheng CopyingPhase() card_scan_num1= 3472
11-29 01:35:42.776  3631  3644 I tch.android.ap: jiacheng CopyingPhase() card_scan_num1= 23
11-29 01:35:43.314  3631  3644 I tch.android.ap: jiacheng RegionSpace::Debug() Begin()= 0x12c00000 End()= 0x52c00000 launch_region_num= 0 working_set_region_num= 0 cold_region_num= 0 none_region_num= 83 new_region_num= 45
11-29 01:35:43.314  3631  3644 I tch.android.ap: jiacheng MallocSpace::Debug() Begin()= 0x7226b000 End()= 0x722b5000
11-29 01:35:43.314  3631  3644 I tch.android.ap: jiacheng LargeObjectSpace::Debug() Begin()= 0x76077000 End()= 0x96077000
11-29 01:35:43.314  3631  3644 I tch.android.ap: jiacheng ConcurrentCopying::Runphases() End NanoTime()= 285701045333 GetGcType()= GcTypePartial current_iteration->GetGcCause()= Background current_iteration->GetClearSoftReferences()= 0 force_evacuate_all_= 0 background_gen_= 0 young_gen_= 0 current_iteration->GetFreedObjects()= 274207 current_iteration->GetFreedLargeObjects()= 393 current_iteration->GetFreedBytes()(MB)= 23 region_space->GetObjectsAllocated()= 313696 region_space->GetBytesAllocated()= 25 mark_num_= 907224 mark_from_read_barrier_num_= 0 scan_num_= 155559 copy_num_= 48821 copy_from_barrier_num_= 3455 push_on_mark_stack_num_= 85469 read_barrier_num_= 121981 copy_launch_object_num_= 0 copy_cold_object_num_= 0 depth_= 0
11-29 01:35:43.314  3631  3644 I tch.android.ap: jiacheng LogGC() Background concurrent copying GC freed 274207(23MB) AllocSpace objects, 393(10MB) LOS objects, 45% free, 28MB/52MB, paused 255us total 1.405s
11-29 01:35:44.811  3631  3652 I tch.android.ap: jiacheng MutatorWS= 259321 GcWS= 327993
11-29 01:35:45.372  3631  3644 I tch.android.ap: jiacheng ConcurrentCopying::Runphases() Start NanoTime()= 287758364288 GetGcType()= GcTypePartial current_iteration->GetGcCause()= Background current_iteration->GetClearSoftReferences()= 0 force_evacuate_all_= 0 background_gen_= 0 young_gen_= 0 current_iteration->GetFreedObjects()= 0 current_iteration->GetFreedLargeObjects()= 0 current_iteration->GetFreedBytes()(MB)= 0 region_space->GetObjectsAllocated()= 486230 region_space->GetBytesAllocated()= 41 mark_num_= 0 mark_from_read_barrier_num_= 0 scan_num_= 0 copy_num_= 0 copy_from_barrier_num_= 0 push_on_mark_stack_num_= 0 read_barrier_num_= 0 copy_launch_object_num_= 0 copy_cold_object_num_= 0 depth_= 0
11-29 01:35:45.372  3631  3644 I tch.android.ap: jiacheng RegionSpace::Debug() Begin()= 0x12c00000 End()= 0x52c00000 launch_region_num= 0 working_set_region_num= 0 cold_region_num= 0 none_region_num= 83 new_region_num= 123
11-29 01:35:45.372  3631  3644 I tch.android.ap: jiacheng MallocSpace::Debug() Begin()= 0x7226b000 End()= 0x722b5000
11-29 01:35:45.372  3631  3644 I tch.android.ap: jiacheng LargeObjectSpace::Debug() Begin()= 0x76077000 End()= 0x96077000
11-29 01:35:45.372  3631  3644 I tch.android.ap: jiacheng force_evacuate_all_= 0
11-29 01:35:45.372  3631  3644 I tch.android.ap: jiacheng ConcurrentCopying::MarkingPhase() GetPerceptibleFlag()= 1
11-29 01:35:46.004  3631  3644 I tch.android.ap: jiacheng CopyingPhase() card_scan_num1= 3094
11-29 01:35:46.239  3631  3644 I tch.android.ap: jiacheng CopyingPhase() card_scan_num1= 18
11-29 01:35:46.788  3631  3644 I tch.android.ap: jiacheng RegionSpace::Debug() Begin()= 0x12c00000 End()= 0x52c00000 launch_region_num= 0 working_set_region_num= 0 cold_region_num= 0 none_region_num= 82 new_region_num= 45
11-29 01:35:46.788  3631  3644 I tch.android.ap: jiacheng MallocSpace::Debug() Begin()= 0x7226b000 End()= 0x722b5000
11-29 01:35:46.788  3631  3644 I tch.android.ap: jiacheng LargeObjectSpace::Debug() Begin()= 0x76077000 End()= 0x96077000
11-29 01:35:46.788  3631  3644 I tch.android.ap: jiacheng ConcurrentCopying::Runphases() End NanoTime()= 289174520418 GetGcType()= GcTypePartial current_iteration->GetGcCause()= Background current_iteration->GetClearSoftReferences()= 0 force_evacuate_all_= 0 background_gen_= 0 young_gen_= 0 current_iteration->GetFreedObjects()= 279928 current_iteration->GetFreedLargeObjects()= 418 current_iteration->GetFreedBytes()(MB)= 24 region_space->GetObjectsAllocated()= 307597 region_space->GetBytesAllocated()= 24 mark_num_= 901677 mark_from_read_barrier_num_= 0 scan_num_= 155511 copy_num_= 54705 copy_from_barrier_num_= 2799 push_on_mark_stack_num_= 86019 read_barrier_num_= 118153 copy_launch_object_num_= 0 copy_cold_object_num_= 0 depth_= 0
11-29 01:35:46.788  3631  3644 I tch.android.ap: jiacheng LogGC() Background concurrent copying GC freed 279928(24MB) AllocSpace objects, 418(10MB) LOS objects, 47% free, 26MB/50MB, paused 240us total 1.416s
11-29 01:35:47.921  3631  3652 I tch.android.ap: jiacheng MutatorWS= 236734 GcWS= 334283
11-29 01:35:48.986  3631  3644 I tch.android.ap: jiacheng ConcurrentCopying::Runphases() Start NanoTime()= 291372583606 GetGcType()= GcTypePartial current_iteration->GetGcCause()= Background current_iteration->GetClearSoftReferences()= 0 force_evacuate_all_= 0 background_gen_= 0 young_gen_= 0 current_iteration->GetFreedObjects()= 0 current_iteration->GetFreedLargeObjects()= 0 current_iteration->GetFreedBytes()(MB)= 0 region_space->GetObjectsAllocated()= 488258 region_space->GetBytesAllocated()= 43 mark_num_= 0 mark_from_read_barrier_num_= 0 scan_num_= 0 copy_num_= 0 copy_from_barrier_num_= 0 push_on_mark_stack_num_= 0 read_barrier_num_= 0 copy_launch_object_num_= 0 copy_cold_object_num_= 0 depth_= 0
